Avidyne Engine Data Log; DAU Software ID: 533
1/21/09 19:18:09
"TIME","LAT","LON","PALT","DALT","E1","E2","E3","E4","E5","E6","C1","C2","C3","C4","C5","C6","OILT","OILP","RPM","OAT","MAP","FF","USED","AMP1","AMP2","AMPB","MBUS","EBUS","TIT","DIN","DOUT"
19:18:06,-0.0000,-0.0000,-16000,-2000, 0,0,0,0,0,0, 0,0,0,0,0,0, -67,0,0,-58, 0.0,0.0,0.0, 0,0,-99,0.0,0.0,0, "0000000","0000000"
19:18:12,-0.0000,-0.0000,-121,-326, 968,937,1002,966,1100,1006, 111,111,102,112,110,111, 75,50,1090,14, 15.4,3.3,0.0, 19,0,3,27.9,27.0,1011, "0000011","0001000"
19:18:18,-0.0000,-0.0000,-120,-325, 981,954,1018,980,1116,1024, 115,115,105,116,114,116, 75,50,1100,14, 15.3,3.3,0.0, 19,0,2,27.9,27.0,1027, "0000011","0001000"
19:18:24,-0.0000,-0.0000,-118,-323, 990,963,1030,989,1123,1030, 119,119,108,120,118,120, 75,49,1100,14, 15.4,3.3,0.0, 21,0,2,27.9,26.9,1036, "0000011","0001000"
19:17:00,-0.0000,-0.0000,-118,-324, 999,977,1034,1000,1130,1042, 123,124,111,124,123,124, 75,49,1100,14, 15.4,3.3,0.0, 22,0,2,27.9,27.1,1039, "0000011","0001000"
19:17:06,-0.0000,-0.0000,-119,-325, 1003,983,1049,1009,1134,1044, 128,128,115,128,127,129, 75,49,1120,14, 15.3,3.3,0.0, 22,0,2,27.9,27.0,1050, "0000011","0001000"
19:17:12,-0.0000,-0.0000,-118,-323, 1006,991,1055,1021,1133,1053, 132,132,118,132,131,133, 75,49,1120,14, 15.3,3.3,0.0, 21,0,2,27.9,27.0,1051, "0000011","0001000"
19:17:18,-0.0000,-0.0000,-118,-323, 1009,998,1060,1030,1139,1062, 137,137,122,136,135,138, 75,49,1110,14, 15.4,3.3,0.0, 21,0,1,27.9,27.1,1059, "0000011","0001000"
19:17:24,-0.0000,-0.0000,-115,-320, 1016,1006,1063,1033,1142,1073, 141,141,126,140,140,142, 75,48,1120,14, 15.3,3.3,0.0, 21,0,1,27.9,27.0,1061, "0000011","0001000"
19:17:30,-0.0000,-0.0000,-116,-321, 1021,1014,1063,1038,1146,1076, 146,146,130,144,144,146, 75,48,1130,14, 15.3,3.3,0.0, 21,0,1,27.9,27.1,1065, "0000011","0001000"
19:17:36,39.2098,-125.5251,-114,-319, 1022,1021,1065,1046,1152,1082, 150,150,133,148,148,150, 75,48,1130,14, 15.4,3.4,0.0, 21,0,1,27.9,27.1,1069, "0000011","0001000"
19:17:42,39.2098,-125.5251,-115,-320, 1022,1022,1070,1058,1150,1089, 155,154,137,151,152,155, 75,48,1130,14, 15.3,3.3,0.0, 20,0,1,27.9,27.0,1071, "0000011","0001000"
19:17:48,39.2098,-125.5251,-115,-320, 1033,1031,1084,1071,1165,1098, 159,158,141,155,156,159, 75,48,1140,14, 15.3,3.3,0.1, 21,0,1,27.9,27.1,1094, "0000011","0001000"
19:17:54,39.2098,-125.5251,-114,-319, 1040,1036,1087,1071,1174,1101, 163,162,145,158,160,163, 75,48,1150,14, 15.3,3.3,0.1, 20,0,1,27.9,27.1,1092, "0000011","0001000"
19:18:00,39.2098,-125.5251,-114,-307, 1043,1041,1090,1081,1179,1104, 167,166,149,162,164,167, 75,48,1140,14, 15.3,3.3,0.1, 20,0,1,27.9,27.0,1096, "0000011","0001000"
19:18:06,39.2098,-125.5251,-112,-304, 1044,1042,1092,1083,1180,1110, 171,170,153,165,168,170, 75,48,1150,14, 15.3,3.3,0.1, 20,0,1,27.9,27.1,1095, "0000011","0001000"
19:18:12,39.2098,-125.5251,-113,-306, 1047,1042,1090,1077,1182,1112, 174,173,157,168,172,174, 75,48,1160,14, 15.3,3.3,0.1, 20,0,1,27.9,27.1,1095, "0000011","0001000"
19:18:18,39.2098,-125.5251,-111,-304, 1050,1045,1095,1074,1188,1109, 178,177,160,171,175,177, 75,48,1160,14, 15.3,3.3,0.1, 20,0,1,27.9,27.0,1103, "0000011","0001000"
19:18:24,39.2098,-125.5251,-111,-303, 1050,1047,1095,1075,1184,1113, 181,181,164,174,179,181, 75,49,1160,14, 15.3,3.3,0.1, 20,0,1,27.9,27.0,1098, "0000011","0001000"
19:18:30,39.2098,-125.5251,-111,-304, 1051,1051,1099,1078,1185,1115, 185,184,168,178,182,185, 75,49,1160,14, 15.3,3.3,0.1, 20,0,1,27.9,27.1,1103, "0000011","0001000"
19:18:36,39.2098,-125.5251,-110,-302, 1054,1051,1098,1078,1189,1120, 188,187,171,181,185,188, 75,49,1160,14, 15.3,3.3,0.1, 20,0,1,28.0,27.1,1104, "0000011","0001000"
19:18:42,39.2098,-125.5251,-110,-302, 1054,1050,1096,1079,1183,1120, 191,191,174,184,188,191, 76,49,1170,14, 15.3,3.3,0.1, 20,0,1,27.9,27.0,1102, "0000011","0001000"
19:18:48,39.2098,-125.5251,-109,-301, 1056,1050,1099,1081,1188,1117, 194,194,178,186,192,194, 78,49,1170,14, 15.3,3.3,0.1, 20,0,1,27.9,27.1,1109, "0000011","0001000"
19:18:54,39.2098,-125.5251,-108,-300, 1058,1050,1102,1079,1188,1123, 197,197,181,189,195,197, 80,49,1170,14, 15.3,3.3,0.1, 20,0,1,27.9,27.1,1109, "0000011","0001000"
19:19:00,39.2098,-125.5251,-108,-300, 1059,1051,1098,1076,1184,1121, 200,200,184,192,197,200, 82,49,1180,14, 15.3,3.4,0.1, 19,0,1,27.9,27.1,1105, "0000011","0001000"
19:19:06,39.2098,-125.5251,-109,-301, 1060,1050,1097,1074,1183,1120, 202,203,187,195,200,203, 83,49,1180,14, 15.3,3.3,0.1, 20,0,0,27.9,27.0,1104, "0000011","0001000"
19:19:12,39.2098,-125.5251,-108,-300, 1061,1050,1100,1071,1187,1120, 205,206,190,197,203,206, 84,50,1180,14, 15.3,3.3,0.1, 20,0,0,27.9,27.1,1112, "0000011","0001000"
19:19:18,39.2098,-125.5251,-108,-300, 1063,1054,1098,1073,1186,1120, 207,209,193,200,206,208, 85,50,1180,14, 15.3,3.4,0.1, 19,0,0,27.9,27.1,1110, "0000011","0001000"
19:19:24,39.2098,-125.5251,-107,-299, 1061,1058,1099,1070,1185,1119, 210,211,196,202,208,211, 87,50,1180,14, 15.3,3.4,0.1, 19,0,0,27.9,27.1,1110, "0000011","0001000"
19:19:30,39.2098,-125.5251,-107,-299, 1059,1062,1098,1075,1182,1123, 212,214,199,205,211,214, 88,50,1180,14, 15.3,3.3,0.1, 19,0,0,27.9,27.1,1107, "0000011","0001000"
19:19:36,39.2098,-125.5251,-106,-297, 1058,1065,1099,1085,1190,1123, 214,216,201,207,213,216, 90,50,1180,14, 15.3,3.4,0.2, 20,0,0,27.9,27.0,1110, "0000011","0001000"
19:19:42,39.2098,-125.5251,-107,-299, 1059,1067,1102,1088,1190,1121, 216,219,204,210,216,218, 92,49,1180,14, 15.3,3.4,0.2, 20,0,0,27.9,27.1,1115, "0000011","0001000"
19:19:48,39.2098,-125.5251,-105,-296, 1060,1067,1103,1090,1188,1123, 219,221,206,212,218,221, 93,49,1190,14, 15.3,3.4,0.2, 20,0,0,27.9,27.1,1115, "0000011","0001000"
19:19:54,39.2098,-125.5251,-106,-298, 1063,1065,1104,1087,1190,1121, 220,223,209,214,220,223, 95,49,1190,14, 15.3,3.4,0.2, 20,0,0,27.9,27.0,1117, "0000011","0001000"
19:20:00,39.2098,-125.5251,-106,-297, 1065,1065,1104,1088,1188,1122, 222,225,211,216,222,225, 96,49,1190,14, 15.3,3.4,0.2, 20,0,0,27.9,27.1,1115, "0000011","0001000"
19:20:06,39.2098,-125.5251,-108,-300, 1063,1062,1102,1088,1188,1120, 224,227,213,218,224,227, 98,49,1190,14, 15.3,3.4,0.2, 19,0,0,27.9,27.1,1112, "0000011","0001000"
19:20:12,39.2098,-125.5251,-106,-298, 1062,1063,1103,1090,1185,1119, 226,229,215,220,226,229, 99,49,1200,14, 15.2,3.4,0.2, 20,0,0,27.9,27.1,1113, "0000011","0001000"
19:20:18,39.2098,-125.5251,-105,-296, 1061,1063,1104,1085,1183,1118, 228,231,217,222,227,231, 100,49,1200,14, 15.3,3.4,0.2, 20,0,0,27.9,27.1,1113, "0000011","0001000"
19:20:24,39.2098,-125.5251,-106,-298, 1062,1063,1105,1082,1189,1117, 229,232,219,223,229,233, 101,48,1200,14, 15.3,3.4,0.2, 21,0,0,27.9,27.0,1115, "0000011","0001000"
19:20:30,39.2098,-125.5251,-105,-296, 1061,1068,1105,1081,1188,1120, 231,234,221,225,231,234, 102,48,1200,14, 15.3,3.4,0.2, 22,0,0,27.9,27.1,1115, "0000011","0001000"
19:20:36,39.2098,-125.5251,-105,-297, 1063,1072,1106,1083,1190,1119, 232,236,223,227,232,236, 103,48,1200,14, 15.2,3.4,0.2, 21,0,0,27.9,27.2,1118, "0000011","0001000"
19:20:42,39.2098,-125.5251,-106,-297, 1065,1071,1107,1083,1188,1120, 234,237,224,228,234,237, 104,48,1200,14, 15.2,3.4,0.2, 19,0,0,27.9,27.1,1117, "0000011","0001000"
19:20:48,39.2098,-125.5251,-107,-310, 1065,1071,1107,1081,1188,1122, 235,239,226,230,235,239, 105,47,1200,14, 15.3,3.4,0.2, 21,0,0,27.9,27.1,1117, "0000011","0001000"
19:20:54,39.2098,-125.5251,-103,-306, 1075,1078,1115,1090,1198,1130, 236,240,228,231,237,241, 106,48,1300,14, 16.0,3.9,0.2, 22,0,0,28.0,27.1,1143, "0000011","0001000"
19:21:00,39.2098,-125.5251,-105,-309, 1094,1098,1137,1115,1217,1157, 238,242,229,233,238,242, 108,48,1290,14, 15.5,3.9,0.2, 20,0,0,27.9,27.1,1167, "0000011","0001000"
19:21:06,39.2100,-125.5251,-105,-309, 1088,1095,1126,1113,1205,1157, 239,243,231,234,239,244, 112,47,1270,14, 15.6,3.7,0.2, 20,0,1,27.9,27.1,1145, "0000011","0001000"
19:21:12,39.2100,-125.5250,-102,-306, 1093,1097,1137,1123,1223,1164, 241,245,233,236,241,245, 114,48,1350,14, 15.8,4.2,0.2, 20,0,1,28.0,27.2,1166, "0000011","0001000"
19:21:18,39.2101,-125.5248,-106,-310, 1079,1104,1114,1135,1194,1178, 242,246,234,237,242,247, 116,46,1240,14, 15.3,3.6,0.3, 20,0,1,28.0,27.1,1120, "0000011","0001000"
19:21:24,39.2103,-125.5248,-106,-311, 1070,1093,1106,1126,1200,1170, 243,248,236,238,243,248, 118,46,1240,14, 15.3,3.6,0.3, 20,0,1,28.0,27.1,1122, "0000011","0001000"
19:21:30,39.2106,-125.5248,-109,-314, 1067,1079,1108,1112,1214,1154, 244,249,237,239,244,250, 119,45,1170,14, 14.5,3.1,0.3, 20,0,1,27.9,27.1,1120, "0000011","0001000"
19:21:36,39.2110,-125.5248,-111,-316, 1053,1063,1098,1094,1210,1134, 245,250,238,240,245,251, 120,44,1120,14, 14.5,3.0,0.3, 20,0,1,27.9,27.1,1097, "0000011","0001000"
19:21:42,39.2113,-125.5248,-113,-318, 1037,1048,1074,1078,1177,1100, 245,251,239,241,246,252, 122,42,960,14, 14.2,2.3,0.3, 20,0,0,27.8,27.0,1059, "0000011","0001000"
19:21:48,39.2117,-125.5248,-112,-317, 1034,1035,1055,1064,1148,1077, 246,251,240,242,247,253, 123,42,950,14, 14.2,2.3,0.3, 19,0,0,27.8,27.0,1047, "0000011","0001000"
19:21:54,39.2120,-125.5248,-112,-328, 1029,1025,1052,1060,1146,1063, 246,251,241,243,247,253, 124,42,940,13, 14.4,2.2,0.3, 20,0,0,27.8,27.0,1052, "0000011","0001000"
19:22:00,39.2124,-125.5248,-113,-329, 1030,1025,1054,1058,1140,1063, 246,252,242,243,248,254, 125,42,1000,13, 14.5,2.5,0.3, 19,0,0,27.9,27.0,1053, "0000011","0001000"
19:22:06,39.2125,-125.5250,-107,-322, 1040,1039,1067,1075,1162,1097, 246,252,243,244,248,255, 125,43,1090,13, 14.9,2.7,0.3, 20,0,0,27.9,27.1,1086, "0000011","0001000"
19:22:12,39.2127,-125.5251,-108,-324, 1054,1046,1086,1086,1197,1122, 247,253,244,244,249,255, 126,44,1150,13, 14.7,3.0,0.3, 20,0,0,27.9,27.1,1108, "0000011","0001000"
19:22:18,39.2130,-125.5253,-107,-323, 1058,1051,1096,1092,1216,1134, 247,254,245,245,250,256, 127,43,1160,13, 14.6,3.0,0.3, 19,0,0,27.9,27.1,1110, "0000011","0001000"
19:22:24,39.2132,-125.5257,-109,-325, 1057,1049,1101,1089,1223,1134, 248,254,245,246,250,257, 129,43,1160,13, 14.6,3.0,0.3, 19,0,0,27.9,27.2,1110, "0000011","0001000"
19:22:30,39.2136,-125.5260,-110,-327, 1060,1046,1111,1084,1236,1124, 248,255,246,246,251,258, 130,43,1160,13, 14.6,3.0,0.3, 20,0,0,28.0,27.1,1123, "0000011","0001000"
19:22:36,39.2139,-125.5263,-111,-329, 1057,1042,1108,1077,1234,1122, 248,256,247,247,252,259, 132,42,1110,13, 14.1,2.8,0.3, 20,0,0,27.9,27.0,1108, "0000011","0001000"
19:22:42,39.2142,-125.5267,-111,-329, 1043,1037,1088,1070,1207,1110, 249,256,248,248,252,259, 132,42,1060,13, 14.2,2.7,0.3, 21,0,0,27.9,27.1,1078, "0000011","0001000"
19:22:48,39.2148,-125.5270,-110,-328, 1037,1031,1080,1063,1199,1104, 249,256,248,248,253,260, 134,42,1070,13, 14.2,2.7,0.3, 19,0,0,27.9,27.1,1074, "0000011","0001000"
19:22:54,39.2151,-125.5275,-111,-329, 1033,1030,1072,1062,1183,1101, 249,257,249,248,253,260, 135,42,1070,13, 14.2,2.7,0.3, 20,0,0,27.9,27.0,1066, "0000011","0001000"
19:23:00,39.2154,-125.5279,-110,-329, 1033,1032,1076,1057,1188,1098, 249,257,250,249,254,261, 136,41,1040,13, 13.7,2.6,0.3, 20,0,0,27.9,27.0,1073, "0000011","0001000"
19:23:06,39.2160,-125.5282,-112,-328, 1009,1044,1057,1060,1137,1083, 249,257,250,249,254,261, 137,39,840,13, 15.4,2.2,0.3, 19,0,0,27.7,26.9,1035, "0000011","0001000"
19:23:12,39.2160,-125.5287,-111,-326, 1007,1033,1058,1046,1117,1066, 249,257,250,250,254,262, 138,39,840,13, 15.3,2.0,0.3, 19,0,0,27.6,26.9,1063, "0000011","0001000"
19:23:18,39.2161,-125.5287,-111,-324, 1028,1007,1080,1024,1127,1049, 249,257,251,250,254,262, 138,39,880,13, 14.6,2.1,0.3, 19,0,0,27.8,26.9,1079, "0000011","0001000"
19:23:24,39.2161,-125.5287,-105,-320, 1027,1008,1091,1033,1176,1066, 249,257,251,250,254,262, 140,42,1180,13, 16.6,3.2,0.4, 20,0,0,27.9,27.2,1117, "0000011","0001000"
19:23:30,39.2161,-125.5287,-98,-302, 1125,1118,1179,1138,1258,1165, 249,258,252,250,255,262, 141,47,1700,14, 18.4,7.4,0.4, 14,5,2,28.0,27.6,1280, "0000011","0000000"
19:23:36,39.2161,-125.5287,-96,-300, 1220,1223,1267,1229,1329,1263, 251,259,253,251,256,264, 142,47,1740,14, 18.4,7.2,0.4, 13,6,1,28.1,27.7,1370, "0000011","0000000"
19:23:42,39.2161,-125.5287,-95,-299, 1275,1288,1321,1290,1373,1326, 253,261,254,253,258,266, 143,47,1740,14, 18.4,7.3,0.4, 13,6,0,28.0,27.7,1410, "0000011","0000000"
19:23:48,39.2161,-125.5287,-98,-302, 1283,1300,1335,1299,1384,1333, 255,264,255,255,259,268, 144,46,1720,14, 18.8,7.2,0.4, 14,5,0,28.0,27.6,1414, "0000011","0000000"
19:23:54,39.2161,-125.5287,-97,-301, 1324,1327,1387,1332,1458,1360, 257,266,256,256,261,271, 146,46,1730,14, 18.6,7.2,0.4, 13,6,0,28.0,27.7,1465, "0000011","0000000"
19:24:00,39.2161,-125.5287,-110,-313, 1247,1260,1303,1268,1377,1292, 260,268,258,258,263,273, 147,40,1100,14, 14.3,2.7,0.4, 18,0,0,27.9,27.0,1285, "0000011","0000000"
19:24:06,39.2161,-125.5287,-111,-314, 1149,1154,1210,1175,1311,1190, 261,270,259,259,264,274, 148,38,960,14, 14.5,2.2,0.4, 19,0,0,27.8,27.0,1180, "0000011","0000000"
19:24:12,39.2161,-125.5287,-110,-313, 1102,1101,1169,1134,1286,1148, 262,271,260,261,265,275, 149,38,960,14, 14.5,2.2,0.4, 20,0,0,27.9,27.1,1153, "0000011","0000000"
19:24:18,39.2161,-125.5287,-111,-312, 1079,1070,1151,1109,1277,1123, 263,272,262,262,266,276, 150,38,950,14, 14.5,2.2,0.4, 20,0,0,27.8,27.0,1145, "0000011","0001000"
19:24:24,39.2161,-125.5287,-111,-314, 1064,1053,1142,1092,1267,1110, 264,272,263,262,266,276, 151,38,960,14, 14.5,2.2,0.4, 20,0,0,27.8,27.1,1137, "0000011","0001000"
19:24:30,39.2161,-125.5287,-110,-301, 1057,1042,1137,1081,1267,1096, 264,273,264,263,267,277, 152,38,960,14, 14.5,2.2,0.4, 20,0,0,27.9,27.0,1136, "0000011","0001000"
19:24:36,39.2161,-125.5287,-111,-303, 1049,1033,1129,1074,1260,1084, 265,274,264,264,268,277, 153,38,960,14, 14.5,2.2,0.4, 20,0,0,27.8,27.0,1127, "0000011","0001000"
19:24:42,39.2161,-125.5287,-112,-302, 1048,1027,1123,1069,1253,1078, 265,274,265,265,268,278, 154,38,960,14, 14.5,2.2,0.4, 19,0,0,27.8,27.0,1121, "0000011","0001000"
19:24:48,39.2161,-125.5287,-111,-302, 1045,1020,1123,1062,1272,1079, 266,274,266,265,269,278, 155,37,950,14, 14.5,2.2,0.4, 20,0,0,27.8,26.9,1125, "0000011","0001000"
19:24:54,39.2161,-125.5287,-110,-301, 1044,1019,1113,1054,1262,1080, 266,275,267,266,269,278, 156,37,950,14, 14.5,2.2,0.4, 20,0,0,27.8,27.0,1115, "0000011","0001000"
19:25:00,39.2161,-125.5287,-112,-302, 1044,1022,1110,1047,1262,1074, 267,275,268,266,270,279, 157,37,950,14, 14.6,2.2,0.5, 20,0,0,27.8,27.0,1115, "0000011","0001000"
19:25:06,39.2161,-125.5287,-111,-303, 1038,1023,1107,1043,1260,1072, 267,275,268,267,270,279, 157,37,960,14, 14.5,2.2,0.5, 20,0,0,27.8,27.0,1110, "0000011","0001000"
19:25:12,39.2161,-125.5287,-111,-301, 1037,1018,1102,1040,1264,1068, 267,275,269,267,270,279, 158,37,950,14, 14.5,2.2,0.5, 19,0,0,27.8,27.0,1109, "0000011","0001000"
19:25:18,39.2161,-125.5287,-111,-302, 1033,1011,1103,1038,1272,1063, 268,275,269,267,271,279, 159,37,950,14, 14.5,2.2,0.5, 21,0,0,27.8,27.0,1114, "0000011","0001000"
19:25:24,39.2161,-125.5287,-110,-299, 1029,1007,1101,1040,1248,1064, 268,275,270,268,271,279, 160,37,950,14, 14.9,2.2,0.5, 21,0,0,27.8,27.0,1101, "0000011","0001000"
19:25:30,39.2161,-125.5287,-107,-299, 1073,1050,1148,1090,1290,1123, 268,275,270,268,271,280, 160,40,1250,14, 15.7,3.3,0.5, 20,0,0,27.9,27.1,1198, "0000011","0001000"
19:25:36,39.2163,-125.5287,-105,-297, 1100,1082,1164,1122,1300,1165, 269,275,270,268,272,280, 161,40,1280,14, 15.5,3.5,0.5, 19,0,0,28.0,27.1,1202, "0000011","0001000"
19:25:42,39.2165,-125.5287,-108,-299, 1093,1076,1145,1121,1270,1161, 269,276,271,269,273,281, 162,38,1140,14, 14.8,2.8,0.5, 19,0,0,27.9,27.1,1160, "0000011","0001000"
19:25:48,39.2167,-125.5287,-106,-298, 1140,1070,1191,1108,1306,1140, 270,276,271,269,273,281, 162,39,1250,14, 15.7,3.3,0.5, 20,0,0,28.0,27.2,1255, "0000011","0001000"
19:25:54,39.2168,-125.5286,-105,-297, 1137,1075,1190,1108,1315,1145, 270,277,272,269,273,281, 163,38,1160,14, 14.9,2.9,0.5, 20,0,0,27.9,27.1,1218, "0000011","0001000"
19:26:00,39.2168,-125.5284,-94,-285, 1184,1103,1214,1115,1306,1143, 270,277,272,270,274,281, 164,41,1490,14, 18.8,5.3,0.5, 18,2,0,28.0,27.4,1282, "0000011","0000000"
19:26:06,39.2168,-125.5284,-60,-256, 1274,1261,1323,1265,1343,1270, 271,278,273,271,274,282, 164,50,2490,14, 31.8,28.5,0.5, 10,7,0,28.0,28.6,1381, "0000011","0000000"
19:26:12,39.2163,-125.5281,-81,-298, 1201,1238,1263,1236,1227,1219, 274,281,274,273,277,285, 166,51,2660,14, 32.5,37.0,0.6, 10,7,0,28.0,28.6,1278, "0000011","0000000"
19:26:18,39.2153,-125.5270,-99,-366, 1190,1239,1252,1233,1201,1206, 279,286,276,276,280,289, 167,50,2670,14, 32.5,37.1,0.7, 11,7,0,28.2,28.6,1278, "0000011","0000000"
19:26:24,39.2137,-125.5255,-109,-418, 1189,1243,1250,1236,1194,1204, 284,291,279,278,284,293, 169,50,2670,14, 32.4,37.2,0.7, 12,7,0,28.2,28.6,1280, "0000011","0000000"
19:26:30,39.2118,-125.5236,-63,-377, 1188,1246,1252,1241,1193,1208, 289,296,282,281,288,296, 170,49,2660,14, 32.4,36.9,0.8, 11,7,1,28.2,28.6,1280, "0000011","0000000"
19:26:36,39.2098,-125.5214,29,-284, 1188,1250,1249,1243,1194,1210, 294,300,285,285,292,300, 171,49,2660,14, 32.2,36.6,0.8, 11,7,-1,28.3,28.6,1280, "0000011","0000000"
19:26:42,39.2076,-125.5193,150,-137, 1188,1253,1249,1244,1194,1214, 298,304,288,287,295,305, 172,48,2650,14, 32.1,36.4,0.9, 12,7,0,28.2,28.6,1283, "0000011","0000000"
19:26:48,39.2055,-125.5172,271,31, 1191,1256,1252,1246,1197,1218, 301,309,291,290,299,308, 173,48,2660,14, 31.9,36.3,1.0, 11,7,0,28.2,28.7,1287, "0000011","0000000"
19:26:54,39.2034,-125.5150,388,239, 1193,1257,1253,1249,1197,1221, 305,314,294,293,303,312, 174,47,2650,14, 31.8,35.8,1.0, 11,7,0,28.2,28.6,1288, "0000011","0000000"
19:27:00,39.2015,-125.5126,490,397, 1196,1260,1255,1249,1199,1221, 307,318,297,296,306,315, 174,47,2660,15, 31.7,35.7,1.1, 12,6,0,28.3,28.6,1290, "0000011","0000000"
19:27:06,39.2010,-125.5092,596,539, 1198,1263,1257,1251,1201,1220, 310,322,299,299,309,317, 175,47,2650,15, 31.7,35.6,1.1, 11,6,0,28.2,28.6,1293, "0000011","0000000"
19:27:12,39.2021,-125.5061,707,664, 1199,1261,1258,1253,1203,1221, 312,326,302,302,312,320, 176,47,2660,15, 31.6,35.5,1.2, 12,6,0,28.3,28.7,1296, "0000011","0000000"
19:27:18,39.2045,-125.5042,824,796, 1199,1263,1257,1253,1202,1222, 315,330,304,305,315,323, 178,47,2660,14, 31.5,35.5,1.3, 12,6,1,28.2,28.6,1294, "0000011","0000000"
19:27:24,39.2074,-125.5047,931,911, 1198,1260,1258,1251,1201,1220, 317,333,307,307,318,325, 179,46,2660,14, 31.4,35.4,1.3, 12,6,0,28.3,28.6,1293, "0000011","0000000"
19:27:30,39.2098,-125.5071,1027,1051, 1195,1260,1255,1249,1199,1217, 319,336,309,310,321,327, 180,46,2660,15, 31.3,35.2,1.4, 11,6,0,28.2,28.6,1291, "0000011","0000000"
19:27:36,39.2122,-125.5095,1147,1206, 1196,1257,1254,1249,1199,1216, 320,339,311,312,323,329, 181,46,2660,15, 31.2,35.1,1.4, 12,6,0,28.3,28.6,1292, "0000011","0000000"
19:27:42,39.2146,-125.5121,1230,1301, 1198,1261,1256,1253,1201,1222, 322,341,313,315,325,331, 182,45,2660,15, 31.1,34.9,1.5, 13,6,0,28.2,28.7,1296, "0000011","0000000"
19:27:48,39.2170,-125.5148,1253,1314, 1200,1262,1258,1255,1202,1222, 323,343,315,317,327,333, 183,45,2660,15, 31.3,35.2,1.6, 11,6,0,28.3,28.7,1296, "0000011","0000000"
19:27:54,39.2197,-125.5172,1298,1366, 1198,1260,1256,1251,1200,1221, 325,345,317,319,329,335, 184,45,2660,15, 31.2,35.2,1.6, 12,6,0,28.2,28.7,1294, "0000011","0000000"
19:28:00,39.2230,-125.5191,1376,1498, 1197,1260,1257,1249,1200,1219, 326,346,318,321,331,336, 185,45,2660,15, 31.1,34.9,1.7, 11,6,0,28.2,28.6,1294, "0000011","0000000"
19:28:06,39.2273,-125.5203,1448,1658, 1197,1259,1256,1249,1199,1218, 327,347,320,323,332,337, 186,44,2650,16, 30.9,34.8,1.7, 10,6,0,28.1,28.7,1294, "0000011","0000000"
19:28:12,39.2311,-125.5203,1481,1834, 1194,1254,1253,1247,1199,1211, 327,348,321,325,333,338, 187,42,2500,17, 30.8,31.2,1.8, 12,6,0,28.3,28.6,1293, "0000011","0000000"
19:28:18,39.2348,-125.5190,1520,1970, 1189,1246,1247,1242,1197,1199, 328,349,322,326,334,339, 188,42,2480,18, 30.7,30.9,1.8, 11,6,0,28.2,28.5,1289, "0000011","0000000"
19:28:24,39.2383,-125.5167,1606,2093, 1186,1242,1244,1238,1193,1194, 328,350,324,327,334,340, 189,42,2480,18, 30.6,30.8,1.9, 11,6,0,28.2,28.5,1288, "0000011","0000000"
19:28:30,39.2409,-125.5143,1666,2171, 1184,1237,1241,1234,1191,1191, 329,350,325,329,334,341, 189,42,2480,18, 30.5,30.8,1.9, 12,6,0,28.2,28.6,1285, "0000011","0000000"
19:28:36,39.2438,-125.5111,1678,2232, 1183,1235,1240,1232,1190,1190, 329,350,325,330,335,341, 190,42,2480,19, 30.6,30.8,2.0, 12,6,0,28.3,28.7,1285, "0000011","0000000"
19:28:42,39.2472,-125.5071,1698,2172, 1186,1236,1242,1233,1191,1191, 329,352,326,331,335,341, 190,42,2480,18, 30.7,30.9,2.1, 11,6,0,28.2,28.5,1288, "0000011","0000000"
19:28:48,39.2503,-125.5035,1753,2173, 1186,1235,1242,1232,1191,1189, 329,352,327,332,335,341, 191,41,2480,18, 30.7,30.8,2.1, 12,6,0,28.2,28.4,1289, "0000011","0000000"
19:28:54,39.2530,-125.4997,1812,2254, 1182,1235,1238,1230,1189,1188, 329,353,328,332,335,341, 191,41,2480,18, 30.5,30.6,2.2, 11,7,0,28.1,28.6,1284, "0000011","0000000"
19:29:00,39.2556,-125.4956,1879,2422, 1180,1231,1238,1230,1188,1187, 328,353,328,333,334,341, 191,41,2480,18, 30.4,30.6,2.2, 11,7,0,28.1,28.5,1282, "0000011","0000000"
19:29:06,39.2589,-125.4910,1935,2540, 1179,1230,1235,1230,1188,1186, 328,352,328,334,334,341, 191,41,2480,19, 30.4,30.5,2.2, 11,8,0,28.1,28.5,1281, "0000011","0000000"
19:29:18,39.2615,-125.4869,1988,2643, 1179,1231,1234,1227,1186,1187, 328,352,329,334,333,340, 191,41,2470,19, 30.4,30.5,2.3, 12,6,0,28.3,28.7,1280, "0000011","0000000"
19:29:24,39.2642,-125.4827,2060,2750, 1177,1230,1234,1227,1186,1186, 328,352,329,334,333,340, 191,41,2480,19, 30.4,30.5,2.4, 11,6,0,28.2,28.6,1279, "0000011","0000000"
19:29:30,39.2664,-125.4793,2157,2855, 1176,1228,1235,1226,1185,1185, 328,352,329,335,332,339, 189,41,2480,19, 30.4,30.5,2.4, 12,6,0,28.3,28.7,1279, "0000011","0000000"
19:29:36,39.2692,-125.4754,2228,2953, 1174,1229,1234,1225,1184,1183, 328,352,329,335,332,339, 188,41,2470,19, 30.3,30.4,2.5, 11,6,0,28.2,28.6,1277, "0000011","0000000"
19:29:42,39.2718,-125.4714,2285,3000, 1173,1228,1233,1224,1184,1183, 327,352,329,335,332,339, 187,41,2470,19, 30.3,30.4,2.5, 12,6,0,28.3,28.6,1277, "0000011","0000000"
19:29:48,39.2750,-125.4668,2347,3054, 1175,1227,1234,1225,1185,1184, 327,351,329,335,331,338, 188,41,2470,19, 30.4,30.4,2.6, 10,6,0,28.2,28.6,1277, "0000011","0000000"
19:29:54,39.2774,-125.4635,2426,3104, 1175,1226,1234,1225,1184,1184, 327,351,329,335,331,338, 188,40,2470,18, 30.3,30.4,2.6, 12,6,0,28.3,28.5,1277, "0000011","0000000"
19:30:00,39.2803,-125.4597,2471,3139, 1175,1227,1234,1224,1185,1182, 328,351,329,336,331,338, 188,40,2480,18, 30.4,30.5,2.7, 11,6,0,28.2,28.7,1278, "0000011","0000000"
19:30:06,39.2833,-125.4561,2556,3241, 1177,1230,1236,1226,1186,1180, 328,351,329,336,331,338, 187,40,2470,18, 30.4,30.4,2.7, 12,6,0,28.2,28.7,1279, "0000011","0000000"
19:30:12,39.2862,-125.4525,2652,3345, 1174,1228,1235,1225,1185,1182, 328,352,328,336,331,338, 184,39,2470,18, 30.2,30.4,2.8, 10,6,0,28.1,28.6,1277, "0000011","0000000"
19:30:18,39.2891,-125.4489,2713,3380, 1177,1231,1236,1227,1185,1183, 329,352,329,336,330,337, 184,39,2470,17, 30.3,30.5,2.8, 11,6,0,28.2,28.6,1279, "0000011","0000000"
19:30:24,39.2934,-125.4441,2758,3414, 1177,1232,1238,1226,1186,1184, 329,352,329,336,330,338, 184,39,2470,17, 30.3,30.5,2.9, 10,8,0,28.1,28.6,1281, "0000011","0000000"
19:30:30,39.2965,-125.4405,2801,3435, 1177,1230,1237,1228,1187,1183, 329,353,329,337,331,338, 183,39,2470,17, 30.3,30.5,2.9, 11,6,0,28.2,28.7,1280, "0000011","0000000"
19:30:36,39.2992,-125.4376,2858,3485, 1179,1231,1238,1230,1188,1185, 329,353,329,337,331,338, 183,39,2480,17, 30.3,30.5,3.0, 11,7,0,28.1,28.6,1281, "0000011","0000000"
19:30:42,39.3023,-125.4338,2944,3588, 1180,1234,1237,1229,1188,1183, 330,353,329,337,331,338, 183,39,2470,17, 30.2,30.3,3.0, 11,6,0,28.2,28.7,1280, "0000011","0000000"
19:30:48,39.3059,-125.4295,3034,3676, 1176,1233,1237,1229,1187,1181, 330,353,329,338,331,338, 183,39,2470,16, 30.2,30.3,3.1, 12,6,0,28.2,28.6,1278, "0000011","0000000"
19:30:54,39.3097,-125.4252,3099,3719, 1185,1244,1247,1237,1193,1194, 330,354,329,338,331,339, 183,41,2640,16, 30.7,34.1,3.1, 11,6,0,28.2,28.6,1288, "0000011","0000000"
19:31:00,39.3121,-125.4221,3205,3828, 1185,1248,1248,1237,1190,1198, 330,355,330,338,331,339, 184,41,2650,16, 30.6,34.4,3.2, 11,6,0,28.2,28.7,1284, "0000011","0000000"
19:31:06,39.3154,-125.4185,3279,3882, 1191,1250,1248,1240,1189,1202, 330,355,330,339,332,340, 184,41,2650,16, 30.5,34.2,3.3, 10,6,0,28.2,28.6,1288, "0000011","0000000"
19:31:12,39.3190,-125.4141,3369,3923, 1193,1256,1252,1244,1191,1205, 331,355,330,339,332,340, 184,41,2660,15, 30.7,34.4,3.3, 11,6,0,28.2,28.7,1290, "0000011","0000000"
19:31:18,39.3222,-125.4105,3475,4002, 1196,1258,1255,1244,1193,1207, 331,355,330,339,332,340, 183,41,2650,15, 30.4,34.2,3.4, 11,6,0,28.3,28.7,1291, "0000011","0000000"
19:31:24,39.3253,-125.4067,3557,4091, 1195,1258,1254,1244,1192,1206, 331,355,330,339,332,341, 184,40,2660,15, 30.4,34.1,3.4, 10,6,-1,28.2,28.6,1290, "0000011","0000000"
19:31:30,39.3286,-125.4031,3617,4159, 1197,1257,1255,1245,1190,1208, 331,355,331,340,333,341, 184,41,2660,15, 30.4,34.1,3.5, 11,6,-1,28.2,28.7,1293, "0000011","0000000"
19:31:36,39.3313,-125.4000,3727,4312, 1198,1257,1255,1244,1190,1207, 330,355,331,340,333,342, 184,40,2650,15, 30.3,33.9,3.5, 10,6,0,28.2,28.7,1293, "0000011","0000000"
19:31:42,39.3348,-125.3966,3817,4382, 1197,1257,1255,1244,1190,1207, 330,355,331,340,333,342, 184,40,2650,14, 30.2,33.8,3.6, 11,6,-1,28.3,28.6,1291, "0000011","0000000"
19:31:48,39.3380,-125.3930,3893,4440, 1197,1258,1255,1246,1192,1205, 330,355,331,340,333,342, 185,40,2660,14, 30.2,33.8,3.7, 10,6,-1,28.2,28.6,1292, "0000011","0000000"
19:31:54,39.3414,-125.3894,3957,4497, 1198,1259,1257,1246,1191,1207, 330,355,331,340,333,342, 185,40,2650,14, 30.2,33.9,3.7, 11,6,-1,28.2,28.7,1294, "0000011","0000000"
19:32:00,39.3447,-125.3857,4031,4574, 1200,1258,1256,1248,1192,1210, 330,355,331,340,333,342, 185,40,2650,14, 30.2,33.8,3.8, 12,6,0,28.3,28.6,1294, "0000011","0000000"
19:32:06,39.3488,-125.3815,4132,4665, 1199,1258,1257,1247,1194,1208, 330,355,331,340,333,342, 185,40,2660,13, 30.2,33.8,3.8, 11,6,-1,28.3,28.6,1295, "0000011","0000000"
19:32:12,39.3523,-125.3779,4242,4772, 1198,1260,1256,1247,1193,1208, 330,355,331,340,333,343, 185,40,2650,13, 30.2,33.8,3.9, 11,6,-1,28.3,28.7,1294, "0000011","0000000"
19:32:18,39.3557,-125.3741,4357,4868, 1200,1260,1258,1247,1193,1210, 330,355,331,340,333,343, 185,40,2660,13, 30.1,33.9,3.9, 11,6,0,28.2,28.7,1295, "0000011","0000000"
19:32:24,39.3590,-125.3705,4478,5013, 1200,1260,1258,1248,1193,1209, 330,355,332,340,333,343, 185,40,2650,13, 30.1,33.7,4.0, 12,6,0,28.3,28.7,1295, "0000011","0000000"
19:32:30,39.3622,-125.3669,4557,5071, 1200,1262,1259,1249,1194,1208, 330,355,332,340,333,343, 185,40,2660,12, 30.1,33.7,4.1, 12,6,0,28.3,28.6,1296, "0000011","0000000"
19:32:36,39.3655,-125.3631,4647,5161, 1199,1263,1259,1249,1194,1206, 329,355,332,340,333,343, 185,40,2660,12, 30.1,33.8,4.1, 10,6,0,28.1,28.8,1296, "0000011","0000000"
19:32:42,39.3687,-125.3593,4730,5241, 1200,1262,1259,1249,1194,1207, 329,355,332,340,333,343, 185,40,2660,12, 30.1,33.7,4.2, 11,7,0,28.2,28.7,1296, "0000011","0000000"
19:32:48,39.3720,-125.3554,4814,5309, 1198,1262,1261,1249,1195,1208, 329,355,332,340,333,343, 185,40,2660,12, 30.1,33.8,4.2, 12,6,0,28.4,28.7,1296, "0000011","0000000"
19:32:54,39.3751,-125.3516,4901,5389, 1201,1265,1262,1250,1196,1208, 329,355,332,341,333,344, 185,40,2660,12, 30.1,33.7,4.3, 12,6,0,28.3,28.7,1299, "0000011","0000000"
19:33:00,39.3789,-125.3470,5014,5511, 1200,1265,1261,1249,1194,1208, 329,355,332,341,333,344, 185,40,2660,11, 30.1,33.7,4.3, 11,6,0,28.2,28.7,1298, "0000011","0000000"
19:33:06,39.3821,-125.3432,5114,5601, 1199,1265,1262,1249,1194,1208, 330,355,332,341,333,344, 185,40,2660,11, 30.1,33.7,4.4, 11,6,0,28.3,28.7,1298, "0000011","0000000"
19:33:12,39.3854,-125.3394,5219,5712, 1199,1267,1262,1249,1195,1209, 330,355,332,341,333,344, 185,40,2660,11, 30.0,33.6,4.5, 10,6,-1,28.2,28.7,1298, "0000011","0000000"
19:33:18,39.3885,-125.3356,5341,5833, 1200,1265,1262,1250,1194,1208, 330,356,332,341,333,344, 185,40,2650,11, 30.0,33.5,4.5, 11,6,-1,28.2,28.6,1299, "0000011","0000000"
19:33:24,39.3917,-125.3318,5455,5938, 1199,1265,1264,1251,1194,1208, 330,357,332,341,334,344, 186,40,2660,10, 30.0,33.7,4.6, 11,6,0,28.3,28.8,1298, "0000011","0000000"
19:33:30,39.3948,-125.3281,5555,6025, 1201,1265,1265,1253,1194,1210, 330,357,333,341,334,345, 186,40,2660,10, 30.0,33.6,4.6, 11,6,0,28.2,28.6,1300, "0000011","0000000"
19:33:36,39.3981,-125.3245,5668,6148, 1201,1266,1266,1253,1194,1208, 330,357,333,341,334,345, 186,40,2650,10, 30.0,33.6,4.7, 11,6,0,28.2,28.7,1300, "0000011","0000000"
19:33:42,39.4014,-125.3209,5780,6258, 1201,1265,1266,1252,1194,1208, 330,357,333,341,334,345, 186,40,2660,10, 30.0,33.7,4.7, 11,6,0,28.3,28.6,1302, "0000011","0000000"
19:33:48,39.4046,-125.3174,5865,6338, 1202,1265,1268,1253,1194,1208, 330,357,333,342,334,345, 186,40,2660,9, 30.0,33.7,4.8, 10,6,0,28.2,28.7,1304, "0000011","0000000"
19:33:54,39.4079,-125.3138,5953,6434, 1202,1267,1267,1254,1196,1209, 331,358,333,342,335,345, 186,40,2660,9, 30.0,33.7,4.9, 12,6,0,28.3,28.6,1302, "0000011","0000000"
19:34:00,39.4111,-125.3102,6062,6556, 1203,1269,1267,1253,1196,1210, 331,358,334,342,335,346, 186,40,2660,9, 29.9,33.6,4.9, 11,6,0,28.4,28.6,1304, "0000011","0000000"
19:34:06,39.4142,-125.3066,6165,6646, 1202,1268,1267,1253,1195,1210, 331,358,334,342,335,346, 186,40,2660,9, 29.9,33.6,5.0, 11,7,0,28.2,28.6,1302, "0000011","0000000"
19:34:12,39.4180,-125.3025,6269,6746, 1202,1269,1267,1253,1196,1211, 331,358,334,342,335,346, 186,40,2660,9, 29.9,33.6,5.0, 11,6,0,28.2,28.6,1303, "0000011","0000000"
19:34:18,39.4211,-125.2987,6358,6845, 1204,1269,1267,1253,1197,1210, 331,358,334,342,335,346, 186,40,2660,9, 29.9,33.6,5.1, 10,6,0,28.2,28.7,1304, "0000011","0000000"
19:34:24,39.4242,-125.2951,6463,6952, 1203,1270,1268,1255,1199,1211, 331,359,334,342,335,346, 186,40,2660,8, 29.9,33.5,5.1, 12,6,0,28.3,28.6,1304, "0000011","0000000"
19:34:30,39.4271,-125.2913,6575,7064, 1204,1269,1268,1255,1199,1209, 331,358,335,342,335,347, 186,40,2660,8, 29.9,33.7,5.2, 12,6,0,28.4,28.8,1305, "0000011","0000000"
19:34:36,39.4302,-125.2877,6692,7184, 1204,1271,1269,1255,1199,1209, 331,359,335,342,335,347, 186,40,2660,8, 29.9,33.7,5.2, 11,6,0,28.3,28.8,1306, "0000011","0000000"
19:34:42,39.4331,-125.2843,6809,7308, 1205,1270,1270,1254,1199,1209, 331,358,335,342,335,347, 186,40,2660,8, 29.8,33.6,5.3, 11,6,0,28.2,28.7,1306, "0000011","0000000"
19:34:48,39.4362,-125.2809,6917,7420, 1204,1271,1270,1255,1199,1210, 331,359,335,342,335,347, 186,40,2660,8, 29.9,33.6,5.4, 11,6,0,28.3,28.7,1306, "0000011","0000000"
19:34:54,39.4393,-125.2774,7012,7515, 1205,1272,1270,1256,1201,1209, 332,359,335,342,336,347, 186,40,2660,7, 29.9,33.6,5.4, 11,5,0,28.2,28.7,1307, "0000011","0000000"
19:35:00,39.4422,-125.2740,7120,7621, 1204,1272,1270,1255,1201,1209, 332,359,335,342,336,347, 186,40,2660,7, 29.9,33.5,5.5, 11,6,0,28.2,28.6,1307, "0000011","0000000"
19:35:06,39.4453,-125.2707,7234,7733, 1204,1272,1270,1254,1202,1209, 332,359,335,343,336,348, 186,40,2660,7, 29.9,33.6,5.5, 11,6,0,28.3,28.7,1307, "0000011","0000000"
19:35:12,39.4484,-125.2675,7341,7844, 1205,1274,1270,1255,1202,1210, 332,359,335,343,337,348, 186,40,2660,7, 29.8,33.5,5.6, 11,6,0,28.3,28.7,1307, "0000011","0000000"
19:35:18,39.4515,-125.2640,7443,7926, 1204,1273,1271,1256,1202,1211, 332,360,336,343,337,348, 186,40,2660,6, 29.8,33.5,5.7, 11,6,0,28.2,28.7,1307, "0000011","0000000"
19:35:24,39.4547,-125.2610,7555,8018, 1205,1274,1272,1258,1203,1212, 332,360,336,343,338,348, 186,40,2660,6, 29.9,33.8,5.7, 12,6,0,28.4,28.6,1310, "0000011","0000000"
19:35:30,39.4578,-125.2577,7596,8002, 1206,1276,1271,1257,1200,1211, 332,360,336,343,338,348, 186,40,2660,6, 30.0,33.9,5.8, 12,6,0,28.3,28.8,1310, "0000011","0000000"
19:35:36,39.4609,-125.2543,7556,7929, 1208,1276,1274,1258,1203,1212, 332,360,336,343,339,348, 185,40,2660,5, 30.1,33.9,5.8, 12,6,0,28.3,28.7,1312, "0000011","0000000"
19:35:42,39.4644,-125.2505,7546,7908, 1207,1276,1275,1259,1204,1213, 332,361,336,343,340,348, 185,40,2660,6, 30.1,33.9,5.9, 12,7,0,28.3,28.6,1313, "0000011","0000000"
19:35:48,39.4674,-125.2465,7490,7823, 1207,1276,1276,1258,1202,1211, 332,361,336,343,340,348, 185,40,2660,6, 30.2,34.2,5.9, 11,7,0,28.2,28.7,1314, "0000011","0000000"
19:35:54,39.4707,-125.2422,7453,7785, 1209,1276,1275,1258,1200,1210, 332,361,336,343,341,348, 184,41,2660,6, 30.2,34.0,6.0, 11,6,0,28.3,28.7,1314, "0000011","0000000"
19:36:00,39.4741,-125.2379,7455,7809, 1207,1274,1275,1258,1200,1207, 331,360,336,343,342,347, 183,39,2510,6, 29.7,30.1,6.0, 11,6,0,28.2,28.7,1315, "0000011","0000000"
19:36:06,39.4774,-125.2337,7455,7815, 1200,1266,1271,1252,1196,1196, 331,360,336,343,341,347, 182,39,2490,6, 29.9,30.4,6.1, 11,6,0,28.3,28.6,1310, "0000011","0000000"
19:36:12,39.4808,-125.2292,7463,7831, 1344,1408,1427,1397,1342,1337, 330,360,335,342,340,346, 181,39,2490,6, 29.7,18.8,6.1, 12,6,0,28.3,28.7,1545, "0000011","0000000"
19:36:18,39.4841,-125.2249,7477,7872, 1423,1490,1514,1487,1423,1423, 330,361,335,342,339,346, 180,39,2480,6, 29.6,16.6,6.2, 12,5,2,28.2,28.6,1570, "0000011","0000000"
19:36:24,39.4875,-125.2204,7479,7898, 1408,1477,1498,1475,1410,1412, 330,362,335,342,338,346, 179,39,2480,7, 29.8,16.1,6.2, 12,6,1,28.3,28.6,1540, "0000011","0000000"
19:36:30,39.4910,-125.2161,7461,7880, 1410,1478,1500,1478,1413,1414, 329,362,335,342,336,345, 179,39,2480,7, 29.9,16.3,6.2, 12,6,1,28.2,28.6,1548, "0000011","0000000"
19:36:36,39.4946,-125.2119,7458,7843, 1412,1481,1505,1481,1418,1416, 328,361,335,342,335,345, 178,39,2490,6, 30.0,16.3,6.2, 12,6,-1,28.2,28.6,1554, "0000011","0000000"
19:36:42,39.4989,-125.2069,7457,7865, 1413,1482,1510,1483,1418,1418, 327,360,334,342,333,344, 178,40,2490,7, 29.8,16.2,6.3, 13,7,1,28.2,28.6,1555, "0000011","0000000"
19:36:48,39.5026,-125.2026,7422,7808, 1413,1483,1513,1486,1418,1418, 327,360,334,342,331,343, 177,40,2490,7, 29.9,16.3,6.3, 11,7,2,28.2,28.6,1558, "0000011","0000000"
19:36:54,39.5064,-125.1985,7395,7767, 1412,1484,1511,1488,1417,1419, 326,359,334,341,330,342, 176,40,2490,7, 29.9,16.3,6.3, 13,7,1,28.3,28.6,1558, "0000011","0000000"
19:37:06,39.5104,-125.1942,7386,7768, 1412,1487,1514,1489,1420,1418, 325,358,333,341,328,341, 176,40,2490,7, 29.9,16.4,6.4, 13,9,2,28.3,28.6,1560, "0000011","0000000"
19:37:12,39.5143,-125.1899,7395,7802, 1413,1486,1515,1488,1421,1418, 325,357,333,341,327,340, 175,40,2480,7, 29.9,16.3,6.4, 14,7,2,28.4,28.6,1561, "0000011","0000000"
19:37:18,39.5183,-125.1856,7390,7782, 1412,1486,1514,1489,1418,1416, 324,356,332,340,325,339, 174,40,2490,7, 29.8,16.3,6.4, 13,7,0,28.4,28.6,1559, "0000011","0000000"
19:37:24,39.5220,-125.1813,7381,7764, 1412,1485,1515,1487,1420,1416, 323,355,332,340,324,338, 174,40,2490,7, 29.9,16.3,6.4, 13,7,0,28.4,28.6,1561, "0000011","0000000"
19:37:30,39.5256,-125.1768,7383,7780, 1413,1486,1514,1487,1421,1416, 323,354,331,340,323,337, 173,40,2490,7, 29.9,16.3,6.5, 12,7,-1,28.4,28.6,1562, "0000011","0000000"
19:37:36,39.5296,-125.1724,7396,7782, 1413,1486,1516,1486,1421,1417, 322,353,331,339,322,336, 173,41,2490,7, 29.9,16.4,6.5, 11,7,-2,28.4,28.7,1564, "0000011","0000000"
19:37:42,39.5334,-125.1681,7399,7826, 1413,1484,1517,1486,1420,1417, 321,352,330,339,321,336, 172,41,2480,7, 29.8,16.2,6.5, 12,7,0,28.4,28.6,1563, "0000011","0000000"
19:37:48,39.5373,-125.1640,7383,7798, 1411,1483,1513,1484,1418,1414, 321,352,330,339,320,336, 172,41,2490,7, 29.7,16.2,6.5, 11,7,-2,28.3,28.6,1561, "0000011","0000000"
19:37:54,39.5411,-125.1597,7391,7777, 1415,1488,1517,1486,1421,1418, 320,351,329,338,319,336, 172,41,2500,7, 30.0,16.5,6.6, 9,7,-3,28.1,28.7,1565, "0000011","0000000"
19:38:00,39.5450,-125.1554,7414,7851, 1411,1486,1515,1485,1420,1417, 320,350,329,338,318,335, 171,41,2490,7, 29.8,16.2,6.6, 10,7,-1,28.2,28.6,1561, "0000011","0000000"
19:38:06,39.5488,-125.1511,7406,7840, 1412,1484,1514,1484,1419,1417, 320,350,329,337,317,335, 171,41,2490,7, 29.8,16.3,6.6, 9,7,-1,28.0,28.5,1564, "0000011","0000000"
19:38:12,39.5526,-125.1468,7389,7822, 1413,1486,1514,1487,1418,1419, 319,349,328,337,316,334, 170,41,2490,7, 29.9,16.3,6.7, 10,7,0,28.1,28.6,1564, "0000011","0000000"
19:38:18,39.5564,-125.1423,7381,7804, 1414,1486,1515,1486,1418,1419, 319,349,328,337,315,333, 170,41,2490,7, 29.9,16.4,6.7, 10,6,-1,28.1,28.5,1564, "0000011","0000000"
19:38:24,39.5600,-125.1379,7380,7816, 1414,1489,1516,1485,1419,1417, 318,348,328,336,315,333, 169,41,2490,7, 29.9,16.3,6.7, 9,7,0,28.0,28.6,1564, "0000011","0000000"
19:38:30,39.5637,-125.1332,7398,7827, 1411,1489,1514,1487,1418,1417, 318,348,327,336,314,332, 169,41,2490,7, 29.8,16.3,6.7, 11,7,0,28.1,28.7,1563, "0000011","0000000"
19:38:36,39.5672,-125.1288,7401,7830, 1413,1487,1516,1486,1420,1417, 318,348,327,336,314,332, 169,41,2490,7, 29.9,16.4,6.8, 11,6,1,28.2,28.7,1565, "0000011","0000000"
19:38:42,39.5710,-125.1241,7393,7836, 1414,1487,1516,1487,1423,1418, 318,347,327,336,313,332, 168,41,2490,7, 29.9,16.3,6.8, 13,7,3,28.3,28.6,1565, "0000011","0000000"
19:38:48,39.5746,-125.1197,7379,7816, 1413,1487,1516,1488,1418,1417, 317,347,327,335,312,331, 168,42,2490,7, 29.9,16.3,6.8, 14,7,2,28.4,28.6,1563, "0000011","0000000"
19:38:54,39.5783,-125.1154,7387,7829, 1414,1487,1516,1486,1419,1419, 317,347,326,335,312,331, 168,42,2490,7, 29.9,16.3,6.8, 12,6,1,28.3,28.6,1565, "0000011","0000000"
19:39:00,39.5821,-125.1111,7392,7842, 1414,1488,1516,1486,1417,1418, 317,347,326,335,312,331, 167,42,2490,7, 29.9,16.3,6.9, 11,7,1,28.3,28.6,1564, "0000011","0000000"
19:39:06,39.5859,-125.1068,7393,7826, 1414,1488,1514,1486,1417,1418, 317,346,326,335,311,331, 167,42,2490,7, 29.9,16.4,6.9, 13,6,1,28.4,28.6,1564, "0000011","0000000"
19:39:12,39.5897,-125.1025,7389,7806, 1414,1490,1517,1486,1417,1419, 317,346,326,335,311,331, 167,42,2490,7, 29.9,16.4,6.9, 13,7,0,28.5,28.5,1565, "0000011","0000000"
19:39:18,39.5936,-125.0982,7394,7854, 1414,1489,1517,1486,1416,1419, 317,346,327,334,311,331, 166,42,2490,7, 29.8,16.3,7.0, 12,7,-1,28.4,28.7,1565, "0000011","0000000"
19:39:24,39.5974,-125.0941,7397,7856, 1416,1489,1518,1486,1417,1420, 317,346,327,334,310,330, 166,42,2490,7, 29.9,16.3,7.0, 12,7,0,28.4,28.6,1567, "0000011","0000000"
19:39:30,39.6013,-125.0900,7401,7858, 1415,1486,1518,1486,1419,1420, 317,346,327,334,310,330, 166,42,2490,7, 29.9,16.3,7.0, 11,7,-2,28.3,28.7,1567, "0000011","0000000"
19:39:36,39.6051,-125.0859,7394,7852, 1412,1488,1520,1485,1418,1418, 317,346,327,334,310,330, 166,42,2490,7, 29.9,16.4,7.0, 10,6,-1,28.3,28.6,1568, "0000011","0000000"
19:39:42,39.6089,-125.0816,7391,7840, 1414,1487,1520,1487,1418,1419, 317,345,328,334,310,330, 165,42,2490,7, 29.9,16.3,7.1, 11,6,0,28.4,28.7,1567, "0000011","0000000"
19:39:48,39.6127,-125.0773,7389,7838, 1416,1488,1520,1487,1417,1420, 317,346,328,334,309,330, 165,42,2490,7, 29.9,16.3,7.1, 11,6,0,28.3,28.7,1568, "0000011","0000000"
19:39:54,39.6170,-125.0721,7387,7835, 1416,1492,1519,1489,1418,1422, 317,346,328,334,309,330, 165,42,2490,7, 29.9,16.3,7.1, 10,6,-2,28.1,28.6,1569, "0000011","0000000"
19:40:00,39.6201,-125.0685,7387,7844, 1416,1490,1518,1488,1417,1422, 317,346,328,334,309,329, 165,42,2490,7, 29.9,16.4,7.1, 9,6,-2,28.1,28.5,1567, "0000011","0000000"
19:40:06,39.6242,-125.0634,7390,7853, 1416,1488,1520,1488,1418,1420, 317,346,329,333,309,329, 165,42,2490,7, 29.9,16.3,7.2, 9,6,-1,28.0,28.7,1569, "0000011","0000000"
19:40:12,39.6286,-125.0582,7388,7859, 1415,1489,1520,1488,1419,1418, 317,346,329,333,309,329, 165,42,2490,7, 29.9,16.3,7.2, 10,6,-1,28.0,28.6,1569, "0000011","0000000"
19:40:18,39.6322,-125.0539,7387,7845, 1417,1490,1518,1490,1419,1421, 317,346,329,333,309,329, 165,42,2490,7, 30.0,16.4,7.2, 11,7,1,28.1,28.6,1570, "0000011","0000000"
19:40:24,39.6360,-125.0503,7390,7848, 1414,1491,1520,1488,1419,1422, 317,346,329,333,309,329, 165,42,2490,7, 29.9,16.4,7.3, 12,6,3,28.3,28.6,1567, "0000011","0000000"
19:40:30,39.6403,-125.0445,7396,7858, 1415,1490,1520,1486,1419,1422, 317,346,330,333,309,329, 165,42,2490,7, 29.9,16.4,7.3, 13,6,3,28.4,28.7,1568, "0000011","0000000"
19:40:36,39.6434,-125.0409,7398,7861, 1415,1491,1519,1487,1420,1421, 317,346,330,333,308,328, 165,42,2490,7, 29.9,16.4,7.3, 14,6,2,28.4,28.6,1570, "0000011","0000000"
19:40:42,39.6472,-125.0366,7397,7858, 1415,1491,1519,1487,1422,1420, 317,346,330,333,308,328, 165,43,2490,7, 29.9,16.3,7.3, 14,6,2,28.4,28.6,1569, "0000011","0000000"
19:40:48,39.6510,-125.0321,7396,7845, 1414,1490,1520,1489,1420,1421, 318,346,330,333,308,328, 164,43,2490,7, 29.9,16.3,7.4, 14,6,1,28.5,28.8,1567, "0000011","0000000"
19:40:54,39.6546,-125.0278,7393,7841, 1415,1491,1520,1488,1418,1419, 318,346,331,333,308,328, 163,43,2490,7, 30.0,16.4,7.4, 13,6,0,28.5,28.5,1570, "0000011","0000000"
19:41:00,39.6583,-125.0234,7391,7838, 1417,1493,1521,1489,1420,1419, 318,346,331,333,308,328, 163,43,2490,7, 29.9,16.4,7.4, 11,6,-2,28.4,28.6,1570, "0000011","0000000"
19:41:06,39.6619,-125.0191,7396,7847, 1417,1490,1520,1487,1420,1418, 318,346,331,333,308,328, 163,43,2490,7, 29.9,16.3,7.5, 11,6,-2,28.4,28.7,1570, "0000011","0000000"
19:41:12,39.6662,-125.0141,7395,7847, 1416,1490,1520,1487,1421,1419, 318,346,331,333,308,328, 163,43,2490,7, 29.9,16.4,7.5, 9,6,-3,28.2,28.7,1570, "0000011","0000000"
19:41:18,39.6700,-125.0098,7401,7855, 1415,1490,1520,1487,1420,1417, 318,346,331,333,308,328, 163,43,2490,7, 29.9,16.3,7.5, 9,6,-3,28.2,28.6,1569, "0000011","0000000"
19:41:24,39.6738,-125.0055,7401,7853, 1415,1490,1521,1486,1419,1418, 318,346,332,333,308,328, 163,43,2490,7, 29.9,16.3,7.5, 9,7,-1,28.1,28.5,1569, "0000011","0000000"
19:41:30,39.6776,-125.0012,7411,7868, 1417,1490,1520,1487,1420,1417, 318,346,332,333,308,327, 162,43,2490,7, 29.9,16.3,7.6, 10,6,0,28.2,28.6,1570, "0000011","0000000"
19:41:36,39.6813,-124.9969,7402,7855, 1416,1490,1520,1487,1421,1417, 318,346,332,333,308,327, 162,43,2490,7, 29.9,16.3,7.6, 10,7,1,28.1,28.7,1570, "0000011","0000000"
19:41:42,39.6849,-124.9928,7397,7848, 1415,1490,1520,1487,1420,1417, 318,346,332,333,308,328, 162,43,2490,7, 29.9,16.3,7.6, 11,7,2,28.1,28.6,1569, "0000011","0000000"
19:41:48,39.6887,-124.9884,7398,7861, 1417,1490,1521,1491,1421,1419, 318,346,332,333,308,328, 162,43,2490,7, 30.0,16.4,7.6, 13,7,2,28.2,28.6,1570, "0000011","0000000"
19:41:54,39.6925,-124.9841,7398,7849, 1418,1490,1520,1489,1420,1419, 318,346,332,333,308,329, 162,43,2490,7, 29.9,16.3,7.7, 12,7,2,28.3,28.6,1571, "0000011","0000000"
19:42:00,39.6961,-124.9798,7395,7846, 1419,1492,1519,1489,1422,1419, 318,346,333,332,308,329, 162,43,2490,7, 29.9,16.3,7.7, 10,6,0,28.2,28.7,1571, "0000011","0000000"
19:42:06,39.6999,-124.9753,7398,7849, 1416,1490,1520,1488,1422,1419, 318,346,333,333,308,329, 162,43,2490,7, 29.9,16.3,7.7, 12,6,-1,28.3,28.6,1570, "0000011","0000000"
19:42:12,39.7035,-124.9710,7398,7850, 1417,1491,1521,1489,1422,1420, 318,346,333,332,308,329, 162,43,2490,7, 29.9,16.3,7.8, 12,6,0,28.4,28.6,1571, "0000011","0000000"
19:42:18,39.7073,-124.9667,7398,7850, 1417,1493,1522,1486,1421,1420, 318,346,333,332,308,329, 162,43,2490,7, 30.0,16.4,7.8, 12,7,0,28.4,28.6,1572, "0000011","0000000"
19:42:24,39.7110,-124.9624,7398,7846, 1415,1493,1521,1487,1419,1419, 318,346,333,332,308,329, 162,43,2490,7, 29.9,16.4,7.8, 13,6,0,28.5,28.5,1570, "0000011","0000000"
19:42:30,39.7148,-124.9580,7400,7864, 1416,1492,1522,1488,1421,1420, 318,346,333,332,308,329, 162,43,2490,7, 30.0,16.4,7.8, 12,6,-1,28.3,28.7,1572, "0000011","0000000"
19:42:36,39.7184,-124.9537,7394,7844, 1416,1492,1521,1489,1420,1420, 318,346,333,332,308,329, 161,43,2490,7, 29.9,16.2,7.9, 10,6,-1,28.3,28.6,1571, "0000011","0000000"
19:42:42,39.7222,-124.9492,7397,7856, 1419,1491,1524,1488,1420,1423, 318,346,333,332,308,328, 161,43,2490,7, 30.0,16.4,7.9, 10,6,0,28.3,28.6,1575, "0000011","0000000"
19:42:48,39.7260,-124.9449,7399,7862, 1417,1492,1524,1489,1420,1420, 318,346,333,332,308,328, 161,43,2490,7, 29.9,16.3,7.9, 10,7,0,28.3,28.6,1572, "0000011","0000000"
19:42:54,39.7296,-124.9405,7398,7867, 1419,1494,1521,1488,1420,1418, 318,346,333,332,308,328, 161,43,2490,7, 29.9,16.3,7.9, 11,6,0,28.1,28.5,1571, "0000011","0000000"
19:43:00,39.7334,-124.9362,7394,7859, 1417,1492,1523,1488,1420,1420, 318,346,333,332,308,328, 161,43,2490,7, 30.0,16.3,8.0, 11,7,0,28.1,28.7,1571, "0000011","0000000"
19:43:06,39.7378,-124.9312,7398,7875, 1417,1492,1522,1488,1419,1419, 318,346,334,332,308,328, 161,43,2490,7, 29.9,16.3,8.0, 11,6,1,28.1,28.7,1571, "0000011","0000000"
19:43:12,39.7416,-124.9267,7397,7870, 1417,1492,1523,1489,1420,1418, 318,346,334,332,308,328, 161,43,2490,7, 30.0,16.4,8.0, 12,6,2,28.3,28.7,1573, "0000011","0000000"
19:43:18,39.7459,-124.9217,7392,7867, 1416,1492,1522,1490,1422,1417, 318,346,334,332,308,328, 161,43,2490,7, 29.9,16.2,8.1, 13,6,2,28.4,28.6,1572, "0000011","0000000"
19:43:24,39.7497,-124.9173,7401,7879, 1418,1492,1524,1490,1422,1418, 318,346,334,332,308,328, 161,43,2490,7, 29.9,16.3,8.1, 13,6,1,28.4,28.6,1574, "0000011","0000000"
19:43:30,39.7534,-124.9130,7401,7876, 1417,1492,1524,1489,1420,1420, 318,346,334,332,308,327, 161,43,2490,7, 30.0,16.3,8.1, 13,6,0,28.4,28.7,1571, "0000011","0000000"
19:43:36,39.7572,-124.9085,7396,7867, 1417,1492,1524,1490,1420,1418, 318,346,334,332,308,327, 161,43,2490,7, 29.9,16.3,8.1, 11,6,0,28.4,28.6,1573, "0000011","0000000"
19:43:42,39.7610,-124.9042,7398,7867, 1417,1493,1524,1491,1420,1420, 319,346,334,332,308,327, 161,43,2500,7, 30.0,16.4,8.2, 11,6,0,28.4,28.5,1574, "0000011","0000000"
19:43:48,39.7649,-124.8999,7404,7875, 1418,1494,1524,1490,1422,1422, 319,346,334,332,308,327, 161,43,2490,7, 30.0,16.3,8.2, 11,6,-2,28.3,28.7,1574, "0000011","0000000"
19:43:54,39.7687,-124.8955,7408,7880, 1420,1495,1524,1490,1420,1421, 319,346,334,332,308,327, 161,43,2490,7, 29.9,16.3,8.2, 11,7,1,28.3,28.5,1575, "0000011","0000000"
19:44:00,39.7725,-124.8910,7397,7876, 1420,1494,1524,1488,1422,1419, 318,346,334,332,308,327, 161,43,2490,7, 30.0,16.4,8.3, 10,6,0,28.1,28.6,1575, "0000011","0000000"
19:44:06,39.7761,-124.8866,7399,7880, 1420,1492,1524,1486,1423,1421, 318,345,334,332,308,326, 161,43,2490,7, 30.0,16.4,8.3, 9,6,1,28.0,28.7,1575, "0000011","0000000"
19:44:12,39.7799,-124.8821,7399,7879, 1418,1494,1523,1488,1423,1420, 318,346,334,332,308,326, 161,43,2490,7, 30.0,16.4,8.3, 11,6,1,28.2,28.6,1574, "0000011","0000000"
19:44:18,39.7836,-124.8776,7395,7877, 1418,1494,1523,1489,1423,1420, 318,345,334,332,308,326, 161,43,2490,7, 30.0,16.3,8.3, 14,6,2,28.4,28.7,1574, "0000011","0000000"
19:44:24,39.7873,-124.8732,7399,7869, 1416,1492,1524,1490,1421,1420, 318,345,334,332,308,326, 161,43,2490,7, 29.9,16.4,8.4, 13,6,1,28.4,28.7,1573, "0000011","0000000"
19:44:30,39.7910,-124.8687,7400,7872, 1417,1494,1524,1489,1421,1422, 318,345,334,332,308,326, 161,44,2490,7, 30.0,16.4,8.4, 13,6,1,28.4,28.5,1572, "0000011","0000000"
19:44:36,39.7948,-124.8642,7402,7877, 1417,1490,1523,1487,1417,1421, 318,345,334,332,307,326, 161,44,2490,7, 29.9,16.2,8.4, 12,6,-2,28.4,28.6,1572, "0000011","0000000"
19:44:42,39.7986,-124.8598,7398,7871, 1417,1492,1522,1488,1416,1420, 318,345,334,332,307,326, 160,44,2490,7, 29.9,16.3,8.4, 12,6,-2,28.4,28.6,1572, "0000011","0000000"
19:44:48,39.8024,-124.8555,7401,7877, 1418,1492,1522,1487,1417,1420, 318,345,333,332,307,326, 162,44,2490,7, 30.0,16.4,8.5, 10,6,-2,28.3,28.7,1572, "0000011","0000000"
19:44:54,39.8061,-124.8510,7401,7879, 1416,1492,1522,1490,1418,1421, 318,345,333,332,307,326, 167,44,2490,7, 29.8,16.3,8.5, 10,6,-2,28.1,28.7,1572, "0000011","0000000"
19:45:00,39.8099,-124.8467,7404,7884, 1417,1494,1522,1492,1418,1420, 318,345,333,332,307,326, 172,44,2490,7, 29.9,16.4,8.5, 9,6,-1,28.0,28.5,1572, "0000011","0000000"
19:45:06,39.8137,-124.8423,7403,7884, 1417,1494,1521,1487,1419,1419, 318,345,333,332,307,326, 176,44,2490,7, 29.9,16.3,8.6, 12,7,2,28.2,28.7,1572, "0000011","0000000"
19:45:12,39.8175,-124.8380,7408,7889, 1420,1494,1521,1490,1419,1419, 318,345,333,332,307,325, 177,44,2490,7, 29.8,16.2,8.6, 12,6,3,28.3,28.7,1574, "0000011","0000000"
19:45:18,39.8212,-124.8335,7408,7892, 1421,1493,1521,1489,1420,1418, 318,345,333,332,307,325, 178,44,2490,7, 29.9,16.3,8.6, 13,7,1,28.4,28.7,1575, "0000011","0000000"
19:45:24,39.8250,-124.8291,7403,7882, 1418,1492,1524,1489,1421,1421, 318,345,333,332,307,325, 179,44,2490,7, 29.9,16.3,8.6, 13,6,1,28.4,28.6,1574, "0000011","0000000"
19:45:30,39.8288,-124.8246,7402,7877, 1416,1493,1523,1488,1420,1421, 318,345,333,332,308,325, 180,44,2490,7, 29.8,16.2,8.7, 13,6,0,28.4,28.7,1572, "0000011","0000000"
19:45:36,39.8326,-124.8201,7403,7884, 1417,1493,1523,1487,1421,1418, 318,345,333,332,307,325, 181,44,2490,7, 29.9,16.2,8.7, 11,6,0,28.4,28.7,1574, "0000011","0000000"
19:45:42,39.8363,-124.8158,7404,7880, 1417,1493,1523,1488,1419,1419, 318,346,333,332,307,325, 182,44,2490,7, 29.9,16.3,8.7, 10,6,-1,28.3,28.8,1573, "0000011","0000000"
19:45:54,39.8403,-124.8115,7405,7881, 1417,1493,1522,1488,1419,1419, 318,346,333,332,307,325, 182,44,2490,7, 29.9,16.3,8.7, 10,6,-1,28.3,28.7,1574, "0000011","0000000"
19:46:00,39.8441,-124.8073,7408,7885, 1419,1493,1524,1487,1421,1418, 318,346,333,332,308,325, 182,44,2490,7, 30.0,16.2,8.8, 9,6,-1,28.0,28.7,1575, "0000011","0000000"
19:46:06,39.8480,-124.8028,7406,7883, 1416,1493,1520,1489,1418,1416, 318,346,333,331,308,325, 183,44,2490,7, 29.8,16.2,8.8, 10,6,0,28.1,28.6,1571, "0000011","0000000"
19:46:12,39.8518,-124.7983,7406,7896, 1417,1489,1522,1487,1419,1416, 318,345,333,331,308,325, 183,44,2490,7, 29.9,16.2,8.8, 10,6,1,28.1,28.7,1573, "0000011","0000000"
19:46:18,39.8554,-124.7937,7410,7899, 1418,1491,1523,1487,1421,1417, 318,345,333,331,308,326, 183,44,2490,7, 29.9,16.3,8.9, 12,6,2,28.3,28.6,1576, "0000011","0000000"
19:46:24,39.8592,-124.7892,7403,7893, 1419,1492,1524,1488,1421,1418, 318,346,333,331,308,326, 183,44,2490,7, 29.9,16.2,8.9, 12,6,1,28.3,28.8,1575, "0000011","0000000"
19:46:30,39.8635,-124.7841,7397,7883, 1417,1493,1524,1491,1420,1420, 318,346,333,331,308,326, 183,44,2490,7, 29.9,16.3,8.9, 12,6,-1,28.5,28.6,1575, "0000011","0000000"
19:46:36,39.8679,-124.7789,7397,7885, 1416,1494,1524,1492,1419,1420, 318,346,333,331,308,327, 183,44,2490,7, 29.9,16.3,8.9, 13,6,0,28.4,28.6,1574, "0000011","0000000"
19:46:42,39.8719,-124.7745,7398,7893, 1416,1490,1521,1490,1419,1420, 318,346,333,331,308,327, 183,44,2490,7, 29.9,16.2,9.0, 10,6,-2,28.3,28.7,1573, "0000011","0000000"
19:46:48,39.8751,-124.7710,7396,7897, 1417,1490,1521,1488,1420,1419, 318,346,333,331,308,327, 184,44,2490,7, 29.9,16.2,9.0, 9,6,-3,28.2,28.6,1573, "0000011","0000000"
