Avidyne Engine Data Log
2/12/06 15:23:26
"TIME","LAT","LON","E1","E2","E3","E4","E5","E6","C1","C2","C3","C4","C5","C6","OILT","OILP","RPM","OAT","MAP","FF","USED","AMP1","AMP2","AMPB","MBUS","EBUS"
15:23:24,0.0000,0.0000, 0,0,0,0,0,0, 0,0,0,0,0,0, -19,0,0,-40, 0.0,0.0,0.0, 0,0,-99,0.0,0.0
15:23:30,0.0000,0.0000, 969,955,997,969,987,997, 120,118,124,121,121,121, -19,51,1060,6, 13.4,2.6,0.0, 45,0,-99,27.5,26.7
15:23:36,0.0000,0.0000, 977,966,1008,977,992,1007, 122,121,127,125,124,122, -19,51,1060,6, 13.4,2.6,0.0, 44,0,-99,27.5,26.7
15:23:42,0.0000,0.0000, 981,974,1013,990,999,1017, 125,124,129,126,125,123, -19,51,1060,6, 13.4,2.6,0.0, 44,0,-99,27.5,26.7
15:23:48,0.0000,0.0000, 987,984,1023,996,1011,1022, 126,125,131,128,128,126, -19,51,1070,6, 13.4,2.6,0.0, 49,0,-99,27.4,26.6
15:23:54,0.0000,0.0000, 990,990,1028,1000,1020,1031, 130,129,134,131,130,129, -19,51,1080,5, 13.4,2.6,0.0, 42,0,-99,27.6,26.8
15:24:00,0.0000,0.0000, 1020,1033,1050,1032,1026,1064, 133,131,136,133,133,131, -19,56,1340,5, 16.2,3.8,0.0, 42,0,-99,27.7,26.9
15:24:06,0.0000,0.0000, 1083,1097,1119,1103,1107,1140, 135,135,139,137,136,134, -19,58,1440,5, 14.7,4.7,0.0, 41,0,-99,27.6,26.9
15:24:12,0.0000,0.0000, 1067,1080,1107,1090,1094,1122, 139,137,141,139,139,136, 76,53,1190,5, 14.2,3.2,0.0, 42,0,-99,27.7,26.9
15:24:18,0.0000,0.0000, 1081,1079,1120,1093,1112,1120, 142,140,144,143,141,140, 78,54,1240,6, 14.2,3.3,0.0, 40,0,-99,27.7,26.9
15:24:24,49.2494,-125.6288, 1069,1064,1111,1076,1100,1107, 145,145,147,145,146,143, 79,52,1160,6, 13.8,3.1,0.0, 40,0,-99,27.6,26.9
15:24:30,49.2494,-125.6287, 1060,1068,1103,1077,1088,1107, 149,147,151,149,148,147, 80,53,1190,6, 14.1,3.1,0.1, 40,0,-99,27.7,26.8
15:24:36,49.2496,-125.6285, 1065,1081,1107,1093,1094,1122, 151,150,154,151,151,149, 81,53,1200,6, 14.0,3.2,0.1, 40,0,-99,27.6,26.9
15:24:42,49.2497,-125.6285, 1070,1087,1112,1100,1093,1132, 155,152,156,153,154,151, 82,53,1200,6, 14.1,3.1,0.1, 38,0,-99,27.7,26.9
15:24:48,49.2501,-125.6285, 1053,1065,1089,1073,1073,1105, 155,154,157,155,155,153, 83,51,1090,6, 13.4,2.7,0.1, 39,0,-99,27.6,26.8
15:24:54,49.2504,-125.6285, 1043,1051,1079,1056,1060,1090, 159,160,160,158,158,158, 84,51,1100,5, 13.5,2.7,0.1, 38,0,-99,27.6,26.8
15:25:00,49.2506,-125.6285, 1035,1047,1075,1050,1054,1087, 161,161,162,160,161,159, 85,51,1100,6, 13.5,2.7,0.1, 37,0,-99,27.6,26.8
15:25:06,49.2509,-125.6287, 1010,1026,1047,1040,1039,1069, 163,164,165,162,164,162, 86,48,940,5, 12.9,2.3,0.1, 36,0,-99,27.2,26.5
15:25:12,49.2513,-125.6287, 963,990,1007,1012,1009,1036, 166,167,166,165,166,164, 87,48,940,5, 13.0,2.2,0.1, 36,0,-99,27.2,26.4
15:25:18,49.2516,-125.6287, 945,970,983,1001,994,1021, 168,169,168,166,167,167, 89,48,940,6, 13.0,2.2,0.1, 36,0,-99,27.1,26.4
15:25:24,49.2518,-125.6287, 958,971,996,1009,996,1024, 169,171,170,168,169,168, 90,48,990,6, 13.0,2.2,0.1, 39,0,-99,27.3,26.6
15:25:30,49.2520,-125.6287, 966,981,1004,1014,1009,1035, 172,175,172,170,171,170, 92,49,1020,6, 13.5,2.3,0.1, 39,0,-99,27.6,26.7
15:25:36,49.2523,-125.6288, 998,1015,1038,1033,1031,1073, 173,175,172,169,173,173, 93,50,1090,6, 13.4,2.6,0.1, 39,0,-99,27.6,26.9
15:25:42,49.2525,-125.6288, 1000,1018,1038,1030,1031,1071, 172,177,173,172,174,173, 94,49,1050,6, 13.2,2.5,0.1, 38,0,-99,27.5,26.8
15:25:48,49.2528,-125.6288, 992,1005,1017,1021,1016,1060, 174,177,174,172,174,173, 94,47,930,6, 12.7,2.3,0.1, 36,0,-99,26.9,26.3
15:25:54,49.2530,-125.6288, 960,973,983,998,987,1030, 174,180,175,174,175,175, 95,47,940,6, 13.0,2.1,0.1, 33,0,-99,26.6,25.8
15:26:00,49.2530,-125.6287, 935,953,970,978,968,1016, 176,181,176,175,177,176, 95,46,910,6, 13.0,2.1,0.1, 34,0,-99,26.5,25.7
15:26:06,49.2532,-125.6287, 1005,1012,1025,1030,1030,1069, 176,183,177,176,178,177, 94,53,1340,6, 15.8,3.6,0.1, 39,0,-99,27.7,26.9
15:26:12,49.2532,-125.6287, 1140,1163,1148,1165,1162,1224, 178,183,178,177,179,178, 99,62,1970,6, 19.0,9.6,0.1, 27,0,-99,27.8,28.2
15:26:18,49.2532,-125.6287, 1207,1234,1220,1239,1217,1297, 181,186,182,181,182,181, 102,63,2000,6, 19.2,10.7,0.2, 47,0,-99,27.8,28.4
15:26:24,49.2532,-125.6287, 1218,1244,1234,1247,1233,1308, 184,187,185,184,185,184, 104,57,1700,6, 16.3,7.3,0.2, 28,0,-99,27.9,27.5
15:26:30,49.2532,-125.6287, 1237,1258,1255,1260,1264,1329, 188,191,188,188,189,187, 105,57,1680,6, 16.4,7.0,0.2, 29,0,-99,27.9,27.4
15:26:36,49.2532,-125.6287, 1228,1255,1245,1255,1258,1319, 191,193,191,191,192,190, 107,53,1510,6, 14.0,5.4,0.2, 32,0,-99,27.7,27.0
15:26:42,49.2532,-125.6287, 1120,1128,1121,1153,1142,1190, 193,194,193,195,196,192, 108,46,980,5, 13.0,2.3,0.2, 38,0,-99,27.1,26.5
15:26:48,49.2532,-125.6287, 1065,1059,1058,1100,1088,1118, 195,198,196,195,197,195, 109,46,980,5, 13.1,2.2,0.2, 38,0,-99,27.4,26.6
15:26:54,49.2532,-125.6287, 1040,1028,1033,1075,1064,1082, 196,199,198,199,198,195, 111,46,970,5, 13.1,2.3,0.2, 38,0,-99,27.3,26.6
15:27:00,49.2532,-125.6287, 1068,1063,1082,1094,1100,1118, 196,201,199,200,200,198, 112,48,1170,5, 13.9,2.9,0.2, 39,0,-99,27.6,26.9
15:27:06,49.2532,-125.6285, 1080,1077,1108,1094,1115,1132, 199,203,200,200,202,198, 113,48,1180,6, 13.8,2.9,0.2, 38,0,-99,27.7,26.9
15:27:18,49.2532,-125.6281, 1080,1078,1115,1086,1118,1129, 199,206,202,202,204,201, 114,48,1160,6, 13.6,2.9,0.2, 37,0,-99,27.7,26.9
15:27:24,49.2532,-125.6278, 1083,1068,1118,1074,1110,1118, 200,208,203,204,205,201, 115,48,1170,6, 14.1,2.9,0.2, 38,0,-99,27.7,26.9
15:27:30,49.2530,-125.6276, 1172,1183,1203,1202,1209,1252, 201,209,203,203,205,203, 117,61,2180,6, 21.3,12.0,0.2, 27,0,-99,28.1,28.6
15:27:36,49.2523,-125.6276, 1316,1322,1331,1356,1335,1381, 204,211,204,206,210,206, 119,67,2640,6, 29.2,23.5,0.3, 24,0,-99,28.1,28.6
15:27:42,49.2506,-125.6273, 1396,1398,1409,1438,1413,1458, 208,215,212,211,216,210, 121,66,2740,7, 29.8,26.7,0.3, 23,0,-99,27.9,28.9
15:27:48,49.2482,-125.6269, 1425,1428,1436,1463,1438,1485, 215,217,219,217,222,215, 124,65,2740,7, 29.8,26.6,0.4, 23,0,-99,27.8,28.7
15:27:54,49.2456,-125.6266, 1437,1437,1449,1474,1449,1499, 221,221,226,224,229,222, 126,64,2740,7, 29.7,26.7,0.4, 22,0,-99,27.8,29.0
15:28:00,49.2430,-125.6262, 1437,1439,1447,1474,1446,1501, 229,227,234,231,236,230, 129,64,2740,8, 29.5,26.7,0.5, 23,0,-99,27.9,29.1
15:28:06,49.2406,-125.6257, 1433,1433,1441,1469,1440,1497, 235,231,240,240,242,237, 132,62,2730,8, 29.3,26.7,0.5, 24,0,-99,27.9,29.0
15:28:12,49.2377,-125.6252, 1426,1429,1437,1466,1437,1491, 243,237,246,246,247,243, 135,61,2740,9, 29.2,26.7,0.5, 22,0,-99,27.8,28.6
15:28:18,49.2353,-125.6249, 1421,1423,1431,1459,1433,1483, 248,245,253,252,254,250, 139,61,2740,10, 29.0,26.7,0.6, 24,0,-99,28.0,29.0
15:28:24,49.2327,-125.6245, 1415,1414,1426,1449,1428,1471, 256,249,260,258,259,256, 142,58,2600,10, 28.8,25.5,0.6, 22,0,-99,28.2,28.5
15:28:30,49.2300,-125.6240, 1404,1397,1407,1431,1412,1448, 264,258,267,263,266,262, 145,58,2520,10, 28.2,23.1,0.7, 24,0,-99,28.0,28.6
15:28:36,49.2271,-125.6237, 1394,1390,1400,1425,1404,1440, 269,265,271,270,272,270, 149,57,2520,10, 28.2,23.0,0.7, 22,0,-99,27.9,28.6
15:28:42,49.2240,-125.6237, 1390,1384,1394,1420,1400,1434, 277,270,278,276,278,274, 152,56,2510,11, 28.1,23.0,0.8, 22,0,-99,28.1,28.9
15:28:48,49.2207,-125.6238, 1386,1381,1392,1416,1395,1427, 280,277,283,280,282,281, 154,56,2510,11, 28.0,23.0,0.8, 22,0,-99,28.1,29.0
15:28:54,49.2170,-125.6240, 1380,1378,1386,1408,1385,1421, 283,281,289,285,284,284, 157,55,2510,10, 27.9,23.0,0.8, 22,0,-99,28.1,29.2
15:29:00,49.2139,-125.6242, 1373,1376,1380,1403,1381,1418, 288,287,292,289,288,291, 159,54,2510,10, 27.8,23.0,0.9, 22,0,-99,27.9,28.4
15:29:06,49.2106,-125.6238, 1371,1372,1375,1399,1378,1412, 291,291,297,294,291,294, 161,54,2510,10, 27.7,22.9,0.9, 22,0,-99,28.0,28.7
15:29:12,49.2073,-125.6232, 1366,1367,1372,1393,1371,1403, 294,295,300,297,294,298, 163,53,2510,10, 27.6,23.0,1.0, 23,0,-99,27.9,29.1
15:29:18,49.2039,-125.6225, 1363,1364,1369,1390,1364,1400, 296,302,305,300,295,301, 164,53,2510,10, 27.5,23.0,1.0, 23,0,-99,27.9,29.3
15:29:24,49.2005,-125.6218, 1360,1360,1366,1386,1362,1397, 299,305,305,302,297,305, 165,52,2500,10, 27.4,22.9,1.0, 21,0,-99,28.0,28.5
15:29:30,49.1970,-125.6213, 1357,1357,1362,1383,1357,1393, 300,309,308,304,297,308, 166,52,2500,10, 27.4,22.9,1.1, 23,0,-99,27.9,28.4
15:29:36,49.1934,-125.6208, 1353,1354,1359,1380,1358,1390, 301,310,309,307,298,311, 166,52,2500,10, 27.4,23.0,1.1, 21,0,-99,28.1,29.5
15:29:42,49.1898,-125.6204, 1354,1351,1360,1380,1357,1393, 302,314,311,311,298,312, 167,52,2500,10, 27.3,22.7,1.1, 23,0,-99,27.9,28.3
15:29:48,49.1854,-125.6201, 1353,1353,1357,1380,1354,1393, 302,316,311,311,297,314, 168,51,2500,9, 27.2,22.7,1.2, 21,0,-99,28.0,29.0
15:29:54,49.1818,-125.6201, 1350,1350,1355,1378,1353,1390, 303,316,310,313,297,315, 169,51,2500,9, 27.1,22.6,1.2, 22,0,-99,28.0,29.0
15:30:00,49.1773,-125.6201, 1348,1347,1354,1375,1349,1388, 305,319,314,314,297,316, 170,51,2500,9, 27.0,22.7,1.3, 22,0,-99,28.1,28.5
15:30:06,49.1737,-125.6202, 1342,1342,1349,1369,1343,1383, 305,322,311,314,297,318, 171,51,2500,9, 26.9,22.6,1.3, 23,0,-99,27.9,28.9
15:30:12,49.1699,-125.6206, 1340,1341,1346,1368,1341,1381, 304,322,312,316,297,318, 172,51,2500,9, 26.9,22.6,1.3, 23,0,-99,27.9,28.4
15:30:18,49.1661,-125.6208, 1338,1340,1347,1366,1339,1381, 304,323,311,316,296,318, 172,51,2500,10, 26.9,22.6,1.4, 21,0,-99,28.0,28.8
15:30:24,49.1620,-125.6211, 1338,1340,1346,1364,1340,1378, 303,325,313,317,295,319, 173,50,2500,10, 26.9,22.6,1.4, 23,0,-99,28.0,28.2
15:30:30,49.1581,-125.6214, 1338,1337,1346,1363,1339,1376, 304,326,311,317,296,319, 174,50,2500,10, 26.9,22.6,1.5, 22,0,-99,27.9,29.1
15:30:36,49.1540,-125.6218, 1339,1337,1343,1363,1339,1377, 304,330,312,316,293,319, 174,50,2500,10, 26.9,22.6,1.5, 21,0,-99,27.9,28.8
15:30:42,49.1498,-125.6223, 1339,1337,1345,1360,1337,1376, 304,329,310,316,293,318, 175,50,2500,10, 26.9,22.5,1.5, 21,0,-99,27.9,28.9
15:30:48,49.1457,-125.6228, 1336,1334,1344,1360,1335,1375, 306,330,310,315,292,320, 176,50,2500,10, 26.9,22.6,1.6, 20,0,-99,28.0,28.9
15:30:54,49.1414,-125.6233, 1334,1335,1344,1360,1333,1377, 306,330,310,314,292,319, 176,50,2500,10, 26.9,22.5,1.6, 24,0,-99,28.0,29.1
15:31:00,49.1371,-125.6238, 1333,1333,1343,1357,1331,1376, 305,331,312,316,289,317, 177,50,2500,10, 26.9,22.5,1.6, 21,0,-99,28.1,28.3
15:31:06,49.1328,-125.6244, 1331,1330,1343,1358,1330,1373, 306,330,312,315,289,317, 177,49,2500,10, 26.8,22.5,1.7, 23,0,-99,28.1,28.5
15:31:12,49.1286,-125.6249, 1331,1330,1341,1357,1330,1372, 305,331,312,314,288,316, 177,49,2500,10, 26.8,22.6,1.7, 23,0,-99,28.0,28.5
15:31:18,49.1241,-125.6254, 1333,1331,1341,1358,1331,1370, 302,329,311,313,287,314, 178,49,2500,10, 26.9,22.5,1.8, 21,0,-99,27.9,28.7
15:31:24,49.1189,-125.6259, 1333,1331,1341,1358,1329,1372, 302,330,312,314,287,314, 178,49,2500,10, 26.9,22.5,1.8, 24,0,-99,27.9,28.6
15:31:30,49.1145,-125.6261, 1333,1331,1340,1357,1329,1372, 301,332,310,311,285,314, 178,49,2490,10, 26.9,22.5,1.8, 24,0,-99,27.8,29.1
15:31:42,49.1100,-125.6261, 1332,1330,1340,1355,1330,1370, 302,334,308,312,285,314, 179,49,2500,10, 26.9,22.5,1.9, 24,0,-99,28.0,28.6
15:31:48,49.1054,-125.6266, 1332,1329,1342,1359,1332,1372, 301,335,308,311,285,312, 179,49,2490,10, 26.9,22.5,1.9, 24,0,-99,27.9,28.7
15:31:54,49.1009,-125.6273, 1330,1328,1338,1357,1330,1374, 299,336,307,312,283,312, 179,49,2500,10, 26.9,22.5,2.0, 24,0,-99,27.9,28.9
15:32:00,49.0963,-125.6271, 1330,1330,1339,1356,1332,1375, 299,337,306,311,284,311, 179,49,2500,10, 26.9,22.5,2.0, 23,0,-99,28.0,28.9
15:32:06,49.0916,-125.6268, 1331,1331,1340,1359,1331,1373, 298,338,305,310,283,310, 180,49,2500,10, 26.9,22.5,2.0, 22,0,-99,28.0,28.8
15:32:12,49.0861,-125.6264, 1333,1330,1343,1358,1331,1375, 298,344,304,309,282,309, 180,49,2500,10, 27.0,22.5,2.1, 21,0,-99,28.0,29.0
15:32:18,49.0815,-125.6257, 1335,1332,1344,1357,1333,1374, 294,354,306,309,280,307, 180,49,2490,10, 27.0,22.5,2.1, 21,0,-99,27.9,28.5
15:32:24,49.0767,-125.6254, 1335,1332,1344,1357,1333,1373, 296,361,304,306,280,307, 180,49,2490,10, 27.0,22.5,2.1, 21,0,-99,27.9,29.0
15:32:30,49.0721,-125.6252, 1337,1334,1345,1358,1331,1376, 295,360,304,307,280,307, 180,49,2490,10, 27.0,22.4,2.2, 23,0,-99,27.9,28.5
15:32:36,49.0674,-125.6250, 1334,1333,1344,1358,1333,1375, 295,363,305,306,277,305, 181,49,2490,10, 27.0,22.5,2.2, 21,0,-99,28.0,28.4
15:32:42,49.0619,-125.6249, 1333,1332,1346,1359,1332,1373, 296,360,303,303,278,304, 181,49,2490,10, 26.9,22.4,2.3, 22,0,-99,27.9,29.0
15:32:48,49.0571,-125.6249, 1333,1333,1345,1358,1331,1375, 295,356,303,304,277,304, 181,48,2490,10, 26.9,22.5,2.3, 21,0,-99,28.0,28.8
15:32:54,49.0525,-125.6249, 1331,1333,1343,1357,1333,1375, 296,355,303,303,277,303, 182,48,2490,10, 26.9,22.4,2.3, 22,0,-99,28.1,28.7
15:33:00,49.0477,-125.6249, 1333,1333,1344,1357,1330,1374, 295,356,302,303,278,303, 182,48,2490,10, 26.9,22.5,2.4, 23,0,-99,27.9,28.5
15:33:06,49.0429,-125.6247, 1333,1333,1343,1359,1333,1375, 295,360,303,305,277,301, 182,48,2490,10, 27.0,22.4,2.4, 22,0,-99,27.9,28.8
15:33:12,49.0383,-125.6247, 1333,1333,1343,1357,1333,1377, 294,366,303,303,277,302, 182,48,2490,10, 27.0,22.5,2.5, 22,0,-99,28.0,28.7
15:33:18,49.0334,-125.6245, 1336,1334,1341,1358,1334,1375, 294,366,302,303,276,301, 182,48,2490,10, 27.0,22.5,2.5, 20,0,-99,27.9,29.1
15:33:24,49.0286,-125.6245, 1334,1334,1343,1358,1330,1375, 293,366,301,301,275,300, 183,48,2490,10, 26.9,22.4,2.5, 20,0,-99,28.2,28.5
15:33:30,49.0232,-125.6245, 1333,1335,1343,1359,1329,1376, 292,368,301,301,274,300, 183,48,2490,10, 26.9,22.4,2.6, 20,0,-99,28.0,28.6
15:33:36,49.0183,-125.6245, 1335,1336,1343,1358,1331,1375, 291,368,298,298,274,300, 183,48,2490,10, 27.0,22.5,2.6, 19,0,-99,28.0,28.9
15:33:42,49.0127,-125.6245, 1335,1336,1344,1361,1330,1375, 291,362,299,299,274,298, 183,48,2490,10, 27.0,22.5,2.6, 22,0,-99,27.9,28.7
15:33:48,49.0080,-125.6245, 1334,1335,1342,1357,1330,1375, 292,360,297,298,273,298, 183,48,2490,10, 26.9,22.4,2.7, 22,0,-99,28.0,28.5
15:33:54,49.0032,-125.6244, 1334,1334,1342,1358,1329,1376, 291,361,298,298,272,297, 183,48,2490,10, 27.0,22.3,2.7, 23,0,-99,28.1,28.5
15:34:00,48.9984,-125.6242, 1403,1409,1413,1433,1413,1455, 291,357,297,298,273,298, 183,48,2480,10, 26.9,17.1,2.8, 21,0,-99,28.0,28.5
15:34:06,48.9936,-125.6242, 1410,1420,1421,1447,1441,1471, 290,359,299,298,271,298, 183,48,2480,10, 26.9,16.4,2.8, 23,0,-99,28.0,28.4
15:34:12,48.9888,-125.6240, 1412,1427,1423,1454,1447,1477, 290,358,299,298,274,297, 183,48,2480,10, 26.9,16.4,2.8, 20,0,-99,27.9,28.4
15:34:18,48.9842,-125.6238, 1413,1423,1423,1454,1451,1475, 290,355,298,296,275,296, 184,48,2480,10, 26.9,16.4,2.8, 22,0,-99,28.1,28.7
15:34:24,48.9794,-125.6238, 1413,1424,1425,1454,1450,1477, 290,353,297,296,276,295, 184,48,2480,10, 26.9,16.4,2.9, 23,0,-99,28.1,28.6
15:34:30,48.9746,-125.6237, 1413,1428,1424,1455,1454,1478, 288,357,297,295,276,293, 183,48,2480,10, 26.9,16.4,2.9, 21,0,-99,27.9,29.2
15:34:36,48.9691,-125.6237, 1415,1426,1425,1455,1455,1477, 288,347,295,293,277,294, 183,48,2480,10, 26.9,16.4,2.9, 20,0,-99,27.9,28.4
15:34:42,48.9644,-125.6237, 1412,1425,1424,1455,1456,1477, 284,351,294,290,275,291, 184,48,2480,10, 26.9,16.4,3.0, 23,0,-99,27.8,28.5
15:34:48,48.9598,-125.6237, 1412,1423,1422,1453,1453,1478, 287,351,294,292,277,290, 184,48,2480,10, 26.9,16.3,3.0, 22,0,-99,28.1,29.1
15:34:54,48.9550,-125.6235, 1413,1420,1420,1453,1450,1479, 287,341,293,291,277,289, 183,48,2480,10, 26.9,16.4,3.0, 20,0,-99,27.9,28.3
15:35:00,48.9504,-125.6235, 1410,1423,1423,1452,1453,1479, 286,340,293,290,276,290, 183,48,2480,10, 26.9,16.3,3.0, 18,0,-99,27.9,28.9
15:35:06,48.9457,-125.6233, 1411,1423,1424,1452,1451,1476, 286,336,291,289,275,287, 183,48,2480,9, 26.9,16.4,3.1, 21,0,-99,28.2,28.4
15:35:12,48.9411,-125.6232, 1411,1423,1423,1453,1453,1478, 283,338,290,288,275,284, 183,48,2480,9, 26.8,16.4,3.1, 20,0,-99,27.8,28.4
15:35:18,48.9363,-125.6230, 1411,1423,1421,1451,1456,1476, 284,338,290,289,275,285, 183,48,2480,10, 26.8,16.3,3.1, 22,0,-99,28.1,29.2
15:35:24,48.9317,-125.6230, 1412,1426,1422,1454,1454,1475, 283,338,289,287,274,284, 183,48,2480,10, 26.8,16.3,3.1, 21,0,-99,28.1,28.5
15:35:30,48.9263,-125.6232, 1411,1423,1421,1454,1454,1477, 282,336,289,288,276,284, 183,48,2480,10, 26.8,16.4,3.2, 20,0,-99,27.9,28.9
15:35:42,48.9217,-125.6232, 1398,1410,1407,1440,1439,1464, 279,335,288,287,273,281, 183,48,2480,10, 26.8,15.5,3.2, 20,0,-99,27.9,28.2
15:35:48,48.9171,-125.6232, 1381,1396,1390,1422,1420,1451, 278,334,286,285,274,281, 183,48,2480,10, 26.8,15.5,3.2, 17,0,-99,28.2,28.9
15:35:54,48.9124,-125.6232, 1373,1389,1382,1417,1413,1446, 277,332,286,285,272,279, 183,48,2480,10, 26.8,15.5,3.3, 23,0,-99,28.0,28.5
15:36:00,48.9078,-125.6230, 1373,1388,1382,1415,1419,1446, 277,332,284,283,272,279, 182,49,2480,9, 26.8,15.5,3.3, 19,0,-99,28.0,29.0
15:36:06,48.9032,-125.6228, 1373,1388,1384,1413,1416,1446, 276,331,284,283,270,276, 182,49,2480,8, 26.8,15.4,3.3, 19,0,-99,28.2,29.0
15:36:12,48.8987,-125.6226, 1373,1390,1383,1413,1413,1447, 274,329,283,281,270,276, 182,49,2480,8, 26.8,15.4,3.3, 18,0,-99,28.1,28.5
15:36:18,48.8934,-125.6225, 1373,1387,1380,1412,1412,1444, 271,329,281,279,269,275, 182,49,2480,9, 26.8,15.4,3.4, 20,0,-99,27.9,28.5
15:36:24,48.8887,-125.6225, 1370,1387,1378,1411,1413,1442, 269,325,280,279,267,271, 182,49,2480,9, 26.8,15.4,3.4, 20,0,-99,27.9,29.0
15:36:30,48.8843,-125.6225, 1370,1390,1378,1413,1413,1440, 269,327,277,276,266,271, 182,49,2480,10, 26.8,15.4,3.4, 23,0,-99,28.0,28.6
15:36:36,48.8796,-125.6226, 1370,1390,1381,1414,1413,1444, 266,325,277,275,264,268, 182,49,2480,10, 26.6,15.4,3.4, 24,0,-99,28.2,28.9
15:36:42,48.8753,-125.6226, 1374,1389,1381,1415,1413,1448, 264,325,275,274,263,268, 181,49,2480,10, 26.5,15.4,3.5, 23,0,-99,28.0,28.7
15:36:48,48.8709,-125.6226, 1374,1392,1385,1411,1414,1448, 266,326,275,274,264,269, 181,49,2480,10, 26.5,15.4,3.5, 22,0,-99,28.0,29.0
15:36:54,48.8666,-125.6226, 1376,1393,1384,1413,1417,1449, 264,323,274,274,263,267, 181,49,2480,9, 26.5,15.5,3.5, 20,0,-99,28.1,28.4
15:37:00,48.8621,-125.6226, 1375,1392,1384,1415,1415,1447, 263,323,274,273,263,267, 180,49,2480,9, 26.4,15.4,3.5, 22,0,-99,28.0,28.6
15:37:06,48.8578,-125.6225, 1374,1393,1384,1418,1416,1448, 264,323,272,273,263,265, 180,49,2480,9, 26.4,15.4,3.6, 22,0,-99,28.1,28.6
15:37:12,48.8535,-125.6223, 1377,1397,1386,1418,1417,1447, 261,320,273,273,261,263, 180,49,2480,9, 26.3,15.4,3.6, 24,0,-99,28.0,28.4
15:37:18,48.8486,-125.6223, 1377,1399,1387,1422,1419,1447, 262,324,272,271,261,263, 180,49,2480,9, 26.3,15.4,3.6, 23,0,-99,28.0,28.5
15:37:24,48.8445,-125.6221, 1380,1401,1388,1422,1422,1448, 261,322,271,271,261,264, 180,49,2480,9, 26.2,15.4,3.6, 23,0,-99,28.2,29.0
15:37:30,48.8395,-125.6220, 1382,1397,1390,1422,1423,1449, 262,316,271,272,262,264, 180,49,2480,9, 26.2,15.4,3.7, 21,0,-99,28.1,28.7
15:37:36,48.8354,-125.6218, 1384,1400,1391,1423,1423,1453, 259,314,270,269,259,261, 180,49,2480,9, 26.1,15.4,3.7, 21,0,-99,28.0,28.5
15:37:42,48.8312,-125.6218, 1387,1403,1393,1424,1424,1455, 259,320,269,270,260,263, 180,49,2480,9, 26.1,15.5,3.7, 21,0,-99,28.0,29.0
15:37:48,48.8271,-125.6216, 1387,1401,1392,1426,1427,1453, 260,325,271,270,260,263, 180,49,2480,9, 26.0,15.4,3.8, 23,0,-99,28.0,29.0
15:37:54,48.8230,-125.6216, 1391,1409,1398,1435,1428,1460, 261,324,272,271,260,261, 178,51,2670,9, 26.5,16.8,3.8, 22,0,-99,27.9,28.8
15:38:00,48.8189,-125.6214, 1418,1437,1428,1469,1449,1492, 260,323,270,272,260,262, 176,51,2700,9, 26.5,17.8,3.8, 22,0,-99,28.0,29.2
15:38:06,48.8146,-125.6214, 1429,1443,1439,1479,1456,1505, 261,325,273,271,261,262, 174,51,2700,8, 26.5,17.7,3.8, 23,0,-99,28.0,28.7
15:38:12,48.8105,-125.6214, 1423,1437,1433,1474,1450,1497, 262,322,272,270,265,264, 171,51,2700,8, 26.5,17.3,3.9, 20,0,-99,28.0,28.5
15:38:18,48.8063,-125.6213, 1420,1436,1430,1471,1447,1495, 263,322,274,271,266,265, 170,51,2700,8, 26.4,17.3,3.9, 20,0,-99,28.1,28.6
15:38:24,48.8022,-125.6213, 1419,1438,1430,1471,1445,1500, 262,326,275,271,268,264, 168,51,2700,8, 26.4,17.3,3.9, 19,0,-99,27.9,29.2
15:38:30,48.7972,-125.6213, 1420,1439,1431,1474,1446,1500, 263,339,277,272,269,265, 167,51,2700,8, 26.3,17.3,4.0, 21,0,-99,27.9,28.8
15:38:36,48.7931,-125.6214, 1423,1440,1433,1474,1447,1499, 265,343,278,272,270,265, 167,51,2700,8, 26.3,17.3,4.0, 22,0,-99,28.3,28.6
15:38:42,48.7888,-125.6214, 1426,1442,1434,1477,1449,1497, 267,325,280,274,273,266, 166,51,2700,8, 26.2,17.4,4.0, 20,0,-99,28.1,28.5
15:38:48,48.7847,-125.6214, 1426,1443,1436,1474,1449,1500, 267,316,281,274,275,268, 166,51,2700,8, 26.2,17.3,4.0, 20,0,-99,28.0,28.5
15:38:54,48.7804,-125.6214, 1427,1442,1437,1477,1451,1501, 269,316,281,273,275,269, 166,51,2700,8, 26.1,17.3,4.1, 21,0,-99,28.0,28.5
15:39:00,48.7763,-125.6213, 1428,1443,1440,1478,1453,1500, 268,306,284,275,276,269, 165,51,2700,8, 26.0,17.3,4.1, 22,0,-99,27.9,28.9
15:39:06,48.7715,-125.6213, 1430,1446,1442,1480,1455,1503, 272,300,285,276,279,269, 165,51,2700,8, 26.0,17.3,4.1, 20,0,-99,28.1,28.9
15:39:12,48.7674,-125.6211, 1431,1449,1443,1483,1458,1505, 271,299,285,275,279,269, 165,51,2710,8, 25.9,17.3,4.2, 20,0,-99,28.1,29.2
15:39:18,48.7631,-125.6211, 1431,1449,1442,1482,1458,1504, 271,298,287,275,279,271, 165,51,2710,8, 26.0,17.3,4.2, 20,0,-99,28.1,29.0
15:39:24,48.7588,-125.6211, 1429,1447,1442,1481,1458,1506, 270,296,287,276,280,271, 165,51,2700,8, 26.0,17.3,4.2, 20,0,-99,27.9,29.3
15:39:30,48.7543,-125.6211, 1428,1448,1441,1480,1456,1505, 272,295,287,277,283,271, 165,51,2700,8, 26.0,17.4,4.3, 22,0,-99,27.9,28.7
15:39:36,48.7497,-125.6211, 1429,1446,1440,1477,1454,1503, 273,294,288,277,283,272, 165,51,2700,8, 26.0,17.3,4.3, 21,0,-99,28.0,28.6
15:39:42,48.7452,-125.6211, 1426,1444,1439,1477,1457,1503, 272,294,288,276,283,272, 165,51,2700,8, 26.0,17.3,4.3, 20,0,-99,28.1,28.6
15:39:48,48.7406,-125.6211, 1423,1445,1437,1475,1454,1504, 272,295,289,278,282,270, 165,51,2710,8, 26.1,17.4,4.3, 19,0,-99,28.3,28.9
15:40:00,48.7360,-125.6211, 1423,1445,1437,1476,1454,1503, 273,295,290,277,283,272, 165,51,2710,8, 26.1,17.4,4.4, 19,0,-99,28.2,29.2
15:40:06,48.7305,-125.6209, 1423,1443,1437,1473,1453,1505, 273,296,289,278,285,273, 165,51,2700,8, 26.1,17.3,4.4, 16,0,-99,28.0,29.3
15:40:12,48.7257,-125.6209, 1422,1439,1436,1475,1451,1504, 273,296,290,278,284,272, 165,51,2710,8, 26.1,17.4,4.4, 19,0,-99,28.0,29.1
15:40:18,48.7209,-125.6209, 1420,1441,1435,1475,1449,1501, 274,297,290,278,284,273, 165,51,2700,8, 26.1,17.4,4.5, 19,0,-99,28.1,29.1
15:40:24,48.7162,-125.6209, 1418,1443,1434,1472,1448,1502, 276,297,290,278,285,272, 165,51,2710,8, 26.1,17.3,4.5, 19,0,-99,28.0,29.3
15:40:30,48.7114,-125.6209, 1417,1441,1434,1472,1448,1503, 275,296,289,279,285,273, 165,51,2710,8, 26.1,17.4,4.5, 20,0,-99,27.9,28.6
15:40:36,48.7066,-125.6209, 1419,1440,1432,1470,1447,1500, 273,296,289,278,283,271, 165,51,2710,8, 26.1,17.4,4.6, 20,0,-99,28.0,28.7
15:40:42,48.7009,-125.6209, 1417,1437,1431,1470,1448,1500, 273,295,289,278,283,271, 165,51,2710,8, 26.1,17.3,4.6, 20,0,-99,28.0,28.6
15:40:48,48.6961,-125.6209, 1416,1437,1431,1469,1446,1502, 273,295,288,278,283,270, 165,51,2710,9, 26.1,17.4,4.6, 18,0,-99,28.2,29.2
15:40:54,48.6913,-125.6209, 1415,1437,1433,1471,1447,1501, 273,295,287,278,283,270, 165,51,2710,9, 26.1,17.4,4.6, 18,0,-99,27.9,28.6
15:41:00,48.6864,-125.6209, 1417,1437,1432,1472,1447,1502, 272,292,285,276,283,269, 165,52,2710,9, 26.2,17.3,4.7, 20,0,-99,28.1,28.7
15:41:06,48.6815,-125.6208, 1415,1439,1431,1470,1445,1503, 270,293,284,275,279,269, 165,51,2710,9, 26.2,17.4,4.7, 18,0,-99,28.1,29.0
15:41:12,48.6767,-125.6208, 1417,1438,1431,1468,1446,1501, 270,291,282,275,280,268, 165,51,2710,9, 26.2,17.4,4.7, 20,0,-99,28.1,28.9
15:41:18,48.6719,-125.6206, 1417,1437,1430,1470,1446,1499, 270,292,282,274,279,268, 165,51,2710,9, 26.2,17.4,4.8, 19,0,-99,28.0,28.7
15:41:24,48.6671,-125.6204, 1415,1435,1432,1470,1443,1499, 269,291,282,274,278,266, 165,52,2710,9, 26.2,17.4,4.8, 16,0,-99,28.1,29.2
15:41:30,48.6623,-125.6204, 1415,1435,1430,1468,1444,1502, 269,291,281,273,278,267, 165,51,2710,9, 26.2,17.5,4.8, 16,0,-99,28.1,28.9
15:41:36,48.6575,-125.6204, 1415,1437,1431,1467,1446,1498, 270,289,280,274,279,267, 165,51,2710,9, 26.2,17.4,4.8, 17,0,-99,28.0,28.7
15:41:42,48.6527,-125.6202, 1415,1434,1429,1467,1445,1500, 270,291,279,273,278,267, 165,52,2710,9, 26.1,17.4,4.9, 19,0,-99,28.0,29.1
15:41:48,48.6470,-125.6202, 1416,1434,1429,1466,1445,1497, 270,289,280,273,277,265, 165,52,2710,8, 26.1,17.4,4.9, 20,0,-99,28.1,28.6
15:41:54,48.6422,-125.6202, 1418,1437,1429,1468,1444,1499, 269,289,278,274,277,265, 165,52,2710,8, 26.1,17.4,4.9, 18,0,-99,28.1,29.0
15:42:00,48.6367,-125.6201, 1417,1439,1430,1465,1446,1504, 271,289,279,273,277,265, 165,52,2710,8, 26.1,17.3,5.0, 21,0,-99,28.1,29.0
15:42:06,48.6319,-125.6201, 1416,1438,1430,1468,1446,1502, 269,289,279,274,277,265, 165,52,2720,8, 26.1,17.3,5.0, 20,0,-99,27.9,29.1
15:42:12,48.6271,-125.6202, 1418,1436,1432,1467,1446,1499, 269,289,279,274,277,265, 165,52,2710,8, 26.1,17.4,5.0, 18,0,-99,28.0,28.9
15:42:18,48.6223,-125.6204, 1417,1437,1433,1469,1446,1500, 270,289,278,272,277,266, 165,52,2710,8, 26.1,17.4,5.1, 17,0,-99,28.0,28.7
15:42:24,48.6177,-125.6208, 1419,1439,1431,1470,1447,1501, 269,288,279,273,276,264, 165,52,2710,8, 26.0,17.4,5.1, 19,0,-99,28.2,28.7
15:42:30,48.6131,-125.6209, 1419,1440,1432,1471,1447,1501, 268,289,278,271,276,264, 165,52,2710,8, 26.0,17.4,5.1, 19,0,-99,28.0,29.1
15:42:36,48.6082,-125.6213, 1421,1443,1435,1470,1449,1501, 268,288,278,272,276,265, 165,52,2710,8, 25.9,17.4,5.1, 20,0,-99,28.0,28.7
15:42:42,48.6036,-125.6218, 1423,1443,1438,1474,1450,1506, 267,285,277,271,275,264, 165,52,2710,8, 25.9,17.4,5.2, 19,0,-99,28.2,28.7
15:42:48,48.5983,-125.6218, 1428,1445,1440,1475,1452,1507, 267,285,278,272,276,262, 165,52,2710,8, 25.8,17.4,5.2, 17,0,-99,28.0,29.0
15:42:54,48.5937,-125.6218, 1428,1446,1438,1477,1454,1505, 267,285,279,271,276,263, 165,52,2710,8, 25.8,17.4,5.2, 19,0,-99,28.3,29.1
15:43:00,48.5892,-125.6216, 1428,1446,1440,1479,1456,1506, 268,286,280,272,277,264, 165,52,2710,8, 25.8,17.4,5.3, 20,0,-99,28.0,29.0
15:43:06,48.5846,-125.6214, 1430,1447,1441,1481,1458,1508, 268,286,280,272,276,263, 165,52,2710,8, 25.7,17.3,5.3, 21,0,-99,27.9,29.0
15:43:12,48.5801,-125.6211, 1433,1449,1443,1481,1458,1510, 268,287,280,273,277,265, 165,52,2710,8, 25.7,17.4,5.3, 16,0,-99,28.2,28.9
15:43:18,48.5755,-125.6208, 1433,1449,1445,1480,1460,1509, 271,286,281,275,277,265, 165,52,2710,8, 25.7,17.3,5.4, 18,0,-99,28.1,28.8
15:43:24,48.5708,-125.6204, 1432,1449,1447,1483,1461,1508, 271,287,282,275,277,264, 165,52,2710,7, 25.7,17.4,5.4, 18,0,-99,28.2,29.1
15:43:30,48.5655,-125.6202, 1431,1450,1447,1483,1462,1512, 269,286,283,273,277,264, 165,52,2710,7, 25.6,17.4,5.4, 18,0,-99,28.1,29.1
15:43:36,48.5609,-125.6204, 1433,1452,1449,1482,1462,1510, 269,288,282,274,277,264, 165,52,2710,7, 25.6,17.4,5.4, 21,0,-99,27.9,29.0
15:43:42,48.5564,-125.6206, 1435,1454,1450,1484,1463,1512, 269,288,282,275,279,266, 165,52,2710,7, 25.6,17.4,5.5, 18,0,-99,27.9,28.7
15:43:48,48.5518,-125.6206, 1435,1454,1450,1485,1464,1510, 270,287,283,275,278,267, 165,52,2710,7, 25.6,17.4,5.5, 18,0,-99,28.0,28.8
15:44:00,48.5471,-125.6208, 1437,1453,1450,1486,1465,1514, 271,288,283,275,280,266, 165,52,2710,7, 25.6,17.5,5.5, 18,0,-99,28.2,29.1
15:44:06,48.5425,-125.6209, 1434,1453,1450,1487,1465,1515, 271,288,283,276,280,267, 165,52,2710,7, 25.6,17.4,5.6, 18,0,-99,28.2,29.0
15:44:12,48.5379,-125.6211, 1437,1456,1451,1488,1465,1518, 271,289,285,278,280,267, 165,52,2710,7, 25.5,17.3,5.6, 17,0,-99,28.0,28.8
15:44:18,48.5324,-125.6214, 1439,1456,1452,1490,1466,1519, 272,289,283,278,281,267, 165,52,2710,7, 25.5,17.4,5.6, 19,0,-99,28.3,29.1
15:44:24,48.5277,-125.6216, 1438,1455,1452,1487,1469,1517, 272,290,286,278,282,267, 165,52,2710,7, 25.5,17.4,5.7, 18,0,-99,28.0,29.2
15:44:30,48.5229,-125.6220, 1439,1457,1454,1487,1469,1519, 271,289,284,276,281,268, 165,52,2700,7, 25.4,17.4,5.7, 18,0,-99,28.0,28.8
15:44:36,48.5185,-125.6221, 1442,1458,1455,1490,1470,1519, 273,289,284,278,283,268, 165,52,2700,7, 25.3,17.3,5.7, 20,0,-99,28.1,29.0
15:44:42,48.5142,-125.6223, 1447,1465,1459,1496,1476,1522, 271,291,286,278,282,268, 166,52,2700,7, 25.1,17.3,5.7, 18,0,-99,28.1,29.1
15:44:48,48.5099,-125.6226, 1441,1458,1453,1490,1469,1518, 273,289,285,279,283,268, 166,52,2700,7, 24.9,16.9,5.8, 16,0,-99,28.1,28.7
15:44:54,48.5058,-125.6228, 1442,1460,1456,1492,1471,1513, 272,291,287,280,284,269, 165,52,2700,6, 24.8,17.0,5.8, 20,0,-99,28.1,28.8
15:45:00,48.5016,-125.6232, 1446,1464,1460,1495,1474,1514, 274,293,288,280,285,270, 165,52,2700,6, 24.7,17.0,5.8, 19,0,-99,28.1,28.8
15:45:06,48.4970,-125.6235, 1449,1468,1460,1498,1478,1514, 272,291,287,280,285,269, 165,52,2700,6, 24.6,17.0,5.9, 16,0,-99,28.1,28.8
15:45:12,48.4929,-125.6237, 1453,1470,1465,1500,1483,1518, 276,293,289,282,288,272, 165,52,2700,6, 24.5,17.0,5.9, 18,0,-99,28.0,28.8
15:45:18,48.4889,-125.6242, 1457,1473,1469,1506,1485,1518, 275,293,291,283,288,271, 165,51,2710,6, 24.5,17.0,5.9, 18,0,-99,28.0,29.1
15:45:24,48.4848,-125.6249, 1458,1476,1469,1509,1487,1521, 277,292,291,283,289,272, 165,51,2700,6, 24.5,17.0,5.9, 17,0,-99,28.1,29.1
15:45:30,48.4807,-125.6256, 1460,1477,1472,1509,1490,1523, 278,294,292,283,290,273, 165,51,2700,6, 24.5,17.0,6.0, 18,0,-99,27.9,28.8
15:45:36,48.4766,-125.6264, 1459,1478,1473,1510,1489,1522, 279,296,293,282,290,275, 165,51,2700,6, 24.4,17.0,6.0, 16,0,-99,28.3,29.1
15:45:42,48.4723,-125.6273, 1459,1480,1474,1512,1492,1524, 280,297,295,284,293,275, 165,51,2700,6, 24.4,16.9,6.0, 18,0,-99,28.3,28.7
15:45:48,48.4673,-125.6285, 1451,1472,1462,1500,1482,1518, 282,298,295,287,295,278, 165,51,2700,7, 24.4,16.7,6.1, 21,0,-99,27.9,29.2
15:45:54,48.4630,-125.6293, 1447,1468,1459,1497,1475,1513, 283,299,296,287,296,279, 165,51,2700,7, 24.4,16.7,6.1, 19,0,-99,28.2,29.1
15:46:00,48.4587,-125.6302, 1445,1465,1458,1497,1475,1513, 283,300,297,286,295,279, 165,51,2700,6, 24.3,16.7,6.1, 17,0,-99,28.1,29.0
15:46:06,48.4543,-125.6311, 1446,1466,1458,1497,1476,1513, 284,300,299,287,297,279, 165,51,2700,6, 24.3,16.7,6.1, 18,0,-99,28.1,29.1
15:46:12,48.4500,-125.6319, 1445,1466,1459,1496,1472,1511, 283,302,298,287,299,283, 165,51,2700,6, 24.3,16.7,6.2, 20,0,-99,28.2,28.9
15:46:18,48.4455,-125.6329, 1443,1463,1455,1494,1470,1516, 284,303,298,287,299,282, 165,51,2710,6, 24.4,16.7,6.2, 19,0,-99,28.3,29.0
15:46:24,48.4409,-125.6341, 1440,1460,1453,1491,1469,1509, 284,303,298,288,300,284, 165,51,2710,6, 24.4,16.7,6.2, 18,0,-99,28.0,29.1
15:46:30,48.4362,-125.6353, 1435,1458,1451,1490,1464,1508, 286,303,298,287,300,284, 165,51,2700,7, 24.5,16.7,6.3, 19,0,-99,28.1,28.9
15:46:36,48.4306,-125.6367, 1433,1455,1447,1487,1461,1509, 288,303,298,286,299,283, 165,51,2700,7, 24.6,16.7,6.3, 16,0,-99,28.2,29.0
15:46:42,48.4258,-125.6381, 1430,1454,1444,1482,1461,1503, 286,301,298,288,300,284, 165,51,2700,7, 24.7,16.7,6.3, 19,0,-99,27.9,28.9
15:46:48,48.4210,-125.6393, 1424,1450,1437,1477,1453,1501, 285,301,297,286,298,281, 165,51,2700,7, 24.7,16.6,6.3, 18,0,-99,28.0,29.0
15:46:54,48.4160,-125.6407, 1421,1443,1431,1474,1449,1500, 283,301,295,285,297,282, 165,51,2700,7, 24.6,16.6,6.4, 19,0,-99,28.0,29.0
15:47:00,48.4112,-125.6420, 1418,1443,1432,1472,1449,1497, 283,299,296,284,296,280, 165,51,2700,7, 24.7,16.5,6.4, 18,0,-99,28.2,28.8
15:47:06,48.4064,-125.6436, 1418,1439,1431,1471,1447,1497, 283,298,293,283,294,278, 165,51,2700,7, 24.7,16.6,6.4, 20,0,-99,28.2,28.9
15:47:12,48.4016,-125.6450, 1418,1440,1428,1472,1444,1495, 281,298,292,281,293,278, 165,51,2700,7, 24.7,16.6,6.5, 19,0,-99,28.1,29.0
15:47:18,48.3968,-125.6465, 1415,1437,1427,1469,1442,1493, 281,297,291,281,293,278, 165,51,2700,7, 24.7,16.5,6.5, 16,0,-99,28.2,28.9
15:47:24,48.3918,-125.6479, 1417,1438,1427,1470,1443,1496, 278,296,291,280,291,278, 165,51,2700,7, 24.7,16.6,6.5, 18,0,-99,28.1,28.7
15:47:30,48.3859,-125.6489, 1415,1438,1426,1468,1442,1496, 277,295,290,279,289,277, 164,51,2710,7, 24.7,16.6,6.5, 16,0,-99,28.2,29.1
15:47:36,48.3803,-125.6492, 1415,1437,1427,1471,1440,1498, 277,293,289,279,287,275, 164,51,2700,7, 24.7,16.6,6.6, 15,0,-99,28.2,29.1
15:47:42,48.3753,-125.6491, 1413,1437,1427,1470,1441,1499, 276,292,288,278,287,274, 164,51,2700,7, 24.7,16.6,6.6, 18,0,-99,28.1,28.8
15:47:48,48.3703,-125.6489, 1417,1438,1425,1469,1442,1498, 276,292,287,277,285,273, 164,51,2700,7, 24.7,16.6,6.6, 18,0,-99,28.1,28.9
15:47:54,48.3653,-125.6486, 1417,1436,1426,1466,1443,1496, 274,292,287,276,284,272, 164,51,2710,7, 24.7,16.6,6.7, 18,0,-99,28.2,29.0
15:48:00,48.3604,-125.6484, 1415,1438,1426,1466,1441,1496, 275,291,286,276,285,272, 164,51,2700,7, 24.7,16.6,6.7, 20,0,-99,28.2,28.8
15:48:06,48.3556,-125.6482, 1416,1437,1426,1470,1441,1494, 274,291,287,275,283,271, 164,51,2710,7, 24.7,16.5,6.7, 16,0,-99,28.0,29.1
15:48:12,48.3506,-125.6480, 1412,1434,1425,1465,1439,1497, 272,289,285,274,282,271, 164,51,2700,7, 24.7,16.6,6.7, 20,0,-99,28.0,28.8
15:48:18,48.3456,-125.6479, 1413,1434,1425,1467,1441,1499, 270,288,285,274,280,270, 164,51,2710,7, 24.7,16.6,6.8, 20,0,-99,27.9,28.8
15:48:30,48.3406,-125.6479, 1413,1437,1424,1468,1440,1499, 271,288,283,272,280,268, 164,51,2700,7, 24.7,16.6,6.8, 19,0,-99,28.2,29.1
15:48:36,48.3348,-125.6477, 1410,1436,1427,1465,1439,1500, 268,286,282,271,278,267, 164,51,2700,7, 24.7,16.6,6.8, 19,0,-99,27.9,28.9
15:48:42,48.3300,-125.6477, 1412,1434,1426,1464,1440,1498, 268,285,282,271,278,266, 164,52,2710,7, 24.7,16.6,6.9, 17,0,-99,28.0,28.8
15:48:48,48.3250,-125.6477, 1411,1435,1424,1466,1441,1494, 267,285,282,269,276,265, 164,52,2710,7, 24.7,16.6,6.9, 17,0,-99,28.0,29.0
15:48:54,48.3200,-125.6477, 1411,1434,1424,1468,1440,1499, 267,285,280,269,277,267, 164,52,2710,7, 24.7,16.6,6.9, 20,0,-99,28.2,28.8
15:49:00,48.3150,-125.6475, 1410,1435,1425,1465,1440,1497, 267,285,282,270,275,264, 164,52,2700,7, 24.7,16.6,6.9, 18,0,-99,28.1,29.0
15:49:06,48.3102,-125.6475, 1411,1433,1425,1469,1441,1498, 267,282,279,268,275,264, 165,52,2710,7, 24.7,16.5,7.0, 17,0,-99,28.3,28.8
15:49:12,48.3053,-125.6474, 1412,1437,1424,1466,1440,1492, 265,282,280,267,274,262, 165,52,2710,7, 24.7,16.6,7.0, 19,0,-99,28.1,28.9
15:49:18,48.3003,-125.6472, 1411,1435,1424,1466,1439,1493, 266,282,278,268,273,263, 165,52,2710,7, 24.7,16.6,7.0, 21,0,-99,28.3,28.8
15:49:24,48.2955,-125.6468, 1411,1433,1423,1466,1440,1496, 266,281,278,267,274,264, 165,52,2710,7, 24.7,16.6,7.0, 19,0,-99,28.3,29.0
15:49:30,48.2896,-125.6467, 1412,1433,1424,1469,1438,1496, 265,282,279,269,274,264, 165,52,2700,7, 24.7,16.6,7.1, 17,0,-99,28.2,28.9
15:49:36,48.2847,-125.6467, 1412,1433,1424,1468,1440,1498, 265,282,279,268,274,264, 165,52,2710,7, 24.7,16.7,7.1, 19,0,-99,28.1,29.0
15:49:42,48.2799,-125.6468, 1413,1437,1426,1467,1442,1497, 264,279,277,268,273,262, 165,52,2700,7, 24.6,16.5,7.1, 18,0,-99,28.0,28.8
15:49:48,48.2759,-125.6467, 1421,1444,1436,1475,1448,1498, 264,279,278,266,272,262, 165,52,2700,7, 23.9,16.5,7.2, 20,0,-99,28.3,29.0
15:49:54,48.2723,-125.6465, 1438,1457,1452,1490,1462,1510, 265,280,277,266,273,262, 165,52,2700,6, 23.6,16.5,7.2, 20,0,-99,28.2,28.7
15:50:00,48.2689,-125.6462, 1449,1467,1461,1503,1475,1520, 265,278,277,266,274,263, 165,52,2700,5, 23.5,16.5,7.2, 20,0,-99,28.2,29.0
15:50:06,48.2651,-125.6460, 1447,1465,1456,1497,1472,1514, 266,279,280,268,275,263, 165,52,2700,5, 23.5,16.2,7.2, 18,0,-99,28.1,28.7
15:50:12,48.2613,-125.6456, 1447,1463,1455,1497,1472,1513, 268,280,281,270,277,265, 165,51,2700,5, 23.4,16.1,7.3, 19,0,-99,28.2,28.9
15:50:18,48.2570,-125.6453, 1452,1468,1457,1501,1474,1516, 269,282,283,271,278,268, 165,51,2700,5, 23.3,16.2,7.3, 18,0,-99,28.2,29.1
15:50:24,48.2532,-125.6451, 1453,1472,1460,1503,1476,1517, 270,282,284,272,280,269, 165,51,2700,4, 23.2,16.1,7.3, 17,0,-99,28.3,28.6
15:50:30,48.2495,-125.6448, 1455,1471,1464,1506,1480,1519, 273,284,285,274,283,270, 165,51,2700,5, 23.2,16.1,7.4, 18,0,-99,28.2,28.9
15:50:36,48.2457,-125.6444, 1465,1480,1473,1513,1490,1524, 274,285,288,277,286,272, 165,51,2700,4, 23.1,16.3,7.4, 16,0,-99,28.1,29.0
15:50:42,48.2417,-125.6441, 1472,1483,1483,1517,1488,1532, 276,288,290,281,289,274, 167,51,2700,4, 23.0,18.3,7.4, 17,0,-99,28.0,28.9
15:50:48,48.2380,-125.6438, 1469,1476,1481,1506,1482,1529, 278,290,295,283,292,277, 168,51,2700,4, 23.0,18.3,7.4, 16,0,-99,28.0,29.0
15:50:54,48.2340,-125.6432, 1467,1472,1478,1501,1478,1523, 283,292,296,286,296,280, 168,51,2700,4, 22.9,18.4,7.5, 19,0,-99,28.3,28.8
15:51:00,48.2301,-125.6427, 1464,1471,1475,1501,1475,1525, 285,296,300,289,299,284, 168,51,2700,4, 22.9,18.3,7.5, 19,0,-99,28.0,28.8
15:51:06,48.2261,-125.6424, 1464,1471,1474,1499,1474,1523, 287,299,301,291,300,288, 168,51,2700,4, 22.8,18.3,7.5, 20,0,-99,28.0,29.0
15:51:12,48.2220,-125.6419, 1472,1478,1482,1507,1482,1530, 292,300,303,293,302,288, 169,51,2700,4, 22.8,18.0,7.6, 18,0,-99,28.2,28.9
15:51:18,48.2179,-125.6415, 1477,1482,1486,1512,1487,1534, 292,303,305,296,303,292, 168,50,2700,4, 22.7,17.9,7.6, 20,0,-99,28.1,28.9
15:51:24,48.2133,-125.6414, 1483,1486,1489,1516,1492,1537, 295,305,307,299,303,293, 167,50,2700,4, 22.6,17.4,7.6, 17,0,-99,28.1,29.0
15:51:30,48.2091,-125.6412, 1493,1500,1501,1528,1504,1548, 297,306,307,300,306,296, 167,49,2700,4, 22.5,16.8,7.7, 16,0,-99,28.2,29.0
15:51:36,48.2052,-125.6410, 1487,1500,1495,1530,1507,1544, 301,310,310,302,307,299, 167,49,2690,4, 22.5,15.9,7.7, 18,0,-99,28.2,29.1
15:51:42,48.2012,-125.6408, 1460,1479,1470,1508,1484,1520, 303,313,311,303,307,302, 168,48,2690,4, 22.4,15.2,7.7, 19,0,-99,28.3,28.8
15:51:48,48.1971,-125.6407, 1442,1458,1447,1489,1462,1499, 304,316,312,305,308,304, 168,48,2690,4, 22.4,14.9,7.7, 20,0,-99,28.3,29.0
15:51:54,48.1930,-125.6405, 1430,1452,1437,1480,1451,1492, 304,318,312,306,308,305, 168,48,2700,4, 22.4,14.9,7.8, 20,0,-99,28.1,28.8
15:52:00,48.1882,-125.6403, 1423,1448,1433,1475,1447,1487, 305,319,312,305,308,306, 168,48,2700,4, 22.3,14.9,7.8, 18,0,-99,28.3,28.8
15:52:06,48.1841,-125.6400, 1421,1441,1430,1472,1444,1487, 305,322,313,307,307,307, 169,48,2700,4, 22.3,14.9,7.8, 18,0,-99,28.0,28.8
15:52:12,48.1799,-125.6398, 1422,1442,1429,1474,1444,1486, 305,324,313,309,308,307, 169,48,2690,4, 22.2,14.9,7.8, 17,0,-99,28.1,29.0
15:52:18,48.1758,-125.6396, 1421,1441,1427,1474,1441,1488, 303,324,312,308,305,307, 169,48,2700,4, 22.1,14.9,7.9, 18,0,-99,28.2,29.0
15:52:24,48.1717,-125.6395, 1423,1442,1430,1475,1445,1486, 302,327,312,307,305,306, 169,48,2690,4, 22.1,14.9,7.9, 18,0,-99,28.1,28.8
15:52:30,48.1669,-125.6393, 1422,1447,1428,1475,1445,1486, 301,326,312,307,304,307, 169,48,2690,4, 22.0,14.9,7.9, 16,0,-99,28.1,28.9
15:52:36,48.1628,-125.6391, 1422,1446,1432,1476,1447,1489, 300,326,311,306,302,307, 169,48,2690,3, 21.9,14.9,7.9, 17,0,-99,28.3,29.1
15:52:42,48.1588,-125.6390, 1424,1448,1434,1479,1447,1490, 299,327,310,305,302,306, 169,48,2690,3, 21.8,14.9,8.0, 17,0,-99,28.1,29.0
15:52:48,48.1549,-125.6388, 1426,1449,1434,1480,1449,1490, 298,327,308,305,300,305, 170,48,2690,3, 21.8,14.9,8.0, 18,0,-99,28.3,28.7
15:53:00,48.1508,-125.6384, 1429,1451,1435,1480,1452,1493, 298,328,309,306,302,305, 170,48,2690,3, 21.8,14.9,8.0, 17,0,-99,28.0,28.9
15:53:06,48.1468,-125.6383, 1430,1453,1436,1484,1456,1493, 297,330,309,305,305,306, 170,48,2690,3, 21.7,14.9,8.0, 21,0,-99,27.9,29.1
15:53:12,48.1427,-125.6383, 1432,1453,1440,1483,1456,1494, 297,331,309,305,304,305, 169,48,2700,3, 21.7,15.0,8.1, 19,0,-99,28.3,29.0
15:53:18,48.1386,-125.6386, 1430,1453,1440,1483,1457,1495, 295,333,308,305,305,306, 169,48,2690,3, 21.6,14.9,8.1, 20,0,-99,28.0,29.2
15:53:24,48.1346,-125.6388, 1433,1455,1441,1486,1458,1496, 296,341,308,305,307,305, 169,48,2690,3, 21.6,15.0,8.1, 16,0,-99,28.1,28.9
15:53:30,48.1298,-125.6390, 1434,1457,1441,1487,1458,1497, 295,336,308,306,306,303, 169,48,2700,2, 21.6,14.9,8.1, 19,0,-99,28.2,29.0
15:53:36,48.1257,-125.6391, 1433,1456,1442,1487,1459,1497, 296,339,308,305,306,304, 169,48,2700,2, 21.5,15.0,8.2, 20,0,-99,28.1,28.8
15:53:42,48.1214,-125.6393, 1436,1457,1443,1488,1460,1500, 293,341,307,304,305,303, 169,48,2700,2, 21.5,14.9,8.2, 19,0,-99,28.1,28.8
15:53:48,48.1173,-125.6395, 1433,1457,1441,1487,1460,1498, 292,362,307,303,303,303, 169,48,2700,2, 21.5,15.0,8.2, 20,0,-99,28.1,28.8
15:53:54,48.1130,-125.6395, 1433,1456,1443,1488,1459,1498, 292,374,305,303,302,301, 169,48,2700,2, 21.5,15.0,8.2, 20,0,-99,28.2,28.8
15:54:00,48.1087,-125.6396, 1433,1458,1442,1487,1461,1500, 291,391,306,303,301,301, 168,48,2700,2, 21.5,14.9,8.3, 20,0,-99,28.0,28.8
