Avidyne Engine Data Log
9/11/05 23:35:09
"TIME","LAT","LON","E1","E2","E3","E4","E5","E6","C1","C2","C3","C4","C5","C6","OILT","OILP","RPM","OAT","MAP","FF","USED","AMP1","AMP2","AMPB","MBUS","EBUS"
23:35:06,0.0000,0.0000, 0,0,0,0,0,0, 0,0,0,0,0,0, -19,0,0,-40, 0.0,0.0,0.0, 0,0,-99,0.0,0.0
23:35:12,0.0000,0.0000, 915,918,981,920,934,974, 136,194,139,127,125,125, 143,44,1100,25, 11.2,2.4,0.0, 15,0,-99,25.2,24.8
23:35:18,0.0000,0.0000, 925,927,993,929,947,984, 138,198,140,129,128,128, 143,44,1110,25, 11.2,2.4,0.0, 15,0,-99,25.3,24.8
23:35:24,0.0000,0.0000, 935,940,1001,944,955,995, 143,201,143,132,131,132, 144,44,1100,25, 11.3,2.4,0.0, 15,0,-99,25.2,24.8
23:35:30,0.0000,0.0000, 942,945,1008,952,968,1003, 145,203,147,134,135,134, 144,44,1110,25, 11.2,2.5,0.0, 15,0,-99,25.2,24.8
23:35:36,0.0000,0.0000, 945,953,1010,963,974,1010, 148,207,150,137,138,138, 145,44,1120,24, 11.3,2.5,0.0, 16,0,-99,25.2,24.8
23:35:42,0.0000,0.0000, 966,975,1031,986,997,1035, 152,217,156,142,143,144, 145,46,1280,24, 13.0,3.1,0.0, 19,0,-99,25.6,25.0
23:35:48,0.0000,0.0000, 1009,1019,1068,1046,1040,1090, 156,220,159,145,146,145, 146,47,1370,24, 12.2,3.9,0.0, 27,0,-99,26.0,25.4
23:35:54,0.0000,0.0000, 1013,1027,1061,1069,1043,1107, 160,224,162,148,150,149, 146,46,1310,24, 11.8,3.6,0.0, 25,0,-99,26.0,25.4
23:36:00,0.0000,0.0000, 1006,1016,1053,1061,1040,1096, 164,229,167,153,154,154, 147,45,1220,24, 11.8,3.0,0.0, 21,0,-99,25.8,25.3
23:36:06,36.4929,-121.6286, 998,1012,1047,1049,1038,1086, 166,233,169,156,157,157, 147,44,1160,24, 11.6,2.7,0.0, 18,0,-99,25.6,25.1
23:36:12,36.4931,-121.6286, 1003,1013,1057,1035,1039,1073, 169,235,173,158,160,160, 148,44,1120,24, 11.6,2.7,0.0, 17,0,-99,25.5,25.0
23:36:18,36.4934,-121.6283, 1000,1013,1051,1034,1035,1078, 173,238,176,163,163,165, 148,44,1160,24, 11.6,2.7,0.1, 17,0,-99,25.4,24.9
23:36:24,36.4936,-121.6279, 998,1013,1047,1038,1030,1087, 175,241,179,166,167,168, 149,44,1150,24, 11.7,2.7,0.1, 17,0,-99,25.4,24.9
23:36:30,36.4938,-121.6276, 995,1014,1041,1043,1030,1090, 180,244,183,169,171,172, 149,44,1150,24, 11.7,2.7,0.1, 17,0,-99,25.4,24.9
23:36:36,36.4939,-121.6271, 996,1017,1036,1043,1033,1090, 181,247,185,172,174,173, 150,44,1160,24, 11.7,2.7,0.1, 17,0,-99,25.4,24.9
23:36:42,36.4941,-121.6262, 995,1013,1032,1040,1033,1092, 183,250,187,175,176,177, 150,43,1150,24, 11.7,2.7,0.1, 17,0,-99,25.4,24.9
23:36:48,36.4943,-121.6255, 997,1014,1030,1038,1033,1093, 187,253,191,178,179,181, 151,43,1160,24, 11.7,2.7,0.1, 17,0,-99,25.4,24.9
23:37:00,36.4944,-121.6248, 998,1017,1032,1036,1035,1092, 189,254,192,180,182,182, 152,43,1160,24, 11.7,2.7,0.1, 18,0,-99,25.4,24.9
23:37:06,36.4946,-121.6241, 993,1017,1025,1035,1033,1090, 191,258,196,182,185,185, 152,43,1120,24, 11.4,2.6,0.1, 17,0,-99,25.3,24.9
23:37:12,36.4950,-121.6231, 983,1008,1009,1017,1015,1074, 193,260,198,185,187,187, 153,42,1060,24, 11.4,2.3,0.1, 13,0,-99,25.1,24.8
23:37:18,36.4951,-121.6222, 978,1003,1002,1003,1009,1066, 195,261,199,187,189,189, 153,42,1070,24, 11.4,2.3,0.1, 13,0,-99,25.1,24.8
23:37:24,36.4953,-121.6214, 975,1000,993,1000,1000,1060, 197,264,202,191,191,193, 153,42,1060,24, 11.3,2.3,0.1, 13,0,-99,25.1,24.8
23:37:30,36.4956,-121.6204, 963,987,973,985,979,1042, 198,265,203,192,193,194, 154,41,1000,24, 11.1,2.1,0.1, 10,0,-99,25.0,24.7
23:37:36,36.4958,-121.6195, 954,973,960,979,967,1028, 199,267,204,195,195,196, 154,41,1000,24, 11.2,2.1,0.1, 10,0,-99,25.0,24.7
23:37:42,36.4960,-121.6188, 955,963,953,973,960,1023, 200,270,205,196,196,198, 155,41,990,24, 11.2,2.1,0.1, 10,0,-99,24.9,24.7
23:37:48,36.4962,-121.6183, 953,961,948,966,955,1016, 202,272,207,199,198,201, 155,41,990,24, 11.3,2.1,0.1, 10,0,-99,25.0,24.7
23:37:54,36.4963,-121.6180, 943,959,952,975,953,1031, 204,275,209,200,200,202, 155,41,980,24, 11.3,2.1,0.1, 9,0,-99,25.0,24.7
23:38:00,36.4965,-121.6180, 943,953,948,968,952,1033, 204,275,208,200,199,203, 155,40,970,24, 11.3,2.0,0.1, 9,0,-99,24.9,24.6
23:38:06,36.4965,-121.6180, 1010,1033,1027,1048,1035,1108, 205,301,210,200,200,204, 157,48,1740,24, 15.5,6.4,0.1, 29,0,-99,26.4,26.3
23:38:12,36.4965,-121.6180, 1088,1116,1114,1139,1118,1185, 207,393,214,204,204,206, 157,48,1690,24, 14.5,6.8,0.1, 37,0,-99,27.5,26.8
23:38:18,36.4965,-121.6180, 1130,1158,1158,1183,1157,1229, 210,430,217,206,206,210, 157,47,1690,24, 14.0,6.5,0.2, 37,0,-99,27.9,27.2
23:38:24,36.4965,-121.6180, 1084,1105,1096,1117,1099,1177, 213,500,219,210,211,212, 156,40,1020,24, 11.3,2.4,0.2, 16,0,-99,26.3,25.9
23:38:30,36.4965,-121.6180, 1033,1040,1043,1063,1043,1124, 215,500,221,211,212,215, 157,40,1020,25, 11.4,2.1,0.2, 11,0,-99,25.7,25.3
23:38:36,36.4965,-121.6180, 1008,1016,1018,1037,1017,1103, 216,500,222,213,213,217, 157,40,1020,25, 11.4,2.1,0.2, 11,0,-99,25.4,25.0
23:38:42,36.4965,-121.6180, 993,1001,1009,1026,1003,1092, 218,0,224,215,215,219, 157,40,1020,25, 11.4,2.1,0.2, 11,0,-99,25.3,24.8
23:38:48,36.4965,-121.6180, 989,997,1003,1023,995,1082, 218,0,225,217,216,220, 157,40,1020,25, 11.5,2.2,0.2, 12,0,-99,25.0,24.6
23:38:54,36.4965,-121.6180, 985,989,998,1021,990,1078, 221,0,228,220,219,223, 157,40,1030,25, 11.4,2.1,0.2, 12,0,-99,25.1,24.7
23:39:00,36.4965,-121.6180, 1007,1010,1028,1049,1021,1100, 222,0,227,221,220,225, 158,43,1300,25, 13.1,3.1,0.2, 19,0,-99,25.6,25.0
23:39:06,36.4965,-121.6180, 1053,1055,1079,1100,1079,1137, 225,0,230,223,223,227, 158,43,1380,25, 12.9,3.9,0.2, 27,0,-99,26.0,25.4
23:39:12,36.4967,-121.6181, 1073,1077,1103,1129,1100,1155, 227,0,232,225,224,228, 158,43,1390,25, 12.8,4.0,0.2, 28,0,-99,26.2,25.6
23:39:18,36.4970,-121.6183, 1079,1091,1107,1146,1108,1167, 228,0,236,228,226,232, 158,43,1390,25, 12.7,4.0,0.2, 28,0,-99,26.4,25.7
23:39:24,36.4970,-121.6188, 1119,1143,1148,1196,1147,1223, 230,357,236,228,226,232, 159,52,2030,25, 17.2,9.5,0.2, 38,0,-99,28.0,28.1
23:39:30,36.4968,-121.6195, 1195,1215,1212,1263,1212,1279, 233,424,239,231,231,236, 160,57,2520,25, 25.6,22.4,0.2, 31,0,-99,28.1,28.5
23:39:36,36.4963,-121.6214, 1264,1273,1266,1308,1266,1321, 238,480,245,234,235,240, 161,57,2700,25, 26.2,26.2,0.3, 29,0,-99,28.1,28.6
23:39:42,36.4956,-121.6236, 1290,1297,1287,1329,1294,1341, 244,400,252,236,240,246, 162,56,2700,26, 26.2,26.4,0.3, 28,0,-99,28.1,28.6
23:39:48,36.4950,-121.6262, 1303,1309,1300,1340,1310,1350, 250,406,261,240,248,252, 163,56,2700,26, 26.3,26.2,0.4, 28,0,-99,28.1,28.6
23:39:54,36.4943,-121.6289, 1313,1318,1308,1347,1317,1360, 257,420,269,244,255,257, 164,55,2690,25, 26.3,26.1,0.4, 27,0,-99,28.2,28.6
23:40:00,36.4936,-121.6319, 1315,1319,1310,1352,1322,1367, 264,419,276,249,263,263, 164,55,2690,25, 26.3,26.1,0.5, 26,0,-99,28.1,28.6
23:40:12,36.4927,-121.6349, 1318,1320,1311,1352,1324,1365, 270,425,283,255,270,268, 165,54,2690,25, 26.3,26.1,0.5, 25,0,-99,28.2,28.6
23:40:18,36.4919,-121.6382, 1317,1318,1310,1351,1323,1362, 277,441,290,259,276,273, 166,54,2690,25, 26.2,26.1,0.6, 25,0,-99,28.2,28.6
23:40:24,36.4910,-121.6420, 1314,1318,1307,1350,1322,1360, 281,429,296,264,282,278, 167,54,2690,25, 26.1,26.1,0.6, 24,0,-99,28.2,28.6
23:40:30,36.4908,-121.6452, 1311,1314,1303,1346,1318,1355, 286,432,299,269,285,284, 169,53,2680,24, 26.0,26.1,0.7, 24,0,-99,28.2,28.6
23:40:36,36.4919,-121.6485, 1306,1311,1299,1342,1314,1351, 290,440,305,274,289,288, 170,53,2690,24, 25.9,26.1,0.7, 23,0,-99,28.1,28.6
23:40:42,36.4941,-121.6513, 1304,1309,1297,1340,1314,1350, 295,450,308,277,294,291, 171,53,2680,24, 25.8,26.0,0.7, 23,0,-99,28.2,28.6
23:40:48,36.4972,-121.6540, 1303,1307,1295,1339,1310,1346, 299,462,311,281,297,294, 173,52,2680,23, 25.8,26.1,0.8, 22,0,-99,28.1,28.6
23:40:54,36.5001,-121.6562, 1288,1290,1280,1321,1295,1332, 303,497,315,285,300,298, 174,50,2510,23, 25.8,23.8,0.8, 22,0,-99,28.2,28.6
23:41:00,36.5029,-121.6585, 1282,1280,1272,1314,1282,1327, 306,470,316,288,302,301, 175,50,2510,23, 25.8,23.8,0.9, 22,0,-99,28.1,28.6
23:41:06,36.5058,-121.6607, 1275,1274,1264,1305,1277,1318, 309,466,318,291,304,305, 176,50,2510,23, 25.7,23.8,0.9, 21,0,-99,28.2,28.6
23:41:12,36.5092,-121.6631, 1270,1268,1257,1301,1270,1314, 313,466,320,294,306,307, 177,49,2490,22, 25.6,23.5,1.0, 21,0,-99,28.2,28.6
23:41:18,36.5120,-121.6653, 1287,1290,1277,1318,1287,1333, 316,465,322,296,306,309, 178,49,2490,22, 25.5,22.1,1.0, 20,0,-99,28.1,28.6
23:41:24,36.5147,-121.6676, 1293,1299,1286,1327,1297,1342, 316,466,323,299,308,312, 179,49,2490,22, 25.4,22.0,1.0, 19,0,-99,28.2,28.6
23:41:30,36.5174,-121.6698, 1297,1301,1289,1330,1299,1344, 319,468,327,301,309,314, 180,49,2490,22, 25.4,22.1,1.1, 19,0,-99,28.2,28.6
23:41:36,36.5205,-121.6727, 1295,1300,1289,1327,1298,1342, 321,471,330,303,311,317, 180,48,2480,22, 25.4,22.1,1.1, 19,0,-99,28.2,28.6
23:41:42,36.5233,-121.6751, 1294,1299,1287,1325,1299,1340, 323,473,333,307,313,318, 180,48,2480,21, 25.3,21.8,1.1, 18,0,-99,28.2,28.6
23:41:48,36.5260,-121.6773, 1311,1315,1304,1343,1316,1358, 324,475,334,309,314,321, 179,48,2480,21, 25.2,21.0,1.2, 18,0,-99,28.2,28.6
23:41:54,36.5286,-121.6798, 1318,1320,1310,1349,1321,1363, 324,475,334,311,313,323, 178,48,2480,21, 25.1,20.9,1.2, 17,0,-99,28.2,28.6
23:42:00,36.5319,-121.6825, 1317,1321,1309,1348,1321,1363, 325,473,335,313,315,324, 176,47,2480,21, 25.0,20.9,1.3, 17,0,-99,28.2,28.6
23:42:06,36.5344,-121.6849, 1313,1320,1305,1346,1318,1364, 325,470,335,315,315,325, 176,46,2480,21, 24.9,20.9,1.3, 17,0,-99,28.2,28.6
23:42:12,36.5368,-121.6878, 1310,1318,1305,1343,1315,1360, 326,453,336,315,315,326, 177,46,2480,20, 24.8,21.0,1.3, 17,0,-99,28.2,28.6
23:42:18,36.5391,-121.6909, 1310,1315,1304,1343,1313,1362, 328,392,339,318,316,328, 177,46,2480,20, 24.8,21.0,1.4, 16,0,-99,28.2,28.6
23:42:30,36.5420,-121.6942, 1308,1315,1303,1343,1311,1361, 328,390,340,319,317,328, 178,46,2480,20, 24.7,20.9,1.4, 17,0,-99,28.2,28.6
23:42:36,36.5442,-121.6971, 1305,1310,1298,1337,1307,1355, 329,391,342,320,317,328, 178,45,2480,20, 24.6,21.0,1.4, 16,0,-99,28.2,28.6
23:42:42,36.5470,-121.7005, 1316,1319,1310,1347,1318,1363, 329,390,344,322,316,330, 178,45,2480,20, 24.5,20.4,1.5, 16,0,-99,28.2,28.6
23:42:48,36.5494,-121.7033, 1316,1319,1311,1349,1320,1366, 327,388,345,322,316,329, 179,45,2480,19, 24.5,20.4,1.5, 16,0,-99,28.2,28.6
23:42:54,36.5521,-121.7064, 1315,1319,1310,1346,1318,1363, 327,385,345,323,316,329, 180,45,2490,19, 24.4,20.4,1.5, 16,0,-99,28.2,28.6
23:43:00,36.5547,-121.7091, 1313,1318,1307,1341,1316,1360, 329,384,348,324,317,330, 180,45,2480,19, 24.3,20.5,1.6, 16,0,-99,28.2,28.6
23:43:06,36.5571,-121.7119, 1311,1314,1306,1339,1313,1358, 330,383,349,325,318,332, 180,45,2490,19, 24.2,20.4,1.6, 16,0,-99,28.2,28.6
23:43:12,36.5593,-121.7149, 1309,1313,1305,1339,1312,1357, 329,384,349,326,317,332, 181,45,2490,18, 24.1,20.5,1.7, 16,0,-99,28.2,28.6
23:43:18,36.5614,-121.7180, 1323,1328,1318,1351,1328,1371, 327,381,349,326,316,331, 182,45,2500,18, 24.1,19.2,1.7, 16,0,-99,28.2,28.6
23:43:24,36.5638,-121.7216, 1349,1352,1345,1379,1352,1393, 330,382,352,327,319,333, 182,45,2490,18, 24.0,18.9,1.7, 15,0,-99,28.2,28.6
23:43:30,36.5659,-121.7247, 1353,1359,1350,1382,1359,1400, 330,380,352,328,318,333, 182,45,2490,18, 23.9,18.9,1.8, 15,0,-99,28.2,28.6
23:43:36,36.5677,-121.7276, 1353,1359,1350,1382,1357,1401, 330,378,353,329,319,334, 182,45,2490,17, 23.8,18.9,1.8, 15,0,-99,28.2,28.6
23:43:42,36.5700,-121.7313, 1352,1357,1347,1382,1357,1400, 330,376,353,328,319,333, 183,44,2490,17, 23.8,18.9,1.8, 15,0,-99,28.2,28.6
23:43:48,36.5722,-121.7343, 1352,1357,1349,1381,1357,1399, 331,376,354,328,318,333, 183,44,2490,17, 23.7,18.9,1.9, 15,0,-99,28.2,28.6
23:43:54,36.5743,-121.7374, 1352,1354,1349,1380,1357,1396, 332,376,355,329,319,335, 184,44,2490,17, 23.7,19.0,1.9, 15,0,-99,28.2,28.6
23:44:00,36.5765,-121.7405, 1350,1353,1346,1377,1356,1396, 334,376,356,331,320,336, 184,44,2490,17, 23.6,18.9,1.9, 15,0,-99,28.3,28.6
23:44:06,36.5789,-121.7434, 1349,1353,1342,1376,1352,1394, 336,376,357,331,321,336, 184,44,2490,17, 23.6,18.9,2.0, 15,0,-99,28.2,28.6
23:44:12,36.5811,-121.7464, 1346,1350,1340,1374,1350,1390, 335,375,356,330,321,337, 185,44,2490,16, 23.5,18.9,2.0, 15,0,-99,28.2,28.6
23:44:18,36.5832,-121.7494, 1340,1345,1333,1370,1346,1384, 336,375,357,331,322,336, 185,44,2490,16, 23.4,18.9,2.0, 14,0,-99,28.2,28.6
23:44:24,36.5856,-121.7529, 1337,1344,1333,1366,1343,1383, 337,376,358,333,322,338, 185,44,2490,16, 23.3,18.9,2.1, 15,0,-99,28.2,28.6
23:44:30,36.5880,-121.7563, 1334,1339,1330,1363,1341,1380, 338,375,358,332,322,338, 186,44,2490,15, 23.2,18.9,2.1, 14,0,-99,28.2,28.6
23:44:36,36.5901,-121.7594, 1332,1336,1326,1359,1337,1377, 338,375,359,332,323,338, 186,44,2490,15, 23.1,18.9,2.1, 15,0,-99,28.2,28.6
23:44:42,36.5919,-121.7623, 1330,1332,1322,1357,1333,1373, 337,374,357,332,322,338, 186,43,2490,15, 23.0,18.9,2.1, 14,0,-99,28.2,28.6
23:44:48,36.5940,-121.7651, 1326,1329,1320,1354,1330,1371, 339,375,359,334,323,339, 187,44,2490,15, 23.0,18.9,2.2, 14,0,-99,28.2,28.6
23:45:00,36.5961,-121.7680, 1323,1329,1319,1354,1332,1368, 338,375,360,334,323,340, 187,43,2490,15, 23.0,18.9,2.2, 14,0,-99,28.2,28.6
23:45:06,36.5983,-121.7711, 1323,1327,1318,1351,1329,1368, 338,374,359,333,323,340, 187,44,2490,14, 22.9,18.9,2.2, 14,0,-99,28.2,28.7
23:45:12,36.6007,-121.7745, 1322,1324,1316,1348,1326,1365, 337,373,360,332,322,338, 187,43,2480,14, 22.9,19.0,2.3, 15,0,-99,28.2,28.6
23:45:18,36.6029,-121.7773, 1317,1322,1314,1347,1323,1364, 339,373,360,333,324,341, 187,43,2490,14, 22.8,18.9,2.3, 15,0,-99,28.2,28.7
23:45:24,36.6052,-121.7802, 1315,1320,1310,1344,1320,1360, 338,373,361,334,324,340, 188,43,2480,14, 22.7,18.9,2.3, 14,0,-99,28.2,28.7
23:45:30,36.6072,-121.7829, 1311,1317,1307,1340,1318,1357, 338,373,361,333,324,341, 188,43,2480,14, 22.6,18.7,2.4, 14,0,-99,28.2,28.6
23:45:36,36.6093,-121.7858, 1336,1340,1330,1367,1343,1380, 335,371,359,331,322,338, 188,43,2480,13, 22.5,17.8,2.4, 15,0,-99,28.2,28.6
23:45:42,36.6113,-121.7888, 1343,1345,1337,1373,1351,1385, 335,371,359,332,322,338, 189,43,2490,13, 22.4,17.8,2.4, 14,0,-99,28.2,28.6
23:45:48,36.6139,-121.7922, 1353,1355,1347,1382,1361,1395, 335,370,359,330,321,337, 189,43,2490,13, 22.4,17.3,2.5, 14,0,-99,28.3,28.6
23:45:54,36.6160,-121.7951, 1361,1362,1354,1392,1367,1402, 336,371,360,331,322,339, 189,43,2490,13, 22.4,17.4,2.5, 14,0,-99,28.3,28.6
23:46:00,36.6182,-121.7982, 1363,1364,1357,1393,1368,1405, 335,370,360,331,321,338, 190,43,2480,12, 22.4,17.3,2.5, 14,0,-99,28.2,28.6
23:46:06,36.6208,-121.8018, 1363,1366,1357,1394,1371,1406, 335,370,360,331,322,339, 189,43,2480,12, 22.4,17.4,2.6, 14,0,-99,28.3,28.6
23:46:12,36.6228,-121.8052, 1364,1365,1358,1393,1370,1407, 335,370,361,331,323,339, 189,43,2490,12, 22.4,17.3,2.6, 14,0,-99,28.2,28.6
23:46:18,36.6249,-121.8087, 1362,1364,1357,1393,1369,1407, 337,371,362,332,324,341, 189,43,2480,12, 22.3,17.3,2.6, 14,0,-99,28.3,28.6
23:46:24,36.6273,-121.8118, 1361,1363,1354,1391,1367,1402, 336,372,363,332,325,340, 189,43,2490,12, 22.3,17.4,2.7, 14,0,-99,28.2,28.6
23:46:30,36.6304,-121.8155, 1361,1362,1354,1390,1367,1402, 336,372,362,332,324,341, 189,43,2490,12, 22.2,17.3,2.7, 14,0,-99,28.2,28.7
23:46:36,36.6330,-121.8186, 1359,1361,1352,1387,1364,1402, 335,372,362,333,323,341, 189,43,2480,12, 22.2,17.3,2.7, 14,0,-99,28.2,28.6
23:46:42,36.6356,-121.8217, 1358,1358,1351,1386,1361,1400, 336,371,363,333,325,341, 189,43,2480,12, 22.2,17.3,2.7, 14,0,-99,28.2,28.7
23:46:48,36.6381,-121.8248, 1354,1356,1348,1385,1361,1396, 335,371,362,332,323,340, 189,43,2490,12, 22.1,17.2,2.8, 14,0,-99,28.2,28.6
23:46:54,36.6405,-121.8281, 1355,1356,1347,1385,1358,1396, 334,370,361,331,322,339, 189,43,2480,12, 22.1,17.3,2.8, 14,0,-99,28.2,28.6
23:47:00,36.6433,-121.8320, 1353,1355,1346,1382,1358,1395, 334,370,361,331,323,339, 189,43,2480,12, 22.1,17.3,2.8, 14,0,-99,28.2,28.6
23:47:06,36.6457,-121.8353, 1352,1352,1345,1382,1356,1396, 335,371,362,332,324,340, 189,43,2490,12, 22.0,17.3,2.9, 13,0,-99,28.2,28.6
23:47:12,36.6481,-121.8385, 1351,1351,1344,1382,1356,1395, 335,371,362,332,324,341, 189,43,2480,12, 22.0,17.3,2.9, 14,0,-99,28.2,28.7
23:47:18,36.6503,-121.8418, 1348,1348,1342,1380,1354,1394, 334,370,362,331,324,339, 189,43,2480,12, 22.0,17.3,2.9, 14,0,-99,28.2,28.6
23:47:24,36.6527,-121.8451, 1346,1347,1339,1377,1349,1391, 335,370,362,332,323,340, 189,43,2480,12, 21.9,17.3,2.9, 13,0,-99,28.2,28.6
23:47:30,36.6551,-121.8483, 1344,1347,1338,1374,1349,1390, 334,369,360,330,322,339, 189,43,2480,12, 21.9,17.3,3.0, 14,0,-99,28.2,28.6
23:47:36,36.6575,-121.8514, 1343,1344,1335,1373,1347,1388, 334,368,360,330,322,338, 189,43,2490,12, 21.9,17.3,3.0, 13,0,-99,28.2,28.6
23:47:42,36.6599,-121.8547, 1343,1346,1335,1372,1347,1389, 334,369,361,331,322,339, 189,43,2480,12, 21.8,17.4,3.0, 13,0,-99,28.3,28.6
23:47:48,36.6628,-121.8583, 1341,1343,1335,1371,1345,1387, 334,369,360,330,322,338, 189,43,2480,12, 21.8,17.3,3.1, 14,0,-99,28.3,28.6
23:48:00,36.6652,-121.8615, 1340,1341,1334,1370,1346,1386, 333,369,360,330,322,338, 189,43,2480,12, 21.8,17.3,3.1, 13,0,-99,28.2,28.6
23:48:06,36.6677,-121.8648, 1340,1340,1332,1370,1340,1386, 333,369,359,330,320,338, 189,43,2480,12, 21.7,17.3,3.1, 13,0,-99,28.3,28.6
23:48:12,36.6704,-121.8686, 1338,1337,1329,1366,1339,1385, 330,367,357,328,319,336, 189,43,2480,13, 21.7,17.3,3.2, 13,0,-99,28.2,28.7
23:48:18,36.6728,-121.8717, 1346,1349,1337,1374,1348,1392, 331,366,356,328,319,336, 189,43,2480,12, 21.7,16.9,3.2, 14,0,-99,28.2,28.6
23:48:24,36.6752,-121.8749, 1348,1350,1340,1376,1351,1393, 332,368,358,329,321,336, 189,43,2480,12, 21.6,16.9,3.2, 13,0,-99,28.3,28.6
23:48:30,36.6776,-121.8782, 1349,1349,1340,1377,1350,1394, 332,367,357,329,320,336, 189,43,2480,12, 21.6,16.9,3.2, 13,0,-99,28.3,28.7
23:48:36,36.6804,-121.8820, 1349,1349,1341,1376,1350,1393, 331,366,356,328,318,336, 189,43,2480,12, 21.6,16.9,3.3, 14,0,-99,28.2,28.6
23:48:42,36.6828,-121.8854, 1349,1350,1341,1376,1351,1394, 330,366,356,328,319,335, 189,43,2480,12, 21.6,16.9,3.3, 14,0,-99,28.2,28.7
23:48:48,36.6853,-121.8887, 1347,1349,1340,1376,1349,1392, 330,366,356,327,318,335, 188,43,2480,12, 21.5,17.0,3.3, 14,0,-99,28.3,28.7
23:48:54,36.6877,-121.8919, 1348,1348,1340,1377,1351,1393, 329,366,355,328,317,335, 188,43,2490,12, 21.5,16.9,3.4, 13,0,-99,28.2,28.6
23:49:00,36.6901,-121.8954, 1346,1346,1341,1374,1350,1393, 327,364,353,326,316,332, 188,43,2490,11, 21.5,17.0,3.4, 13,0,-99,28.2,28.7
23:49:06,36.6925,-121.8988, 1347,1347,1339,1375,1350,1393, 328,365,353,326,316,333, 188,43,2490,11, 21.5,17.0,3.4, 13,0,-99,28.2,28.6
23:49:12,36.6951,-121.9022, 1349,1348,1339,1376,1350,1393, 329,365,354,326,316,333, 188,43,2490,11, 21.6,17.0,3.4, 13,0,-99,28.3,28.7
23:49:18,36.6979,-121.9057, 1347,1350,1340,1377,1350,1395, 328,364,353,327,316,333, 187,43,2490,11, 21.6,17.0,3.5, 13,0,-99,28.2,28.7
23:49:24,36.7004,-121.9094, 1349,1349,1340,1377,1350,1395, 327,363,352,326,315,331, 187,43,2490,11, 21.6,17.0,3.5, 13,0,-99,28.2,28.6
23:49:30,36.7035,-121.9137, 1350,1348,1342,1377,1353,1396, 327,363,351,325,315,332, 186,44,2490,11, 21.6,17.0,3.5, 13,0,-99,28.2,28.6
23:49:36,36.7063,-121.9177, 1353,1351,1345,1379,1354,1400, 326,363,350,325,314,331, 186,44,2490,12, 21.7,17.0,3.6, 13,0,-99,28.2,28.7
23:49:42,36.7092,-121.9215, 1352,1352,1345,1380,1353,1400, 326,363,349,324,313,331, 185,44,2490,12, 21.7,17.1,3.6, 13,0,-99,28.2,28.7
23:49:48,36.7119,-121.9252, 1350,1348,1342,1377,1349,1397, 324,361,349,323,312,328, 185,44,2490,12, 21.7,17.0,3.6, 13,0,-99,28.3,28.6
23:49:54,36.7149,-121.9290, 1349,1348,1342,1374,1348,1397, 323,360,347,322,311,328, 185,44,2490,12, 21.7,17.0,3.7, 13,0,-99,28.2,28.6
23:50:00,36.7183,-121.9336, 1350,1349,1342,1375,1350,1397, 322,359,346,322,309,327, 184,44,2500,12, 21.7,17.0,3.7, 14,0,-99,28.2,28.7
23:50:06,36.7212,-121.9376, 1353,1350,1344,1380,1351,1402, 321,357,344,320,308,325, 184,44,2500,12, 21.7,17.0,3.7, 12,0,-99,28.2,28.6
23:50:12,36.7240,-121.9415, 1356,1354,1347,1383,1354,1403, 319,357,344,321,308,325, 183,44,2500,12, 21.8,17.1,3.7, 13,0,-99,28.1,28.6
23:50:18,36.7269,-121.9457, 1359,1356,1350,1385,1357,1405, 319,357,343,320,307,324, 183,44,2500,12, 21.8,17.0,3.8, 13,0,-99,28.2,28.6
23:50:24,36.7298,-121.9498, 1360,1356,1352,1387,1357,1407, 318,357,343,320,305,324, 182,44,2500,13, 21.8,17.0,3.8, 14,0,-99,28.2,28.7
23:50:30,36.7327,-121.9537, 1359,1357,1352,1385,1357,1407, 315,353,340,316,303,320, 182,44,2500,13, 21.7,17.0,3.8, 14,0,-99,28.2,28.7
23:50:36,36.7356,-121.9577, 1359,1355,1350,1383,1356,1406, 315,353,339,315,302,319, 182,45,2500,12, 21.7,17.1,3.9, 13,0,-99,28.2,28.7
23:50:42,36.7391,-121.9623, 1360,1357,1350,1385,1356,1407, 313,352,338,314,301,318, 181,45,2500,12, 21.7,17.1,3.9, 13,0,-99,28.2,28.6
23:50:48,36.7422,-121.9661, 1360,1356,1350,1385,1356,1407, 313,351,338,314,301,318, 181,45,2500,12, 21.7,17.1,3.9, 13,0,-99,28.2,28.7
23:50:54,36.7451,-121.9700, 1360,1357,1350,1383,1355,1406, 312,350,337,313,300,317, 180,45,2500,13, 21.7,17.1,3.9, 13,0,-99,28.2,28.7
23:51:00,36.7480,-121.9740, 1360,1356,1350,1385,1357,1405, 314,352,338,315,302,319, 180,45,2500,13, 21.7,17.0,4.0, 13,0,-99,28.1,28.7
23:51:06,36.7507,-121.9779, 1360,1355,1350,1384,1356,1407, 312,350,337,313,303,317, 180,45,2500,13, 21.7,17.1,4.0, 13,0,-99,28.2,28.6
23:51:12,36.7537,-121.9819, 1359,1356,1350,1383,1357,1405, 311,349,336,311,301,316, 179,45,2500,13, 21.7,17.1,4.0, 13,0,-99,28.2,28.7
23:51:24,36.7569,-121.9865, 1359,1356,1349,1383,1356,1406, 311,347,335,310,301,314, 179,45,2500,13, 21.7,17.1,4.1, 12,0,-99,28.2,28.7
23:51:30,36.7598,-121.9905, 1359,1356,1350,1384,1357,1407, 311,348,335,310,300,314, 179,45,2500,12, 21.7,17.1,4.1, 13,0,-99,28.3,28.7
23:51:36,36.7626,-121.9944, 1359,1357,1352,1385,1360,1407, 313,349,336,311,303,315, 179,45,2500,12, 21.7,17.1,4.1, 12,0,-99,28.2,28.7
23:51:42,36.7655,-121.9982, 1360,1357,1352,1385,1359,1409, 311,346,334,309,301,312, 179,45,2500,12, 21.7,17.0,4.1, 13,0,-99,28.2,28.7
23:51:48,36.7682,-122.0021, 1360,1357,1352,1384,1359,1408, 310,347,334,309,301,313, 178,45,2500,12, 21.7,17.1,4.2, 13,0,-99,28.2,28.7
23:51:54,36.7712,-122.0061, 1357,1357,1350,1383,1356,1407, 311,345,333,307,301,311, 178,45,2500,12, 21.7,17.1,4.2, 12,0,-99,28.2,28.7
23:52:00,36.7741,-122.0100, 1357,1356,1350,1383,1357,1407, 310,346,333,308,302,311, 178,45,2500,12, 21.7,17.1,4.2, 13,0,-99,28.2,28.7
23:52:06,36.7775,-122.0145, 1359,1357,1350,1386,1359,1406, 311,346,334,308,304,312, 178,45,2500,12, 21.7,17.1,4.3, 13,0,-99,28.2,28.7
23:52:12,36.7803,-122.0184, 1360,1357,1352,1385,1359,1408, 310,345,333,307,303,310, 178,45,2500,12, 21.7,17.1,4.3, 13,0,-99,28.3,28.7
23:52:18,36.7832,-122.0224, 1359,1357,1352,1385,1357,1407, 311,345,333,307,304,310, 178,45,2500,12, 21.7,17.1,4.3, 13,0,-99,28.2,28.7
23:52:24,36.7861,-122.0262, 1359,1359,1351,1386,1359,1408, 311,345,334,307,304,310, 178,45,2500,12, 21.7,17.0,4.4, 13,0,-99,28.2,28.7
23:52:30,36.7888,-122.0301, 1360,1359,1353,1387,1360,1407, 311,344,333,307,304,310, 178,45,2500,12, 21.7,17.1,4.4, 13,0,-99,28.2,28.7
23:52:36,36.7923,-122.0347, 1360,1360,1353,1386,1360,1408, 312,346,334,308,306,312, 177,45,2500,12, 21.7,17.2,4.4, 13,0,-99,28.2,28.7
23:52:42,36.7950,-122.0385, 1360,1358,1353,1387,1359,1408, 313,346,335,309,306,311, 177,45,2500,12, 21.7,17.2,4.4, 12,0,-99,28.2,28.7
23:52:48,36.7979,-122.0425, 1360,1357,1351,1386,1360,1407, 312,345,332,308,306,311, 177,45,2510,11, 21.7,17.1,4.5, 13,0,-99,28.3,28.7
23:52:54,36.8009,-122.0462, 1362,1359,1352,1387,1361,1408, 311,345,332,307,306,310, 177,45,2500,11, 21.7,17.2,4.5, 12,0,-99,28.3,28.7
23:53:00,36.8038,-122.0504, 1361,1358,1352,1387,1361,1407, 312,345,333,308,307,311, 176,45,2500,12, 21.7,17.1,4.5, 12,0,-99,28.2,28.7
23:53:06,36.8067,-122.0543, 1360,1359,1353,1386,1360,1410, 312,345,331,306,307,309, 176,45,2500,12, 21.7,17.1,4.6, 13,0,-99,28.2,28.7
23:53:12,36.8094,-122.0584, 1360,1360,1354,1387,1360,1410, 313,346,331,308,307,311, 176,45,2500,11, 21.7,17.1,4.6, 13,0,-99,28.3,28.7
23:53:18,36.8122,-122.0624, 1361,1359,1352,1387,1360,1408, 312,346,330,307,307,310, 176,45,2500,11, 21.7,17.1,4.6, 13,0,-99,28.2,28.7
23:53:24,36.8151,-122.0663, 1360,1360,1354,1387,1361,1408, 311,345,329,307,307,310, 175,45,2500,11, 21.7,17.1,4.6, 13,0,-99,28.2,28.6
23:53:30,36.8185,-122.0710, 1360,1359,1353,1384,1361,1410, 312,345,329,308,307,310, 175,45,2500,11, 21.7,17.1,4.7, 13,0,-99,28.3,28.7
23:53:36,36.8215,-122.0747, 1359,1358,1353,1384,1360,1407, 311,345,330,307,308,310, 175,46,2500,11, 21.7,17.1,4.7, 13,0,-99,28.2,28.7
23:53:42,36.8244,-122.0787, 1359,1358,1351,1384,1360,1408, 310,344,329,307,307,310, 175,46,2500,11, 21.7,17.1,4.7, 13,0,-99,28.3,28.7
23:53:48,36.8273,-122.0825, 1359,1357,1352,1384,1358,1408, 309,344,329,306,307,309, 175,46,2500,11, 21.7,17.1,4.8, 13,0,-99,28.2,28.7
23:53:54,36.8302,-122.0864, 1357,1357,1352,1383,1359,1408, 311,344,329,306,308,310, 174,46,2510,10, 21.7,17.2,4.8, 13,0,-99,28.3,28.6
23:54:00,36.8330,-122.0904, 1356,1358,1351,1383,1358,1408, 311,344,329,307,307,310, 174,46,2510,10, 21.7,17.1,4.8, 13,0,-99,28.3,28.6
23:54:06,36.8364,-122.0952, 1359,1359,1354,1384,1361,1408, 310,343,328,305,307,308, 174,46,2510,10, 21.7,17.2,4.9, 13,0,-99,28.3,28.7
23:54:12,36.8391,-122.0993, 1362,1360,1354,1387,1362,1410, 309,343,329,305,306,308, 174,46,2510,11, 21.7,17.2,4.9, 13,0,-99,28.2,28.6
23:54:18,36.8421,-122.1034, 1363,1361,1354,1387,1363,1411, 309,342,328,305,306,307, 174,46,2510,11, 21.7,17.2,4.9, 14,0,-99,28.2,28.7
23:54:24,36.8450,-122.1075, 1364,1361,1355,1387,1362,1410, 308,342,327,305,305,308, 174,46,2510,11, 21.7,17.1,4.9, 13,0,-99,28.1,28.7
23:54:30,36.8486,-122.1122, 1362,1362,1356,1388,1362,1410, 309,342,328,307,307,310, 173,46,2510,11, 21.7,17.2,5.0, 13,0,-99,28.2,28.7
23:54:36,36.8517,-122.1163, 1363,1363,1356,1387,1362,1411, 309,343,329,305,305,308, 173,46,2500,11, 21.7,17.1,5.0, 13,0,-99,28.3,28.6
23:54:42,36.8546,-122.1204, 1361,1363,1355,1387,1361,1410, 310,344,328,304,305,309, 173,46,2510,11, 21.7,17.2,5.0, 13,0,-99,28.2,28.6
23:54:48,36.8577,-122.1245, 1361,1364,1354,1388,1361,1411, 310,342,327,304,306,308, 173,46,2510,11, 21.7,17.1,5.1, 13,0,-99,28.2,28.6
23:54:54,36.8608,-122.1285, 1362,1361,1355,1388,1361,1410, 309,342,328,305,305,307, 173,46,2510,11, 21.7,17.1,5.1, 13,0,-99,28.3,28.7
23:55:06,36.8644,-122.1324, 1361,1361,1354,1387,1362,1410, 309,342,327,304,305,307, 173,46,2510,11, 21.7,17.1,5.1, 13,0,-99,28.3,28.7
23:55:12,36.8673,-122.1371, 1358,1357,1352,1383,1357,1407, 309,343,328,304,305,307, 172,46,2500,10, 21.7,17.2,5.1, 13,0,-99,28.2,28.6
23:55:18,36.8704,-122.1410, 1358,1357,1351,1383,1359,1407, 307,341,324,304,304,307, 172,46,2510,10, 21.7,17.1,5.2, 13,0,-99,28.2,28.7
23:55:24,36.8733,-122.1451, 1360,1359,1354,1386,1360,1408, 307,342,326,305,305,307, 172,46,2510,10, 21.7,17.2,5.2, 13,0,-99,28.3,28.6
23:55:30,36.8760,-122.1492, 1360,1361,1357,1387,1363,1410, 306,341,325,303,303,305, 172,46,2510,11, 21.7,17.2,5.2, 13,0,-99,28.2,28.8
23:55:36,36.8790,-122.1535, 1363,1363,1357,1387,1363,1411, 305,340,323,301,303,306, 172,46,2510,11, 21.7,17.2,5.3, 14,0,-99,28.2,28.6
23:55:42,36.8817,-122.1577, 1362,1362,1356,1387,1362,1410, 305,339,323,302,303,305, 172,46,2510,11, 21.7,17.2,5.3, 13,0,-99,28.2,28.6
23:55:48,36.8846,-122.1618, 1363,1364,1357,1389,1363,1411, 305,340,324,302,302,305, 172,46,2510,11, 21.7,17.1,5.3, 14,0,-99,28.2,28.8
23:55:54,36.8877,-122.1657, 1362,1362,1356,1388,1362,1411, 306,340,324,301,301,305, 172,46,2510,11, 21.7,17.2,5.4, 13,0,-99,28.2,28.8
23:56:00,36.8908,-122.1698, 1363,1363,1357,1388,1363,1412, 305,340,324,301,301,304, 172,46,2510,11, 21.7,17.1,5.4, 14,0,-99,28.3,28.7
23:56:06,36.8944,-122.1745, 1363,1363,1357,1388,1361,1412, 308,341,324,303,304,307, 172,46,2510,11, 21.7,17.3,5.4, 13,0,-99,28.2,28.7
23:56:12,36.8973,-122.1786, 1363,1363,1357,1388,1361,1411, 309,342,325,303,304,308, 172,46,2510,11, 21.7,17.2,5.4, 13,0,-99,28.2,28.6
23:56:18,36.9003,-122.1829, 1360,1362,1356,1387,1362,1408, 307,341,324,302,304,307, 172,46,2510,11, 21.7,17.1,5.5, 13,0,-99,28.3,28.6
23:56:24,36.9032,-122.1870, 1363,1363,1356,1386,1363,1411, 306,343,324,303,304,307, 172,46,2510,11, 21.7,17.1,5.5, 13,0,-99,28.2,28.6
23:56:30,36.9061,-122.1911, 1363,1361,1356,1387,1363,1411, 306,341,323,301,302,307, 172,46,2510,11, 21.7,17.2,5.5, 13,0,-99,28.2,28.7
23:56:36,36.9090,-122.1953, 1360,1363,1354,1386,1360,1412, 308,341,324,305,304,308, 172,46,2510,11, 21.7,17.1,5.6, 13,0,-99,28.2,28.6
23:56:42,36.9119,-122.1994, 1360,1363,1356,1388,1363,1412, 308,342,324,305,303,307, 171,46,2510,11, 21.7,17.2,5.6, 13,0,-99,28.2,28.6
23:56:48,36.9150,-122.2035, 1363,1363,1356,1389,1361,1411, 309,341,324,304,304,307, 172,46,2510,11, 21.7,17.2,5.6, 14,0,-99,28.3,28.8
23:56:54,36.9184,-122.2083, 1363,1363,1354,1389,1363,1412, 308,342,323,305,303,308, 172,46,2510,11, 21.7,17.1,5.6, 13,0,-99,28.2,28.7
23:57:00,36.9214,-122.2124, 1363,1363,1354,1388,1363,1412, 306,340,323,303,301,306, 172,46,2510,11, 21.7,17.1,5.7, 13,0,-99,28.2,28.7
23:57:06,36.9243,-122.2165, 1363,1363,1354,1388,1363,1411, 308,341,323,304,303,306, 171,46,2510,11, 21.7,17.2,5.7, 13,0,-99,28.2,28.6
23:57:12,36.9274,-122.2205, 1363,1363,1356,1388,1364,1410, 308,342,322,304,303,307, 171,46,2510,11, 21.7,17.2,5.7, 13,0,-99,28.3,28.7
23:57:18,36.9303,-122.2246, 1361,1363,1354,1388,1363,1412, 308,341,322,305,304,307, 172,46,2510,11, 21.7,17.1,5.8, 13,0,-99,28.3,28.7
23:57:24,36.9332,-122.2289, 1363,1363,1356,1386,1361,1413, 308,342,323,304,303,306, 172,46,2510,11, 21.7,17.1,5.8, 13,0,-99,28.2,28.7
23:57:30,36.9363,-122.2330, 1360,1363,1354,1386,1363,1412, 309,343,322,303,304,308, 171,46,2510,10, 21.7,17.1,5.8, 13,0,-99,28.2,28.7
23:57:36,36.9397,-122.2377, 1360,1361,1356,1387,1361,1411, 307,342,320,303,303,308, 171,46,2510,10, 21.7,17.2,5.8, 13,0,-99,28.2,28.6
23:57:42,36.9428,-122.2418, 1363,1363,1354,1387,1363,1412, 308,343,321,303,303,308, 171,46,2510,10, 21.7,17.1,5.9, 13,0,-99,28.2,28.7
23:57:48,36.9459,-122.2459, 1363,1363,1354,1387,1363,1411, 308,342,322,304,304,308, 171,46,2510,10, 21.7,17.1,5.9, 13,0,-99,28.2,28.6
23:57:54,36.9488,-122.2502, 1363,1363,1357,1387,1361,1411, 308,343,321,305,304,308, 171,46,2510,11, 21.7,17.2,5.9, 14,0,-99,28.2,28.7
23:58:00,36.9519,-122.2543, 1363,1363,1357,1387,1363,1414, 309,343,322,306,305,308, 171,46,2510,11, 21.7,17.2,6.0, 14,0,-99,28.2,28.7
23:58:06,36.9550,-122.2584, 1357,1357,1348,1381,1357,1408, 308,344,320,304,304,309, 171,46,2510,11, 21.7,17.5,6.0, 14,0,-99,28.3,28.7
23:58:12,36.9581,-122.2625, 1361,1361,1353,1386,1363,1411, 308,343,321,304,305,308, 171,46,2510,10, 21.7,17.2,6.0, 13,0,-99,28.2,28.6
23:58:18,36.9610,-122.2668, 1360,1360,1353,1387,1363,1411, 309,343,322,304,305,308, 171,46,2510,10, 21.7,17.2,6.1, 13,0,-99,28.3,28.6
23:58:24,36.9641,-122.2711, 1361,1363,1354,1388,1366,1412, 309,343,321,305,304,308, 171,46,2510,10, 21.7,17.1,6.1, 13,0,-99,28.3,28.6
23:58:30,36.9682,-122.2766, 1363,1364,1357,1390,1366,1414, 310,343,320,304,305,308, 171,46,2510,10, 21.7,17.1,6.1, 13,0,-99,28.2,28.6
23:58:36,36.9713,-122.2809, 1364,1364,1357,1390,1364,1414, 309,343,320,303,305,309, 171,46,2510,10, 21.7,17.2,6.1, 13,0,-99,28.2,28.6
23:58:42,36.9744,-122.2852, 1366,1366,1357,1390,1366,1413, 308,343,321,305,305,307, 170,46,2510,10, 21.7,17.2,6.2, 13,0,-99,28.2,28.6
23:58:48,36.9770,-122.2886, 1364,1367,1357,1390,1366,1414, 308,343,319,304,303,309, 170,46,2510,10, 21.7,17.2,6.2, 13,0,-99,28.3,28.8
23:58:54,36.9806,-122.2936, 1364,1366,1357,1389,1366,1414, 309,343,320,305,304,308, 170,46,2510,10, 21.7,17.2,6.2, 13,0,-99,28.2,28.6
23:59:06,36.9839,-122.2979, 1364,1364,1356,1389,1366,1414, 307,342,319,305,305,307, 170,46,2510,10, 21.7,17.2,6.3, 13,0,-99,28.2,28.7
23:59:12,36.9869,-122.3022, 1366,1364,1357,1391,1366,1413, 309,343,320,305,304,307, 170,46,2510,10, 21.8,17.2,6.3, 13,0,-99,28.3,28.7
23:59:18,36.9900,-122.3065, 1363,1364,1357,1391,1366,1413, 309,342,320,305,305,308, 170,46,2510,10, 21.7,17.1,6.3, 13,0,-99,28.2,28.7
23:59:24,36.9936,-122.3115, 1363,1363,1356,1390,1364,1413, 308,343,319,305,303,308, 170,46,2510,10, 21.7,17.1,6.4, 13,0,-99,28.2,28.7
23:59:30,36.9969,-122.3158, 1363,1363,1357,1388,1363,1412, 309,342,319,304,304,308, 170,46,2510,10, 21.7,17.2,6.4, 14,0,-99,28.2,28.7
23:59:36,37.0000,-122.3200, 1366,1366,1357,1389,1364,1414, 307,342,319,304,303,307, 170,46,2510,10, 21.8,17.2,6.4, 13,0,-99,28.3,28.6
23:59:42,37.0038,-122.3250, 1364,1364,1357,1390,1366,1414, 306,340,316,302,303,307, 170,46,2510,10, 21.8,17.1,6.4, 13,0,-99,28.2,28.6
23:59:48,37.0069,-122.3293, 1366,1364,1357,1389,1366,1415, 307,342,319,304,303,307, 170,46,2510,11, 21.8,17.2,6.5, 13,0,-99,28.2,28.7
23:59:54,37.0099,-122.3336, 1366,1364,1357,1390,1366,1414, 305,340,316,303,302,306, 170,46,2510,11, 21.8,17.2,6.5, 13,0,-99,28.3,28.7
00:00:00,37.0130,-122.3381, 1366,1364,1357,1391,1367,1414, 307,342,319,302,302,307, 170,46,2510,11, 21.8,17.1,6.5, 14,0,-99,28.3,28.8
00:00:06,37.0161,-122.3427, 1364,1366,1357,1390,1366,1414, 308,341,318,304,303,306, 169,46,2510,11, 21.8,17.2,6.6, 13,0,-99,28.2,28.6
00:00:12,37.0194,-122.3470, 1363,1367,1357,1390,1366,1414, 307,342,319,303,301,306, 169,46,2510,11, 21.8,17.2,6.6, 13,0,-99,28.3,28.7
00:00:18,37.0225,-122.3515, 1364,1366,1357,1390,1363,1412, 308,341,318,304,303,307, 169,46,2510,11, 21.8,17.1,6.6, 13,0,-99,28.3,28.7
00:00:24,37.0268,-122.3573, 1363,1364,1357,1390,1364,1415, 307,342,319,304,302,307, 169,46,2510,11, 21.8,17.2,6.6, 13,0,-99,28.2,28.8
00:00:30,37.0299,-122.3618, 1364,1366,1357,1391,1366,1416, 306,342,317,303,302,308, 169,46,2510,11, 21.8,17.2,6.7, 13,0,-99,28.2,28.7
00:00:36,37.0331,-122.3661, 1363,1364,1358,1391,1364,1415, 306,341,317,301,302,307, 169,46,2510,11, 21.8,17.2,6.7, 13,0,-99,28.2,28.7
00:00:42,37.0364,-122.3703, 1363,1364,1358,1391,1367,1417, 305,340,316,300,301,305, 169,46,2510,11, 21.8,17.2,6.7, 13,0,-99,28.2,28.6
00:00:48,37.0395,-122.3748, 1363,1366,1357,1391,1367,1415, 304,340,316,301,300,306, 169,46,2510,11, 21.8,17.1,6.8, 13,0,-99,28.2,28.6
00:00:54,37.0427,-122.3791, 1363,1367,1357,1389,1367,1417, 306,339,315,299,300,305, 169,46,2510,11, 21.8,17.1,6.8, 13,0,-99,28.2,28.7
00:01:00,37.0458,-122.3834, 1366,1364,1357,1391,1364,1416, 306,339,315,299,300,305, 169,46,2510,10, 21.7,17.2,6.8, 14,0,-99,28.3,28.7
00:01:06,37.0489,-122.3879, 1366,1364,1357,1391,1363,1415, 305,337,315,300,300,304, 169,46,2510,10, 21.7,17.2,6.9, 14,0,-99,28.3,28.6
00:01:12,37.0520,-122.3921, 1366,1364,1357,1391,1366,1415, 307,339,317,302,301,305, 169,46,2510,10, 21.8,17.2,6.9, 13,0,-99,28.2,28.6
00:01:18,37.0556,-122.3973, 1365,1365,1359,1390,1367,1414, 306,341,318,302,301,307, 168,46,2510,10, 21.8,17.2,6.9, 13,0,-99,28.2,28.7
00:01:24,37.0589,-122.4016, 1367,1367,1360,1393,1367,1418, 305,339,315,299,300,305, 168,47,2520,10, 21.8,17.2,6.9, 13,0,-99,28.3,28.5
00:01:30,37.0620,-122.4061, 1367,1366,1360,1391,1367,1417, 305,341,318,302,301,305, 168,46,2510,10, 21.8,17.2,7.0, 13,0,-99,28.3,28.7
00:01:36,37.0652,-122.4102, 1364,1368,1360,1392,1366,1417, 307,340,316,301,300,306, 168,47,2510,10, 21.8,17.1,7.0, 13,0,-99,28.3,28.6
00:01:42,37.0688,-122.4151, 1363,1368,1360,1391,1366,1417, 307,341,316,301,301,306, 168,47,2510,10, 21.8,17.2,7.0, 14,0,-99,28.2,28.7
00:01:54,37.0719,-122.4194, 1363,1367,1357,1390,1365,1414, 305,338,316,300,300,304, 168,46,2510,10, 21.8,17.2,7.1, 13,0,-99,28.2,28.6
00:02:00,37.0750,-122.4236, 1363,1367,1357,1390,1363,1414, 307,341,317,301,301,306, 168,47,2510,10, 21.7,17.2,7.1, 13,0,-99,28.2,28.7
00:02:06,37.0779,-122.4279, 1363,1365,1357,1388,1365,1414, 305,339,317,302,301,305, 168,47,2510,10, 21.7,17.2,7.1, 13,0,-99,28.3,28.7
00:02:12,37.0814,-122.4327, 1364,1367,1356,1390,1367,1414, 306,340,316,301,301,306, 168,47,2510,10, 21.7,17.2,7.2, 13,0,-99,28.2,28.7
00:02:18,37.0843,-122.4370, 1363,1367,1357,1390,1366,1416, 304,338,316,300,299,304, 168,47,2510,10, 21.7,17.2,7.2, 13,0,-99,28.3,28.7
00:02:24,37.0875,-122.4418, 1365,1366,1358,1390,1366,1416, 305,339,316,301,300,306, 168,47,2510,10, 21.7,17.2,7.2, 13,0,-99,28.2,28.6
00:02:30,37.0905,-122.4459, 1365,1366,1357,1390,1365,1414, 305,338,315,298,300,305, 168,47,2510,10, 21.7,17.2,7.2, 13,0,-99,28.2,28.7
00:02:36,37.0935,-122.4498, 1363,1364,1355,1387,1363,1413, 303,338,315,300,298,304, 168,47,2510,10, 21.7,17.2,7.3, 13,0,-99,28.3,28.7
00:02:42,37.0965,-122.4538, 1361,1364,1355,1387,1363,1413, 306,339,316,301,301,304, 168,47,2510,10, 21.7,17.3,7.3, 13,0,-99,28.2,28.7
00:02:48,37.0994,-122.4577, 1363,1363,1356,1388,1363,1413, 307,340,317,300,302,306, 168,47,2510,10, 21.7,17.1,7.3, 13,0,-99,28.2,28.6
00:02:54,37.1023,-122.4618, 1364,1363,1355,1387,1365,1413, 307,340,316,301,302,306, 169,47,2510,10, 21.7,17.3,7.4, 13,0,-99,28.2,28.7
00:03:00,37.1057,-122.4665, 1364,1364,1355,1388,1365,1413, 305,340,318,302,301,305, 169,46,2510,10, 21.7,17.2,7.4, 13,0,-99,28.3,28.7
00:03:06,37.1086,-122.4708, 1364,1363,1356,1390,1367,1410, 306,340,316,302,303,306, 169,46,2510,10, 21.7,17.2,7.4, 12,0,-99,28.2,28.6
00:03:12,37.1114,-122.4749, 1365,1365,1355,1388,1364,1413, 307,341,316,301,303,307, 169,46,2510,10, 21.7,17.3,7.4, 13,0,-99,28.2,28.8
00:03:18,37.1145,-122.4790, 1366,1367,1356,1390,1365,1413, 307,342,318,302,303,307, 169,46,2510,10, 21.7,17.2,7.5, 13,0,-99,28.2,28.6
00:03:24,37.1174,-122.4831, 1364,1367,1357,1390,1365,1416, 307,342,318,302,303,308, 169,47,2510,10, 21.7,17.1,7.5, 13,0,-99,28.2,28.6
00:03:30,37.1207,-122.4871, 1363,1366,1356,1390,1365,1414, 307,342,318,303,304,308, 169,46,2510,10, 21.7,17.2,7.5, 13,0,-99,28.2,28.7
00:03:36,37.1238,-122.4912, 1362,1366,1356,1390,1364,1414, 308,342,318,302,304,308, 169,47,2510,10, 21.7,17.1,7.6, 13,0,-99,28.2,28.6
00:03:42,37.1272,-122.4960, 1363,1363,1355,1390,1364,1413, 309,341,318,302,303,307, 169,47,2510,11, 21.7,17.2,7.6, 13,0,-99,28.3,28.6
00:03:48,37.1303,-122.5001, 1363,1363,1354,1388,1364,1411, 307,342,318,302,303,307, 169,46,2510,11, 21.7,17.1,7.6, 13,0,-99,28.2,28.6
00:03:54,37.1332,-122.5044, 1363,1362,1354,1388,1363,1411, 307,342,320,304,302,307, 169,46,2510,11, 21.7,17.2,7.7, 13,0,-99,28.2,28.7
00:04:00,37.1361,-122.5085, 1364,1364,1357,1387,1365,1411, 305,341,318,303,303,306, 169,46,2510,11, 21.7,17.2,7.7, 13,0,-99,28.2,28.7
00:04:06,37.1390,-122.5127, 1362,1365,1355,1388,1365,1413, 307,343,319,304,303,309, 169,46,2510,11, 21.7,17.2,7.7, 13,0,-99,28.2,28.7
00:04:12,37.1420,-122.5168, 1364,1365,1356,1390,1364,1413, 307,342,318,304,303,308, 169,46,2510,10, 21.7,17.3,7.7, 13,0,-99,28.2,28.7
00:04:18,37.1449,-122.5211, 1363,1365,1356,1390,1365,1411, 308,341,319,304,305,307, 169,46,2510,10, 21.7,17.2,7.8, 13,0,-99,28.2,28.6
00:04:24,37.1483,-122.5259, 1363,1365,1356,1391,1365,1413, 306,342,319,305,303,308, 169,46,2510,10, 21.7,17.2,7.8, 13,0,-99,28.2,28.6
00:04:30,37.1512,-122.5300, 1363,1365,1356,1390,1364,1411, 307,341,319,305,303,307, 169,46,2510,10, 21.7,17.2,7.8, 13,0,-99,28.3,28.7
00:04:36,37.1543,-122.5341, 1364,1366,1356,1390,1363,1413, 309,342,318,305,304,308, 169,46,2510,10, 21.7,17.1,7.9, 12,0,-99,28.3,28.6
00:04:42,37.1572,-122.5381, 1365,1364,1355,1390,1364,1410, 307,342,319,305,302,307, 169,47,2510,10, 21.7,17.2,7.9, 13,0,-99,28.2,28.7
00:04:48,37.1601,-122.5422, 1363,1365,1353,1390,1363,1410, 307,343,319,304,302,308, 169,46,2510,10, 21.7,17.1,7.9, 13,0,-99,28.2,28.7
00:04:54,37.1631,-122.5463, 1362,1365,1354,1387,1363,1413, 307,343,320,304,303,307, 169,46,2510,10, 21.7,17.1,7.9, 13,0,-99,28.2,28.7
00:05:00,37.1660,-122.5504, 1362,1363,1355,1388,1363,1413, 308,342,318,305,304,309, 169,46,2510,10, 21.7,17.2,8.0, 13,0,-99,28.2,28.7
00:05:06,37.1692,-122.5552, 1363,1363,1355,1388,1364,1413, 308,344,319,303,303,310, 169,46,2510,10, 21.7,17.1,8.0, 13,0,-99,28.3,28.7
00:05:12,37.1722,-122.5593, 1362,1363,1355,1388,1365,1411, 308,342,318,303,303,309, 169,46,2510,10, 21.7,17.2,8.0, 13,0,-99,28.3,28.7
00:05:24,37.1751,-122.5635, 1361,1365,1356,1387,1364,1413, 308,343,319,304,302,309, 169,46,2510,10, 21.7,17.2,8.1, 13,0,-99,28.2,28.7
00:05:30,37.1782,-122.5674, 1362,1365,1356,1387,1365,1413, 309,344,318,304,304,310, 169,46,2510,10, 21.7,17.2,8.1, 13,0,-99,28.2,28.7
00:05:36,37.1813,-122.5715, 1363,1365,1356,1388,1363,1411, 306,341,317,303,302,307, 170,46,2510,10, 21.7,17.3,8.1, 13,0,-99,28.2,28.7
00:05:42,37.1842,-122.5755, 1363,1365,1357,1390,1365,1411, 307,341,316,303,301,307, 170,46,2510,10, 21.7,17.2,8.2, 13,0,-99,28.3,28.6
00:05:48,37.1871,-122.5796, 1365,1364,1357,1390,1365,1413, 306,342,318,303,300,306, 169,46,2510,10, 21.7,17.2,8.2, 13,0,-99,28.3,28.8
00:05:54,37.1900,-122.5837, 1364,1365,1356,1390,1365,1414, 306,341,317,303,301,307, 169,46,2510,10, 21.7,17.2,8.2, 13,0,-99,28.3,28.6
00:06:00,37.1929,-122.5878, 1365,1365,1356,1390,1367,1411, 308,343,319,306,304,310, 169,46,2510,10, 21.7,17.2,8.2, 13,0,-99,28.2,28.7
00:06:06,37.1964,-122.5926, 1364,1365,1356,1388,1365,1413, 308,343,318,304,304,309, 169,46,2510,10, 21.7,17.2,8.3, 13,0,-99,28.2,28.7
00:06:12,37.1995,-122.5966, 1364,1366,1356,1391,1367,1411, 309,343,320,305,304,309, 169,46,2510,10, 21.7,17.2,8.3, 13,0,-99,28.2,28.7
00:06:18,37.2029,-122.6016, 1363,1365,1356,1393,1367,1413, 309,343,318,304,303,309, 169,46,2510,10, 21.7,17.2,8.3, 13,0,-99,28.3,28.7
00:06:24,37.2058,-122.6057, 1364,1367,1357,1390,1367,1413, 309,344,320,305,303,309, 169,46,2510,10, 21.7,17.2,8.4, 13,0,-99,28.3,28.6
00:06:30,37.2089,-122.6100, 1365,1367,1357,1391,1366,1413, 309,345,319,305,303,311, 169,46,2510,10, 21.8,17.2,8.4, 13,0,-99,28.2,28.7
00:06:36,37.2120,-122.6141, 1365,1366,1358,1390,1367,1414, 308,343,320,305,303,309, 169,46,2510,10, 21.8,17.1,8.4, 13,0,-99,28.2,28.7
00:06:42,37.2151,-122.6184, 1365,1365,1357,1390,1367,1413, 308,343,319,304,302,310, 169,47,2510,10, 21.8,17.2,8.4, 13,0,-99,28.3,28.7
00:06:48,37.2182,-122.6225, 1364,1364,1357,1390,1364,1413, 308,343,318,305,304,309, 169,46,2510,10, 21.8,17.2,8.5, 13,0,-99,28.3,28.7
00:06:54,37.2213,-122.6266, 1364,1364,1357,1391,1364,1414, 307,344,320,305,302,309, 169,46,2510,10, 21.8,17.2,8.5, 13,0,-99,28.3,28.6
00:07:00,37.2247,-122.6318, 1364,1364,1357,1390,1364,1413, 307,342,318,305,302,308, 169,46,2510,10, 21.8,17.2,8.5, 13,0,-99,28.2,28.8
00:07:06,37.2276,-122.6361, 1364,1364,1357,1390,1365,1413, 307,342,320,305,303,308, 169,46,2510,11, 21.8,17.2,8.6, 13,0,-99,28.3,28.7
00:07:12,37.2307,-122.6402, 1362,1364,1356,1388,1365,1414, 308,343,318,304,303,308, 169,46,2510,11, 21.8,17.2,8.6, 13,0,-99,28.2,28.7
00:07:18,37.2336,-122.6445, 1363,1364,1356,1390,1365,1414, 308,342,318,304,303,307, 169,46,2510,10, 21.8,17.2,8.6, 13,0,-99,28.2,28.7
00:07:24,37.2367,-122.6486, 1363,1363,1356,1388,1363,1412, 306,342,318,303,301,308, 169,46,2510,10, 21.8,17.2,8.7, 13,0,-99,28.2,28.7
00:07:30,37.2401,-122.6536, 1364,1364,1356,1388,1363,1411, 306,342,318,303,301,307, 169,46,2510,10, 21.8,17.2,8.7, 13,0,-99,28.3,28.6
00:07:36,37.2432,-122.6577, 1365,1365,1356,1390,1367,1413, 306,342,320,305,302,307, 169,46,2510,11, 21.8,18.1,8.7, 13,0,-99,28.3,28.7
00:07:42,37.2461,-122.6618, 1363,1363,1357,1390,1365,1412, 307,341,317,305,303,307, 169,46,2510,11, 21.8,17.3,8.7, 13,0,-99,28.2,28.7
00:07:48,37.2491,-122.6659, 1363,1363,1356,1388,1363,1413, 307,342,319,303,301,306, 169,46,2510,11, 21.8,17.2,8.8, 13,0,-99,28.3,28.8
00:07:54,37.2520,-122.6701, 1363,1362,1355,1390,1363,1413, 304,341,318,304,302,306, 169,46,2510,11, 21.7,17.2,8.8, 13,0,-99,28.3,28.7
00:08:00,37.2551,-122.6742, 1362,1363,1353,1388,1360,1411, 306,342,320,303,302,306, 169,46,2510,11, 21.7,17.2,8.8, 13,0,-99,28.3,28.7
00:08:06,37.2583,-122.6790, 1360,1362,1353,1388,1362,1412, 305,339,316,303,301,305, 169,47,2510,11, 21.7,17.2,8.9, 13,0,-99,28.2,28.6
00:08:12,37.2613,-122.6831, 1362,1362,1353,1388,1362,1411, 305,340,317,302,300,305, 169,46,2510,11, 21.7,17.2,8.9, 13,0,-99,28.3,28.6
00:08:18,37.2642,-122.6872, 1360,1363,1353,1387,1362,1412, 306,340,315,302,301,305, 169,46,2510,11, 21.7,17.2,8.9, 13,0,-99,28.2,28.7
00:08:30,37.2676,-122.6920, 1362,1363,1353,1387,1360,1411, 306,341,319,303,301,307, 169,46,2510,11, 21.7,17.2,9.0, 13,0,-99,28.3,28.6
00:08:36,37.2704,-122.6962, 1362,1363,1355,1387,1363,1412, 308,342,318,302,302,307, 169,46,2510,11, 21.7,17.2,9.0, 12,0,-99,28.2,28.6
00:08:42,37.2733,-122.7003, 1360,1362,1355,1388,1363,1413, 305,342,318,303,301,306, 169,46,2510,11, 21.7,17.2,9.0, 13,0,-99,28.2,28.6
00:08:48,37.2762,-122.7044, 1362,1362,1352,1387,1362,1411, 307,342,317,302,303,306, 170,46,2510,11, 21.7,17.3,9.0, 13,0,-99,28.3,28.7
00:08:54,37.2796,-122.7092, 1360,1362,1353,1387,1362,1410, 307,341,319,305,302,307, 170,46,2510,11, 21.7,17.2,9.1, 12,0,-99,28.3,28.7
00:09:00,37.2825,-122.7133, 1360,1362,1353,1388,1363,1411, 308,343,320,303,303,307, 170,46,2510,11, 21.7,17.2,9.1, 12,0,-99,28.2,28.7
00:09:06,37.2855,-122.7171, 1362,1363,1353,1388,1363,1411, 308,343,318,304,303,308, 170,46,2510,11, 21.7,17.2,9.1, 13,0,-99,28.2,28.8
00:09:12,37.2885,-122.7211, 1362,1362,1353,1387,1363,1412, 309,343,317,303,302,308, 170,46,2510,11, 21.7,17.2,9.2, 13,0,-99,28.2,28.7
00:09:18,37.2920,-122.7257, 1362,1362,1353,1386,1362,1413, 308,343,318,303,305,308, 170,46,2510,11, 21.7,17.1,9.2, 13,0,-99,28.3,28.6
00:09:24,37.2949,-122.7296, 1360,1363,1353,1387,1362,1411, 307,343,319,305,303,307, 170,46,2510,11, 21.7,17.2,9.2, 12,0,-99,28.3,28.6
00:09:30,37.2978,-122.7336, 1362,1362,1353,1387,1362,1411, 309,342,319,303,303,307, 170,46,2510,11, 21.7,17.2,9.3, 13,0,-99,28.3,28.7
00:09:36,37.3006,-122.7377, 1363,1362,1353,1388,1363,1410, 307,342,320,305,303,307, 170,46,2510,11, 21.7,17.2,9.3, 12,0,-99,28.3,28.7
00:09:42,37.3038,-122.7423, 1362,1363,1355,1388,1362,1410, 308,343,320,305,304,308, 170,46,2510,10, 21.7,17.2,9.3, 13,0,-99,28.2,28.6
00:09:48,37.3067,-122.7465, 1360,1362,1355,1388,1363,1411, 309,342,320,305,305,308, 170,46,2510,10, 21.7,17.2,9.3, 13,0,-99,28.2,28.6
00:09:54,37.3102,-122.7511, 1360,1363,1355,1388,1363,1410, 310,344,321,305,304,310, 170,46,2510,10, 21.7,17.2,9.4, 13,0,-99,28.3,28.7
00:10:00,37.3134,-122.7559, 1361,1362,1354,1387,1362,1410, 310,344,319,305,305,310, 170,46,2510,11, 21.7,17.3,9.4, 13,0,-99,28.3,28.8
00:10:06,37.3164,-122.7602, 1361,1362,1354,1387,1362,1409, 308,343,318,304,304,307, 170,46,2510,11, 21.7,17.2,9.4, 13,0,-99,28.2,28.7
00:10:12,37.3193,-122.7643, 1361,1361,1353,1387,1363,1409, 308,343,319,303,303,308, 170,46,2510,11, 21.7,17.1,9.5, 13,0,-99,28.2,28.6
00:10:18,37.3222,-122.7683, 1363,1360,1353,1389,1363,1410, 308,344,318,303,303,308, 170,46,2510,11, 21.7,17.2,9.5, 13,0,-99,28.2,28.7
00:10:24,37.3253,-122.7724, 1361,1359,1353,1387,1361,1410, 306,343,320,305,303,307, 170,46,2510,11, 21.7,17.2,9.5, 13,0,-99,28.2,28.6
00:10:30,37.3282,-122.7765, 1361,1360,1353,1387,1362,1410, 307,342,317,303,304,309, 170,46,2510,11, 21.7,17.2,9.6, 13,0,-99,28.2,28.7
00:10:36,37.3311,-122.7806, 1361,1361,1354,1386,1362,1410, 307,341,318,304,304,308, 170,46,2510,11, 21.7,17.2,9.6, 13,0,-99,28.2,28.7
00:10:42,37.3339,-122.7847, 1359,1362,1353,1387,1361,1412, 308,342,318,303,304,308, 170,46,2510,11, 21.7,17.2,9.6, 13,0,-99,28.2,28.6
00:10:54,37.3368,-122.7889, 1360,1362,1354,1387,1361,1410, 308,342,318,303,303,308, 171,46,2510,11, 21.7,17.2,9.6, 13,0,-99,28.2,28.6
00:11:00,37.3402,-122.7937, 1361,1361,1354,1387,1361,1410, 308,342,318,305,304,306, 171,46,2510,11, 21.7,17.2,9.7, 13,0,-99,28.2,28.7
00:11:06,37.3431,-122.7978, 1362,1362,1353,1387,1361,1412, 307,343,320,305,304,309, 170,46,2510,11, 21.7,17.2,9.7, 13,0,-99,28.2,28.7
00:11:12,37.3462,-122.8019, 1361,1362,1353,1387,1361,1412, 308,343,320,303,304,309, 170,46,2510,11, 21.7,17.2,9.7, 13,0,-99,28.2,28.7
00:11:18,37.3491,-122.8060, 1361,1362,1354,1387,1361,1410, 308,343,319,304,305,308, 170,46,2510,11, 21.7,17.2,9.8, 13,0,-99,28.2,28.7
00:11:24,37.3522,-122.8100, 1361,1361,1354,1389,1363,1412, 308,343,318,303,304,308, 170,46,2510,11, 21.7,17.2,9.8, 13,0,-99,28.2,28.6
00:11:30,37.3552,-122.8141, 1362,1361,1354,1387,1361,1410, 308,342,319,305,304,308, 170,46,2510,11, 21.7,17.2,9.8, 13,0,-99,28.3,28.7
00:11:36,37.3581,-122.8182, 1361,1362,1354,1387,1363,1413, 308,344,321,305,304,308, 170,46,2510,11, 21.7,17.1,9.8, 13,0,-99,28.2,28.7
00:11:42,37.3615,-122.8230, 1362,1361,1354,1387,1363,1413, 308,344,320,305,304,308, 170,46,2510,10, 21.7,17.1,9.9, 13,0,-99,28.2,28.6
00:11:48,37.3643,-122.8271, 1361,1362,1353,1387,1362,1412, 309,343,320,306,305,308, 170,46,2510,10, 21.7,17.1,9.9, 13,0,-99,28.2,28.6
00:11:54,37.3677,-122.8318, 1362,1361,1354,1389,1361,1410, 309,343,320,307,303,308, 170,46,2510,10, 21.7,17.2,9.9, 13,0,-99,28.2,28.7
00:12:00,37.3706,-122.8359, 1363,1360,1354,1389,1362,1410, 309,344,320,306,304,308, 170,46,2510,10, 21.7,17.2,10.0, 13,0,-99,28.3,28.6
00:12:06,37.3730,-122.8393, 1363,1362,1355,1387,1362,1410, 308,343,319,306,305,309, 170,46,2510,10, 21.7,17.1,10.0, 13,0,-99,28.3,28.6
00:12:12,37.3766,-122.8441, 1361,1361,1355,1387,1362,1412, 308,343,319,305,305,308, 170,46,2510,10, 21.7,17.2,10.0, 13,0,-99,28.3,28.7
00:12:18,37.3795,-122.8483, 1364,1364,1354,1387,1364,1413, 308,343,320,306,305,308, 170,46,2510,10, 21.8,17.2,10.1, 13,0,-99,28.3,28.7
00:12:24,37.3823,-122.8524, 1362,1363,1354,1387,1363,1413, 308,343,319,306,304,308, 170,46,2510,10, 21.7,17.2,10.1, 13,0,-99,28.3,28.7
00:12:30,37.3857,-122.8572, 1361,1361,1355,1387,1364,1413, 309,343,319,306,305,309, 170,46,2510,10, 21.7,17.2,10.1, 13,0,-99,28.2,28.7
00:12:36,37.3886,-122.8615, 1361,1363,1355,1387,1361,1410, 309,343,320,304,304,309, 170,46,2510,10, 21.7,17.2,10.1, 13,0,-99,28.2,28.7
00:12:42,37.3915,-122.8654, 1362,1362,1354,1387,1362,1412, 308,344,320,305,302,307, 170,46,2510,10, 21.7,17.1,10.2, 13,0,-99,28.3,28.6
00:12:48,37.3945,-122.8695, 1363,1362,1355,1390,1364,1413, 306,341,318,304,302,306, 170,46,2510,10, 21.7,17.2,10.2, 13,0,-99,28.2,28.7
00:12:54,37.3976,-122.8737, 1364,1362,1356,1390,1361,1412, 308,344,319,305,303,309, 170,46,2510,10, 21.7,17.2,10.2, 13,0,-99,28.2,28.6
00:13:00,37.4010,-122.8786, 1362,1363,1354,1387,1361,1411, 308,342,319,305,305,308, 170,46,2510,10, 21.7,17.2,10.3, 13,0,-99,28.2,28.6
00:13:06,37.4039,-122.8828, 1362,1364,1355,1387,1363,1413, 308,344,319,305,305,309, 170,46,2510,10, 21.8,17.2,10.3, 13,0,-99,28.2,28.7
00:13:12,37.4068,-122.8870, 1364,1363,1355,1386,1362,1413, 306,344,319,305,303,308, 169,46,2510,10, 21.8,17.2,10.3, 13,0,-99,28.2,28.7
00:13:18,37.4097,-122.8912, 1363,1361,1355,1388,1364,1412, 309,343,319,304,303,308, 169,46,2510,10, 21.8,17.2,10.4, 13,0,-99,28.2,28.6
00:13:24,37.4128,-122.8953, 1361,1363,1355,1388,1364,1412, 308,342,320,305,304,307, 169,46,2510,10, 21.8,17.2,10.4, 13,0,-99,28.3,28.8
00:13:30,37.4159,-122.8994, 1362,1365,1357,1388,1365,1413, 307,343,317,303,303,308, 169,46,2510,10, 21.8,17.2,10.4, 13,0,-99,28.3,28.6
00:13:36,37.4194,-122.9042, 1361,1363,1356,1387,1361,1414, 307,343,318,303,302,308, 169,46,2510,10, 21.8,17.2,10.4, 13,0,-99,28.2,28.7
00:13:42,37.4224,-122.9083, 1363,1363,1355,1387,1364,1414, 308,343,319,305,304,307, 169,46,2510,10, 21.7,17.3,10.5, 13,0,-99,28.3,28.6
00:13:48,37.4252,-122.9126, 1362,1362,1355,1388,1362,1412, 307,342,316,303,303,309, 169,46,2510,10, 21.7,17.2,10.5, 13,0,-99,28.2,28.6
00:14:00,37.4281,-122.9167, 1361,1362,1353,1387,1362,1411, 306,343,319,304,303,307, 170,46,2510,10, 21.7,17.2,10.5, 13,0,-99,28.2,28.7
00:14:06,37.4309,-122.9210, 1361,1361,1354,1386,1362,1410, 307,342,318,305,304,307, 170,46,2510,11, 21.7,17.2,10.6, 13,0,-99,28.3,28.6
00:14:12,37.4345,-122.9257, 1362,1362,1355,1386,1361,1412, 307,342,318,305,302,307, 170,46,2510,11, 21.7,17.2,10.6, 12,0,-99,28.2,28.7
00:14:18,37.4376,-122.9296, 1362,1363,1355,1387,1362,1411, 307,343,320,305,302,307, 170,46,2510,10, 21.7,17.2,10.6, 13,0,-99,28.3,28.7
00:14:24,37.4405,-122.9337, 1361,1363,1355,1387,1362,1412, 308,343,318,303,304,307, 170,46,2510,10, 21.7,17.3,10.6, 13,0,-99,28.2,28.8
00:14:30,37.4436,-122.9379, 1363,1364,1355,1387,1363,1412, 308,342,319,303,305,307, 169,46,2510,10, 21.8,17.2,10.7, 13,0,-99,28.2,28.7
00:14:36,37.4465,-122.9420, 1362,1363,1355,1388,1364,1411, 307,341,319,304,303,305, 169,46,2510,10, 21.8,17.1,10.7, 12,0,-99,28.3,28.7
00:14:42,37.4499,-122.9470, 1363,1363,1355,1386,1362,1413, 308,342,318,304,304,308, 169,46,2510,10, 21.8,17.4,10.7, 13,0,-99,28.2,28.7
00:14:48,37.4528,-122.9512, 1364,1364,1356,1389,1364,1412, 306,342,319,305,304,307, 169,46,2510,10, 21.8,17.2,10.8, 13,0,-99,28.2,28.7
00:14:54,37.4557,-122.9557, 1362,1364,1356,1389,1364,1412, 307,341,317,305,304,306, 169,46,2510,10, 21.8,17.2,10.8, 13,0,-99,28.2,28.7
00:15:00,37.4592,-122.9607, 1364,1365,1357,1391,1364,1415, 305,341,318,302,301,305, 169,46,2510,10, 21.8,17.2,10.8, 13,0,-99,28.2,28.7
00:15:06,37.4623,-122.9650, 1364,1364,1356,1390,1363,1415, 305,341,318,303,302,305, 169,46,2510,10, 21.8,17.2,10.9, 12,0,-99,28.2,28.7
00:15:12,37.4654,-122.9693, 1364,1365,1356,1389,1363,1416, 305,342,317,302,300,306, 169,46,2510,10, 21.8,17.2,10.9, 13,0,-99,28.3,28.7
00:15:18,37.4685,-122.9734, 1364,1364,1358,1389,1365,1414, 306,339,317,302,301,304, 169,46,2510,10, 21.8,17.2,10.9, 13,0,-99,28.2,28.7
00:15:24,37.4717,-122.9775, 1362,1364,1356,1389,1365,1415, 306,340,317,303,301,305, 169,47,2510,10, 21.8,17.2,10.9, 13,0,-99,28.3,28.7
00:15:30,37.4750,-122.9816, 1363,1365,1356,1389,1364,1413, 305,339,316,303,301,305, 169,47,2510,10, 21.8,17.2,11.0, 13,0,-99,28.2,28.7
00:15:36,37.4786,-122.9866, 1364,1363,1358,1390,1365,1414, 305,340,316,301,300,304, 168,46,2510,10, 21.8,17.2,11.0, 13,0,-99,28.2,28.7
00:15:42,37.4815,-122.9909, 1365,1364,1356,1390,1366,1413, 304,340,315,301,301,305, 168,46,2520,10, 21.8,17.2,11.0, 13,0,-99,28.2,28.6
00:15:48,37.4844,-122.9954, 1365,1366,1356,1391,1366,1414, 305,339,314,300,300,305, 168,47,2510,10, 21.8,17.2,11.1, 13,0,-99,28.2,28.6
00:15:54,37.4873,-122.9997, 1364,1366,1356,1390,1365,1415, 305,339,315,300,300,305, 168,46,2520,10, 21.8,17.2,11.1, 13,0,-99,28.2,28.7
00:16:00,37.4908,-123.0046, 1363,1366,1357,1390,1364,1416, 305,339,316,303,299,304, 168,47,2510,10, 21.8,17.2,11.1, 13,0,-99,28.3,28.7
00:16:06,37.4939,-123.0089, 1364,1365,1356,1390,1366,1416, 306,341,316,303,300,305, 168,47,2510,10, 21.8,17.2,11.2, 12,0,-99,28.3,28.7
00:16:12,37.4969,-123.0132, 1364,1364,1356,1390,1364,1414, 307,340,316,302,302,306, 168,47,2510,10, 21.8,17.1,11.2, 13,0,-99,28.2,28.7
00:16:18,37.4999,-123.0173, 1364,1366,1357,1388,1365,1415, 305,340,317,303,302,305, 168,46,2510,10, 21.7,17.2,11.2, 13,0,-99,28.2,28.6
